#
# There is insufficient memory for the Java Runtime Environment to continue.
# Native memory allocation (malloc) failed to allocate 583056 bytes. Error detail: Chunk::new
# Possible reasons:
#   The system is out of physical RAM or swap space
#   This process is running with CompressedOops enabled, and the Java Heap may be blocking the growth of the native heap
# Possible solutions:
#   Reduce memory load on the system
#   Increase physical memory or swap space
#   Check if swap backing store is full
#   Decrease Java heap size (-Xmx/-Xms)
#   Decrease number of Java threads
#   Decrease Java thread stack sizes (-Xss)
#   Set larger code cache with -XX:ReservedCodeCacheSize=
#   JVM is running with Unscaled Compressed Oops mode in which the Java heap is
#     placed in the first 4GB address space. The Java Heap base address is the
#     maximum limit for the native heap growth. Please use -XX:HeapBaseMinAddress
#     to set the Java Heap base and to place the Java Heap above 4GB virtual address.
# This output file may be truncated or incomplete.
#
#  Out of Memory Error (arena.cpp:168), pid=28168, tid=56552
#
# JRE version: OpenJDK Runtime Environment Temurin-21.0.7+6 (21.0.7+6) (build 21.0.7+6-LTS)
# Java VM: OpenJDK 64-Bit Server VM Temurin-21.0.7+6 (21.0.7+6-LTS, mixed mode, sharing, tiered, compressed oops, compressed class ptrs, parallel gc, windows-amd64)
# No core dump will be written. Minidumps are not enabled by default on client versions of Windows
#

---------------  S U M M A R Y ------------

Command Line: --add-modules=ALL-SYSTEM --add-opens=java.base/java.util=ALL-UNNAMED --add-opens=java.base/java.lang=ALL-UNNAMED --add-opens=java.base/sun.nio.fs=ALL-UNNAMED -Declipse.application=org.eclipse.jdt.ls.core.id1 -Dosgi.bundles.defaultStartLevel=4 -Declipse.product=org.eclipse.jdt.ls.core.product -Djava.import.generatesMetadataFilesAtProjectRoot=false -DDetectVMInstallationsJob.disabled=true -Dfile.encoding=utf8 -XX:+UseParallelGC -XX:GCTimeRatio=4 -XX:AdaptiveSizePolicyWeight=90 -Dsun.zip.disableMemoryMapping=true -Xmx1G -Xms100m -Xlog:disable -javaagent:c:\Users\86201\.cursor\extensions\redhat.java-1.42.0-win32-x64\lombok\lombok-1.18.36.jar -XX:+HeapDumpOnOutOfMemoryError -XX:HeapDumpPath=c:\Users\86201\AppData\Roaming\Cursor\User\workspaceStorage\24a3691538bd403364500914081d71a8\redhat.java -Daether.dependencyCollector.impl=bf c:\Users\86201\.cursor\extensions\redhat.java-1.42.0-win32-x64\server\plugins\org.eclipse.equinox.launcher_1.7.0.v20250424-1814.jar -configuration c:\Users\86201\AppData\Roaming\Cursor\User\globalStorage\redhat.java\1.42.0\config_win -data c:\Users\86201\AppData\Roaming\Cursor\User\workspaceStorage\24a3691538bd403364500914081d71a8\redhat.java\jdt_ws --pipe=\\.\pipe\lsp-d124ecff2fe623512e27feaf09782bdb-sock

Host: AMD Ryzen 7 5800H with Radeon Graphics         , 16 cores, 13G,  Windows 11 , 64 bit Build 22621 (10.0.22621.5262)
Time: Sat May 17 18:57:37 2025  Windows 11 , 64 bit Build 22621 (10.0.22621.5262) elapsed time: 30.162138 seconds (0d 0h 0m 30s)

---------------  T H R E A D  ---------------

Current thread (0x000001fa26315870):  JavaThread "C2 CompilerThread0" daemon [_thread_in_native, id=56552, stack(0x000000470fa00000,0x000000470fb00000) (1024K)]


Current CompileTask:
C2:30162 8200   !   4       org.eclipse.osgi.internal.loader.BundleLoader::findClass0 (491 bytes)

Stack: [0x000000470fa00000,0x000000470fb00000]
Native frames: (J=compiled Java code, j=interpreted, Vv=VM code, C=native code)
V  [jvm.dll+0x6ce119]
V  [jvm.dll+0x8a84a1]
V  [jvm.dll+0x8aa9ce]
V  [jvm.dll+0x8ab0b3]
V  [jvm.dll+0x27f8a6]
V  [jvm.dll+0xc507d]
V  [jvm.dll+0xc55b3]
V  [jvm.dll+0x2f2c6d]
V  [jvm.dll+0x5f6bca]
V  [jvm.dll+0x250cb2]
V  [jvm.dll+0x24947c]
V  [jvm.dll+0x246fc4]
V  [jvm.dll+0x1c760e]
V  [jvm.dll+0x25695a]
V  [jvm.dll+0x254efa]
V  [jvm.dll+0x3f03f6]
V  [jvm.dll+0x851f6b]
V  [jvm.dll+0x6cc7dd]
C  [ucrtbase.dll+0x29333]
C  [KERNEL32.DLL+0x1259d]
C  [ntdll.dll+0x5af58]


---------------  P R O C E S S  ---------------

Threads class SMR info:
_java_thread_list=0x000001fa7f9c5180, length=53, elements={
0x000001fa23efd860, 0x000001fa7cb2af80, 0x000001fa7cb2c320, 0x000001fa7cb2e520,
0x000001fa7cb2f430, 0x000001fa7cb32460, 0x000001fa7cb37960, 0x000001fa26315870,
0x000001fa26328840, 0x000001fa7cc39470, 0x000001fa7e425ea0, 0x000001fa7e96da90,
0x000001fa2632a2e0, 0x000001fa7ec30600, 0x000001fa7ed47ba0, 0x000001fa7e5f2b10,
0x000001fa7e6c3fd0, 0x000001fa7eb83de0, 0x000001fa7eb84470, 0x000001fa7eb80ff0,
0x000001fa7eb81680, 0x000001fa7eb823a0, 0x000001fa7eb82a30, 0x000001fa043a6360,
0x000001fa043a4290, 0x000001fa043a7710, 0x000001fa043a7080, 0x000001fa043a8ac0,
0x000001fa043a69f0, 0x000001fa043a9150, 0x000001fa043a4920, 0x000001fa043a9e70,
0x000001fa043a7da0, 0x000001fa043a4fb0, 0x000001fa043a8430, 0x000001fa043a97e0,
0x000001fa043a5640, 0x000001fa043a5cd0, 0x000001fa043aa500, 0x000001fa043aab90,
0x000001fa043ab220, 0x000001fa043ab8b0, 0x000001fa044d11d0, 0x000001fa044d3fc0,
0x000001fa044ce3e0, 0x000001fa044d5a00, 0x000001fa044d4650, 0x000001fa044d0b40,
0x000001fa044cea70, 0x000001fa044cf100, 0x000001fa044d4ce0, 0x000001fa044d04b0,
0x000001fa044d1860
}

Java Threads: ( => current thread )
  0x000001fa23efd860 JavaThread "main"                              [_thread_blocked, id=33060, stack(0x000000470f000000,0x000000470f100000) (1024K)]
  0x000001fa7cb2af80 JavaThread "Reference Handler"          daemon [_thread_blocked, id=59692, stack(0x000000470f400000,0x000000470f500000) (1024K)]
  0x000001fa7cb2c320 JavaThread "Finalizer"                  daemon [_thread_blocked, id=57952, stack(0x000000470f500000,0x000000470f600000) (1024K)]
  0x000001fa7cb2e520 JavaThread "Signal Dispatcher"          daemon [_thread_blocked, id=45436, stack(0x000000470f600000,0x000000470f700000) (1024K)]
  0x000001fa7cb2f430 JavaThread "Attach Listener"            daemon [_thread_blocked, id=59076, stack(0x000000470f700000,0x000000470f800000) (1024K)]
  0x000001fa7cb32460 JavaThread "Service Thread"             daemon [_thread_blocked, id=57044, stack(0x000000470f800000,0x000000470f900000) (1024K)]
  0x000001fa7cb37960 JavaThread "Monitor Deflation Thread"   daemon [_thread_blocked, id=56028, stack(0x000000470f900000,0x000000470fa00000) (1024K)]
=>0x000001fa26315870 JavaThread "C2 CompilerThread0"         daemon [_thread_in_native, id=56552, stack(0x000000470fa00000,0x000000470fb00000) (1024K)]
  0x000001fa26328840 JavaThread "C1 CompilerThread0"         daemon [_thread_blocked, id=50688, stack(0x000000470fb00000,0x000000470fc00000) (1024K)]
  0x000001fa7cc39470 JavaThread "Common-Cleaner"             daemon [_thread_blocked, id=48284, stack(0x000000470fc00000,0x000000470fd00000) (1024K)]
  0x000001fa7e425ea0 JavaThread "Notification Thread"        daemon [_thread_blocked, id=44180, stack(0x000000470ff00000,0x0000004710000000) (1024K)]
  0x000001fa7e96da90 JavaThread "Active Thread: Equinox Container: 47b314ba-656c-466b-b238-92ab22d20f6d"        [_thread_blocked, id=45852, stack(0x0000004710700000,0x0000004710800000) (1024K)]
  0x000001fa2632a2e0 JavaThread "Refresh Thread: Equinox Container: 47b314ba-656c-466b-b238-92ab22d20f6d" daemon [_thread_blocked, id=5328, stack(0x000000470fd00000,0x000000470fe00000) (1024K)]
  0x000001fa7ec30600 JavaThread "Framework Event Dispatcher: Equinox Container: 47b314ba-656c-466b-b238-92ab22d20f6d" daemon [_thread_blocked, id=47672, stack(0x000000470fe00000,0x000000470ff00000) (1024K)]
  0x000001fa7ed47ba0 JavaThread "Start Level: Equinox Container: 47b314ba-656c-466b-b238-92ab22d20f6d" daemon [_thread_blocked, id=41920, stack(0x0000004710000000,0x0000004710100000) (1024K)]
  0x000001fa7e5f2b10 JavaThread "Bundle File Closer"         daemon [_thread_blocked, id=47196, stack(0x0000004710c00000,0x0000004710d00000) (1024K)]
  0x000001fa7e6c3fd0 JavaThread "SCR Component Actor"        daemon [_thread_blocked, id=48644, stack(0x0000004710d00000,0x0000004710e00000) (1024K)]
  0x000001fa7eb83de0 JavaThread "Worker-JM"                         [_thread_blocked, id=41144, stack(0x0000004711300000,0x0000004711400000) (1024K)]
  0x000001fa7eb84470 JavaThread "JNA Cleaner"                daemon [_thread_blocked, id=58412, stack(0x0000004711200000,0x0000004711300000) (1024K)]
  0x000001fa7eb80ff0 JavaThread "Worker-0"                          [_thread_blocked, id=53068, stack(0x0000004711600000,0x0000004711700000) (1024K)]
  0x000001fa7eb81680 JavaThread "Worker-1: Refreshing workspace"        [_thread_blocked, id=56640, stack(0x0000004711100000,0x0000004711200000) (1024K)]
  0x000001fa7eb823a0 JavaThread "Worker-2"                          [_thread_blocked, id=49468, stack(0x0000004711500000,0x0000004711600000) (1024K)]
  0x000001fa7eb82a30 JavaThread "Worker-3"                          [_thread_blocked, id=50532, stack(0x0000004711700000,0x0000004711800000) (1024K)]
  0x000001fa043a6360 JavaThread "Java indexing"              daemon [_thread_blocked, id=48248, stack(0x0000004711900000,0x0000004711a00000) (1024K)]
  0x000001fa043a4290 JavaThread "Worker-4"                          [_thread_blocked, id=47116, stack(0x0000004711a00000,0x0000004711b00000) (1024K)]
  0x000001fa043a7710 JavaThread "Worker-5"                          [_thread_blocked, id=32356, stack(0x0000004711b00000,0x0000004711c00000) (1024K)]
  0x000001fa043a7080 JavaThread "Worker-6"                          [_thread_blocked, id=44904, stack(0x0000004711f00000,0x0000004712000000) (1024K)]
  0x000001fa043a8ac0 JavaThread "Worker-7"                          [_thread_blocked, id=48724, stack(0x0000004712000000,0x0000004712100000) (1024K)]
  0x000001fa043a69f0 JavaThread "Worker-8: Initialize Workspace"        [_thread_blocked, id=44192, stack(0x0000004712100000,0x0000004712200000) (1024K)]
  0x000001fa043a9150 JavaThread "Thread-2"                   daemon [_thread_in_native, id=52400, stack(0x0000004712200000,0x0000004712300000) (1024K)]
  0x000001fa043a4920 JavaThread "Thread-3"                   daemon [_thread_in_native, id=52908, stack(0x0000004712300000,0x0000004712400000) (1024K)]
  0x000001fa043a9e70 JavaThread "Thread-4"                   daemon [_thread_in_native, id=46420, stack(0x0000004712400000,0x0000004712500000) (1024K)]
  0x000001fa043a7da0 JavaThread "Thread-5"                   daemon [_thread_in_native, id=49440, stack(0x0000004712500000,0x0000004712600000) (1024K)]
  0x000001fa043a4fb0 JavaThread "Thread-6"                   daemon [_thread_in_native, id=48440, stack(0x0000004712600000,0x0000004712700000) (1024K)]
  0x000001fa043a8430 JavaThread "Thread-7"                   daemon [_thread_in_native, id=19332, stack(0x0000004712700000,0x0000004712800000) (1024K)]
  0x000001fa043a97e0 JavaThread "Thread-8"                   daemon [_thread_in_native, id=39528, stack(0x0000004712800000,0x0000004712900000) (1024K)]
  0x000001fa043a5640 JavaThread "Thread-9"                   daemon [_thread_in_native, id=6048, stack(0x0000004712900000,0x0000004712a00000) (1024K)]
  0x000001fa043a5cd0 JavaThread "Thread-10"                  daemon [_thread_in_native, id=3260, stack(0x0000004712a00000,0x0000004712b00000) (1024K)]
  0x000001fa043aa500 JavaThread "Thread-11"                  daemon [_thread_in_native, id=27960, stack(0x0000004712b00000,0x0000004712c00000) (1024K)]
  0x000001fa043aab90 JavaThread "Thread-12"                  daemon [_thread_in_native, id=36096, stack(0x0000004712c00000,0x0000004712d00000) (1024K)]
  0x000001fa043ab220 JavaThread "Thread-13"                  daemon [_thread_in_native, id=12164, stack(0x0000004712d00000,0x0000004712e00000) (1024K)]
  0x000001fa043ab8b0 JavaThread "Thread-14"                  daemon [_thread_in_native, id=34016, stack(0x0000004712e00000,0x0000004712f00000) (1024K)]
  0x000001fa044d11d0 JavaThread "Thread-15"                  daemon [_thread_in_native, id=21652, stack(0x0000004712f00000,0x0000004713000000) (1024K)]
  0x000001fa044d3fc0 JavaThread "Thread-16"                  daemon [_thread_in_native, id=26312, stack(0x0000004713000000,0x0000004713100000) (1024K)]
  0x000001fa044ce3e0 JavaThread "Thread-17"                  daemon [_thread_in_native, id=15796, stack(0x0000004713100000,0x0000004713200000) (1024K)]
  0x000001fa044d5a00 JavaThread "Thread-18"                  daemon [_thread_in_native, id=40680, stack(0x0000004713200000,0x0000004713300000) (1024K)]
  0x000001fa044d4650 JavaThread "pool-2-thread-1"                   [_thread_blocked, id=39772, stack(0x0000004713300000,0x0000004713400000) (1024K)]
  0x000001fa044d0b40 JavaThread "WorkspaceEventsHandler"            [_thread_blocked, id=39356, stack(0x0000004713400000,0x0000004713500000) (1024K)]
  0x000001fa044cea70 JavaThread "pool-1-thread-1"                   [_thread_blocked, id=52424, stack(0x0000004713500000,0x0000004713600000) (1024K)]
  0x000001fa044cf100 JavaThread "ForkJoinPool.commonPool-worker-1" daemon [_thread_blocked, id=53052, stack(0x0000004710e00000,0x0000004710f00000) (1024K)]
  0x000001fa044d4ce0 JavaThread "ForkJoinPool.commonPool-worker-2" daemon [_thread_blocked, id=51404, stack(0x0000004710f00000,0x0000004711000000) (1024K)]
  0x000001fa044d04b0 JavaThread "Timer-0"                           [_thread_blocked, id=22352, stack(0x0000004711800000,0x0000004711900000) (1024K)]
  0x000001fa044d1860 JavaThread "Connection worker"                 [_thread_in_native, id=35304, stack(0x0000004711e00000,0x0000004711f00000) (1024K)]
Total: 53

Other Threads:
  0x000001fa3a644d60 VMThread "VM Thread"                           [id=59832, stack(0x000000470f300000,0x000000470f400000) (1024K)]
  0x000001fa3a53ca00 WatcherThread "VM Periodic Task Thread"        [id=45612, stack(0x000000470f200000,0x000000470f300000) (1024K)]
  0x000001fa26292f10 WorkerThread "GC Thread#0"                     [id=60208, stack(0x000000470f100000,0x000000470f200000) (1024K)]
  0x000001fa7ebeed70 WorkerThread "GC Thread#1"                     [id=28648, stack(0x0000004710100000,0x0000004710200000) (1024K)]
  0x000001fa7ebe8760 WorkerThread "GC Thread#2"                     [id=46992, stack(0x0000004710200000,0x0000004710300000) (1024K)]
  0x000001fa7ebdd850 WorkerThread "GC Thread#3"                     [id=46372, stack(0x0000004710300000,0x0000004710400000) (1024K)]
  0x000001fa7ebddbf0 WorkerThread "GC Thread#4"                     [id=32384, stack(0x0000004710400000,0x0000004710500000) (1024K)]
  0x000001fa7eb1f510 WorkerThread "GC Thread#5"                     [id=21392, stack(0x0000004710500000,0x0000004710600000) (1024K)]
  0x000001fa7eb47f60 WorkerThread "GC Thread#6"                     [id=28288, stack(0x0000004710600000,0x0000004710700000) (1024K)]
  0x000001fa7eb48a40 WorkerThread "GC Thread#7"                     [id=38352, stack(0x0000004710800000,0x0000004710900000) (1024K)]
  0x000001fa7eb486a0 WorkerThread "GC Thread#8"                     [id=28328, stack(0x0000004710900000,0x0000004710a00000) (1024K)]
  0x000001fa7eb49180 WorkerThread "GC Thread#9"                     [id=13440, stack(0x0000004710a00000,0x0000004710b00000) (1024K)]
  0x000001fa7eb49520 WorkerThread "GC Thread#10"                    [id=7460, stack(0x0000004710b00000,0x0000004710c00000) (1024K)]
  0x000001fa7eb48300 WorkerThread "GC Thread#11"                    [id=58500, stack(0x0000004711000000,0x0000004711100000) (1024K)]
  0x000001fa7ce408b0 WorkerThread "GC Thread#12"                    [id=59904, stack(0x0000004711400000,0x0000004711500000) (1024K)]
Total: 15

Threads with active compile tasks:
C2 CompilerThread0  30231 8200   !   4       org.eclipse.osgi.internal.loader.BundleLoader::findClass0 (491 bytes)
Total: 1

VM state: not at safepoint (normal execution)

VM Mutex/Monitor currently owned by a thread: None

Heap address: 0x00000000c0000000, size: 1024 MB, Compressed Oops mode: 32-bit

CDS archive(s) mapped at: [0x000001fa3b000000-0x000001fa3bba0000-0x000001fa3bba0000), size 12189696, SharedBaseAddress: 0x000001fa3b000000, ArchiveRelocationMode: 1.
Compressed class space mapped at: 0x000001fa3c000000-0x000001fa7c000000, reserved size: 1073741824
Narrow klass base: 0x000001fa3b000000, Narrow klass shift: 0, Narrow klass range: 0x100000000

GC Precious Log:
 CardTable entry size: 512
 CPUs: 16 total, 16 available
 Memory: 14188M
 Large Page Support: Disabled
 NUMA Support: Disabled
 Compressed Oops: Enabled (32-bit)
 Alignments: Space 512K, Generation 512K, Heap 2M
 Heap Min Capacity: 100M
 Heap Initial Capacity: 100M
 Heap Max Capacity: 1G
 Pre-touch: Disabled
 Parallel Workers: 13

Heap:
 PSYoungGen      total 18944K, used 14521K [0x00000000eab00000, 0x00000000ec400000, 0x0000000100000000)
  eden space 14848K, 94% used [0x00000000eab00000,0x00000000eb8ae548,0x00000000eb980000)
  from space 4096K, 12% used [0x00000000ebc80000,0x00000000ebd00000,0x00000000ec080000)
  to   space 1536K, 0% used [0x00000000ec280000,0x00000000ec280000,0x00000000ec400000)
 ParOldGen       total 68608K, used 54886K [0x00000000c0000000, 0x00000000c4300000, 0x00000000eab00000)
  object space 68608K, 79% used [0x00000000c0000000,0x00000000c3599970,0x00000000c4300000)
 Metaspace       used 52052K, committed 53184K, reserved 1114112K
  class space    used 5676K, committed 6208K, reserved 1048576K

Card table byte_map: [0x000001fa25c10000,0x000001fa25e20000] _byte_map_base: 0x000001fa25610000

Marking Bits: (ParMarkBitMap*) 0x00007ffdacee31f0
 Begin Bits: [0x000001fa38460000, 0x000001fa39460000)
 End Bits:   [0x000001fa39460000, 0x000001fa3a460000)

Polling page: 0x000001fa24210000

Metaspace:

Usage:
  Non-class:     45.29 MB used.
      Class:      5.54 MB used.
       Both:     50.83 MB used.

Virtual space:
  Non-class space:       64.00 MB reserved,      45.88 MB ( 72%) committed,  1 nodes.
      Class space:        1.00 GB reserved,       6.06 MB ( <1%) committed,  1 nodes.
             Both:        1.06 GB reserved,      51.94 MB (  5%) committed. 

Chunk freelists:
   Non-Class:  1.20 MB
       Class:  9.97 MB
        Both:  11.17 MB

MaxMetaspaceSize: unlimited
CompressedClassSpaceSize: 1.00 GB
Initial GC threshold: 21.00 MB
Current GC threshold: 58.38 MB
CDS: on
 - commit_granule_bytes: 65536.
 - commit_granule_words: 8192.
 - virtual_space_node_default_size: 8388608.
 - enlarge_chunks_in_place: 1.
 - use_allocation_guard: 0.


Internal statistics:

num_allocs_failed_limit: 8.
num_arena_births: 828.
num_arena_deaths: 14.
num_vsnodes_births: 2.
num_vsnodes_deaths: 0.
num_space_committed: 830.
num_space_uncommitted: 0.
num_chunks_returned_to_freelist: 22.
num_chunks_taken_from_freelist: 3099.
num_chunk_merges: 9.
num_chunk_splits: 1946.
num_chunks_enlarged: 1136.
num_inconsistent_stats: 0.

CodeHeap 'non-profiled nmethods': size=119168Kb used=3640Kb max_used=3640Kb free=115527Kb
 bounds [0x000001fa31000000, 0x000001fa31390000, 0x000001fa38460000]
CodeHeap 'profiled nmethods': size=119104Kb used=15169Kb max_used=15169Kb free=103934Kb
 bounds [0x000001fa29460000, 0x000001fa2a340000, 0x000001fa308b0000]
CodeHeap 'non-nmethods': size=7488Kb used=1378Kb max_used=3031Kb free=6109Kb
 bounds [0x000001fa308b0000, 0x000001fa30bb0000, 0x000001fa31000000]
 total_blobs=8339 nmethods=7658 adapters=587
 compilation: enabled
              stopped_count=0, restarted_count=0
 full_count=0

Compilation events (20 events):
Event: 30.050 Thread 0x000001fa26328840 8342       3       java.util.Properties::<init> (8 bytes)
Event: 30.051 Thread 0x000001fa26328840 nmethod 8342 0x000001fa2a328690 code [0x000001fa2a3288a0, 0x000001fa2a328cc0]
Event: 30.061 Thread 0x000001fa26328840 8343       3       org.gradle.internal.classpath.DefaultClassPath$ImmutableUniqueList::of (63 bytes)
Event: 30.062 Thread 0x000001fa26328840 nmethod 8343 0x000001fa2a328e90 code [0x000001fa2a329180, 0x000001fa2a32a050]
Event: 30.071 Thread 0x000001fa26328840 8344       3       org.gradle.api.internal.classpath.DefaultModuleRegistry::getModules (51 bytes)
Event: 30.072 Thread 0x000001fa26328840 nmethod 8344 0x000001fa2a32a590 code [0x000001fa2a32a7a0, 0x000001fa2a32ace0]
Event: 30.072 Thread 0x000001fa26315870 nmethod 8338 0x000001fa3138b510 code [0x000001fa3138b740, 0x000001fa3138c988]
Event: 30.072 Thread 0x000001fa26315870 8182       4       jdk.internal.org.objectweb.asm.MethodWriter::visitVarInsn (302 bytes)
Event: 30.079 Thread 0x000001fa26315870 nmethod 8182 0x000001fa3138d410 code [0x000001fa3138d600, 0x000001fa3138dbb0]
Event: 30.079 Thread 0x000001fa26315870 8199       4       org.eclipse.osgi.internal.loader.BundleLoader::findClass (8 bytes)
Event: 30.080 Thread 0x000001fa26315870 nmethod 8199 0x000001fa3138df90 code [0x000001fa3138e120, 0x000001fa3138e1e0]
Event: 30.080 Thread 0x000001fa26315870 8200   !   4       org.eclipse.osgi.internal.loader.BundleLoader::findClass0 (491 bytes)
Event: 30.100 Thread 0x000001fa26328840 8346       3       java.util.HashSet::add (20 bytes)
Event: 30.100 Thread 0x000001fa26328840 nmethod 8346 0x000001fa2a32af10 code [0x000001fa2a32b0c0, 0x000001fa2a32b2f8]
Event: 30.120 Thread 0x000001fa26328840 8349       3       org.gradle.internal.classpath.DefaultClassPath::<init> (10 bytes)
Event: 30.121 Thread 0x000001fa26328840 nmethod 8349 0x000001fa2a32b390 code [0x000001fa2a32b540, 0x000001fa2a32b6c8]
Event: 30.123 Thread 0x000001fa26328840 8350       3       org.gradle.internal.classpath.DefaultClassPath::of (29 bytes)
Event: 30.124 Thread 0x000001fa26328840 nmethod 8350 0x000001fa2a32b790 code [0x000001fa2a32b960, 0x000001fa2a32bd28]
Event: 30.125 Thread 0x000001fa26328840 8352       3       org.gradle.api.internal.classpath.DefaultModuleRegistry::split (34 bytes)
Event: 30.126 Thread 0x000001fa26328840 nmethod 8352 0x000001fa2a32be90 code [0x000001fa2a32c0c0, 0x000001fa2a32c778]

GC Heap History (20 events):
Event: 22.610 GC heap before
{Heap before GC invocations=32 (full 2):
 PSYoungGen      total 16384K, used 16000K [0x00000000eab00000, 0x00000000ebc80000, 0x0000000100000000)
  eden space 14848K, 100% used [0x00000000eab00000,0x00000000eb980000,0x00000000eb980000)
  from space 1536K, 75% used [0x00000000eb980000,0x00000000ebaa0000,0x00000000ebb00000)
  to   space 1536K, 0% used [0x00000000ebb00000,0x00000000ebb00000,0x00000000ebc80000)
 ParOldGen       total 68608K, used 41923K [0x00000000c0000000, 0x00000000c4300000, 0x00000000eab00000)
  object space 68608K, 61% used [0x00000000c0000000,0x00000000c28f0d20,0x00000000c4300000)
 Metaspace       used 45602K, committed 46656K, reserved 1114112K
  class space    used 4760K, committed 5184K, reserved 1048576K
}
Event: 22.612 GC heap after
{Heap after GC invocations=32 (full 2):
 PSYoungGen      total 16384K, used 1120K [0x00000000eab00000, 0x00000000ebc80000, 0x0000000100000000)
  eden space 14848K, 0% used [0x00000000eab00000,0x00000000eab00000,0x00000000eb980000)
  from space 1536K, 72% used [0x00000000ebb00000,0x00000000ebc18000,0x00000000ebc80000)
  to   space 1536K, 0% used [0x00000000eb980000,0x00000000eb980000,0x00000000ebb00000)
 ParOldGen       total 68608K, used 42859K [0x00000000c0000000, 0x00000000c4300000, 0x00000000eab00000)
  object space 68608K, 62% used [0x00000000c0000000,0x00000000c29dad40,0x00000000c4300000)
 Metaspace       used 45602K, committed 46656K, reserved 1114112K
  class space    used 4760K, committed 5184K, reserved 1048576K
}
Event: 23.619 GC heap before
{Heap before GC invocations=33 (full 2):
 PSYoungGen      total 16384K, used 15968K [0x00000000eab00000, 0x00000000ebc80000, 0x0000000100000000)
  eden space 14848K, 100% used [0x00000000eab00000,0x00000000eb980000,0x00000000eb980000)
  from space 1536K, 72% used [0x00000000ebb00000,0x00000000ebc18000,0x00000000ebc80000)
  to   space 1536K, 0% used [0x00000000eb980000,0x00000000eb980000,0x00000000ebb00000)
 ParOldGen       total 68608K, used 42859K [0x00000000c0000000, 0x00000000c4300000, 0x00000000eab00000)
  object space 68608K, 62% used [0x00000000c0000000,0x00000000c29dad40,0x00000000c4300000)
 Metaspace       used 46806K, committed 47936K, reserved 1114112K
  class space    used 4888K, committed 5376K, reserved 1048576K
}
Event: 23.621 GC heap after
{Heap after GC invocations=33 (full 2):
 PSYoungGen      total 15872K, used 928K [0x00000000eab00000, 0x00000000ebb80000, 0x0000000100000000)
  eden space 14848K, 0% used [0x00000000eab00000,0x00000000eab00000,0x00000000eb980000)
  from space 1024K, 90% used [0x00000000eb980000,0x00000000eba68000,0x00000000eba80000)
  to   space 1024K, 0% used [0x00000000eba80000,0x00000000eba80000,0x00000000ebb80000)
 ParOldGen       total 68608K, used 43743K [0x00000000c0000000, 0x00000000c4300000, 0x00000000eab00000)
  object space 68608K, 63% used [0x00000000c0000000,0x00000000c2ab7d50,0x00000000c4300000)
 Metaspace       used 46806K, committed 47936K, reserved 1114112K
  class space    used 4888K, committed 5376K, reserved 1048576K
}
Event: 23.837 GC heap before
{Heap before GC invocations=34 (full 2):
 PSYoungGen      total 15872K, used 15771K [0x00000000eab00000, 0x00000000ebb80000, 0x0000000100000000)
  eden space 14848K, 99% used [0x00000000eab00000,0x00000000eb97efd0,0x00000000eb980000)
  from space 1024K, 90% used [0x00000000eb980000,0x00000000eba68000,0x00000000eba80000)
  to   space 1024K, 0% used [0x00000000eba80000,0x00000000eba80000,0x00000000ebb80000)
 ParOldGen       total 68608K, used 43743K [0x00000000c0000000, 0x00000000c4300000, 0x00000000eab00000)
  object space 68608K, 63% used [0x00000000c0000000,0x00000000c2ab7d50,0x00000000c4300000)
 Metaspace       used 47640K, committed 48832K, reserved 1114112K
  class space    used 4980K, committed 5504K, reserved 1048576K
}
Event: 23.838 GC heap after
{Heap after GC invocations=34 (full 2):
 PSYoungGen      total 15872K, used 882K [0x00000000eab00000, 0x00000000ebb80000, 0x0000000100000000)
  eden space 14848K, 0% used [0x00000000eab00000,0x00000000eab00000,0x00000000eb980000)
  from space 1024K, 86% used [0x00000000eba80000,0x00000000ebb5c9a8,0x00000000ebb80000)
  to   space 1024K, 0% used [0x00000000eb980000,0x00000000eb980000,0x00000000eba80000)
 ParOldGen       total 68608K, used 44491K [0x00000000c0000000, 0x00000000c4300000, 0x00000000eab00000)
  object space 68608K, 64% used [0x00000000c0000000,0x00000000c2b72c68,0x00000000c4300000)
 Metaspace       used 47640K, committed 48832K, reserved 1114112K
  class space    used 4980K, committed 5504K, reserved 1048576K
}
Event: 25.579 GC heap before
{Heap before GC invocations=35 (full 2):
 PSYoungGen      total 15872K, used 15730K [0x00000000eab00000, 0x00000000ebb80000, 0x0000000100000000)
  eden space 14848K, 100% used [0x00000000eab00000,0x00000000eb980000,0x00000000eb980000)
  from space 1024K, 86% used [0x00000000eba80000,0x00000000ebb5c9a8,0x00000000ebb80000)
  to   space 1024K, 0% used [0x00000000eb980000,0x00000000eb980000,0x00000000eba80000)
 ParOldGen       total 68608K, used 44491K [0x00000000c0000000, 0x00000000c4300000, 0x00000000eab00000)
  object space 68608K, 64% used [0x00000000c0000000,0x00000000c2b72c68,0x00000000c4300000)
 Metaspace       used 48038K, committed 49152K, reserved 1114112K
  class space    used 5011K, committed 5504K, reserved 1048576K
}
Event: 25.579 GC heap after
{Heap after GC invocations=35 (full 2):
 PSYoungGen      total 15872K, used 384K [0x00000000eab00000, 0x00000000ebb80000, 0x0000000100000000)
  eden space 14848K, 0% used [0x00000000eab00000,0x00000000eab00000,0x00000000eb980000)
  from space 1024K, 37% used [0x00000000eb980000,0x00000000eb9e0000,0x00000000eba80000)
  to   space 1024K, 0% used [0x00000000eba80000,0x00000000eba80000,0x00000000ebb80000)
 ParOldGen       total 68608K, used 45114K [0x00000000c0000000, 0x00000000c4300000, 0x00000000eab00000)
  object space 68608K, 65% used [0x00000000c0000000,0x00000000c2c0e908,0x00000000c4300000)
 Metaspace       used 48038K, committed 49152K, reserved 1114112K
  class space    used 5011K, committed 5504K, reserved 1048576K
}
Event: 27.388 GC heap before
{Heap before GC invocations=36 (full 2):
 PSYoungGen      total 15872K, used 15232K [0x00000000eab00000, 0x00000000ebb80000, 0x0000000100000000)
  eden space 14848K, 100% used [0x00000000eab00000,0x00000000eb980000,0x00000000eb980000)
  from space 1024K, 37% used [0x00000000eb980000,0x00000000eb9e0000,0x00000000eba80000)
  to   space 1024K, 0% used [0x00000000eba80000,0x00000000eba80000,0x00000000ebb80000)
 ParOldGen       total 68608K, used 45114K [0x00000000c0000000, 0x00000000c4300000, 0x00000000eab00000)
  object space 68608K, 65% used [0x00000000c0000000,0x00000000c2c0e908,0x00000000c4300000)
 Metaspace       used 48051K, committed 49152K, reserved 1114112K
  class space    used 5013K, committed 5504K, reserved 1048576K
}
Event: 27.389 GC heap after
{Heap after GC invocations=36 (full 2):
 PSYoungGen      total 15360K, used 256K [0x00000000eab00000, 0x00000000ebb00000, 0x0000000100000000)
  eden space 14848K, 0% used [0x00000000eab00000,0x00000000eab00000,0x00000000eb980000)
  from space 512K, 50% used [0x00000000eba80000,0x00000000ebac0000,0x00000000ebb00000)
  to   space 512K, 0% used [0x00000000eba00000,0x00000000eba00000,0x00000000eba80000)
 ParOldGen       total 68608K, used 45226K [0x00000000c0000000, 0x00000000c4300000, 0x00000000eab00000)
  object space 68608K, 65% used [0x00000000c0000000,0x00000000c2c2a908,0x00000000c4300000)
 Metaspace       used 48051K, committed 49152K, reserved 1114112K
  class space    used 5013K, committed 5504K, reserved 1048576K
}
Event: 29.047 GC heap before
{Heap before GC invocations=37 (full 2):
 PSYoungGen      total 15360K, used 15104K [0x00000000eab00000, 0x00000000ebb00000, 0x0000000100000000)
  eden space 14848K, 100% used [0x00000000eab00000,0x00000000eb980000,0x00000000eb980000)
  from space 512K, 50% used [0x00000000eba80000,0x00000000ebac0000,0x00000000ebb00000)
  to   space 512K, 0% used [0x00000000eba00000,0x00000000eba00000,0x00000000eba80000)
 ParOldGen       total 68608K, used 45226K [0x00000000c0000000, 0x00000000c4300000, 0x00000000eab00000)
  object space 68608K, 65% used [0x00000000c0000000,0x00000000c2c2a908,0x00000000c4300000)
 Metaspace       used 48303K, committed 49472K, reserved 1114112K
  class space    used 5056K, committed 5568K, reserved 1048576K
}
Event: 29.048 GC heap after
{Heap after GC invocations=37 (full 2):
 PSYoungGen      total 15360K, used 384K [0x00000000eab00000, 0x00000000ebb00000, 0x0000000100000000)
  eden space 14848K, 0% used [0x00000000eab00000,0x00000000eab00000,0x00000000eb980000)
  from space 512K, 75% used [0x00000000eba00000,0x00000000eba60000,0x00000000eba80000)
  to   space 512K, 0% used [0x00000000eba80000,0x00000000eba80000,0x00000000ebb00000)
 ParOldGen       total 68608K, used 45290K [0x00000000c0000000, 0x00000000c4300000, 0x00000000eab00000)
  object space 68608K, 66% used [0x00000000c0000000,0x00000000c2c3a908,0x00000000c4300000)
 Metaspace       used 48303K, committed 49472K, reserved 1114112K
  class space    used 5056K, committed 5568K, reserved 1048576K
}
Event: 29.328 GC heap before
{Heap before GC invocations=38 (full 2):
 PSYoungGen      total 15360K, used 15205K [0x00000000eab00000, 0x00000000ebb00000, 0x0000000100000000)
  eden space 14848K, 99% used [0x00000000eab00000,0x00000000eb9795d0,0x00000000eb980000)
  from space 512K, 75% used [0x00000000eba00000,0x00000000eba60000,0x00000000eba80000)
  to   space 512K, 0% used [0x00000000eba80000,0x00000000eba80000,0x00000000ebb00000)
 ParOldGen       total 68608K, used 45290K [0x00000000c0000000, 0x00000000c4300000, 0x00000000eab00000)
  object space 68608K, 66% used [0x00000000c0000000,0x00000000c2c3a908,0x00000000c4300000)
 Metaspace       used 49880K, committed 51008K, reserved 1114112K
  class space    used 5309K, committed 5824K, reserved 1048576K
}
Event: 29.329 GC heap after
{Heap after GC invocations=38 (full 2):
 PSYoungGen      total 15360K, used 486K [0x00000000eab00000, 0x00000000ebb80000, 0x0000000100000000)
  eden space 14848K, 0% used [0x00000000eab00000,0x00000000eab00000,0x00000000eb980000)
  from space 512K, 95% used [0x00000000eba80000,0x00000000ebaf99a8,0x00000000ebb00000)
  to   space 1024K, 0% used [0x00000000eb980000,0x00000000eb980000,0x00000000eba80000)
 ParOldGen       total 68608K, used 45690K [0x00000000c0000000, 0x00000000c4300000, 0x00000000eab00000)
  object space 68608K, 66% used [0x00000000c0000000,0x00000000c2c9ea90,0x00000000c4300000)
 Metaspace       used 49880K, committed 51008K, reserved 1114112K
  class space    used 5309K, committed 5824K, reserved 1048576K
}
Event: 29.538 GC heap before
{Heap before GC invocations=39 (full 2):
 PSYoungGen      total 15360K, used 15334K [0x00000000eab00000, 0x00000000ebb80000, 0x0000000100000000)
  eden space 14848K, 100% used [0x00000000eab00000,0x00000000eb980000,0x00000000eb980000)
  from space 512K, 95% used [0x00000000eba80000,0x00000000ebaf99a8,0x00000000ebb00000)
  to   space 1024K, 0% used [0x00000000eb980000,0x00000000eb980000,0x00000000eba80000)
 ParOldGen       total 68608K, used 45690K [0x00000000c0000000, 0x00000000c4300000, 0x00000000eab00000)
  object space 68608K, 66% used [0x00000000c0000000,0x00000000c2c9ea90,0x00000000c4300000)
 Metaspace       used 50454K, committed 51648K, reserved 1114112K
  class space    used 5413K, committed 5952K, reserved 1048576K
}
Event: 29.542 GC heap after
{Heap after GC invocations=39 (full 2):
 PSYoungGen      total 15872K, used 1018K [0x00000000eab00000, 0x00000000ecd80000, 0x0000000100000000)
  eden space 14848K, 0% used [0x00000000eab00000,0x00000000eab00000,0x00000000eb980000)
  from space 1024K, 99% used [0x00000000eb980000,0x00000000eba7eb68,0x00000000eba80000)
  to   space 10240K, 0% used [0x00000000ec380000,0x00000000ec380000,0x00000000ecd80000)
 ParOldGen       total 68608K, used 53237K [0x00000000c0000000, 0x00000000c4300000, 0x00000000eab00000)
  object space 68608K, 77% used [0x00000000c0000000,0x00000000c33fd5c0,0x00000000c4300000)
 Metaspace       used 50454K, committed 51648K, reserved 1114112K
  class space    used 5413K, committed 5952K, reserved 1048576K
}
Event: 29.805 GC heap before
{Heap before GC invocations=40 (full 2):
 PSYoungGen      total 15872K, used 15866K [0x00000000eab00000, 0x00000000ecd80000, 0x0000000100000000)
  eden space 14848K, 100% used [0x00000000eab00000,0x00000000eb980000,0x00000000eb980000)
  from space 1024K, 99% used [0x00000000eb980000,0x00000000eba7eb68,0x00000000eba80000)
  to   space 10240K, 0% used [0x00000000ec380000,0x00000000ec380000,0x00000000ecd80000)
 ParOldGen       total 68608K, used 53237K [0x00000000c0000000, 0x00000000c4300000, 0x00000000eab00000)
  object space 68608K, 77% used [0x00000000c0000000,0x00000000c33fd5c0,0x00000000c4300000)
 Metaspace       used 51532K, committed 52672K, reserved 1114112K
  class space    used 5613K, committed 6144K, reserved 1048576K
}
Event: 29.807 GC heap after
{Heap after GC invocations=40 (full 2):
 PSYoungGen      total 15872K, used 800K [0x00000000eab00000, 0x00000000ec480000, 0x0000000100000000)
  eden space 14848K, 0% used [0x00000000eab00000,0x00000000eab00000,0x00000000eb980000)
  from space 1024K, 78% used [0x00000000ec380000,0x00000000ec448000,0x00000000ec480000)
  to   space 4096K, 0% used [0x00000000ebc80000,0x00000000ebc80000,0x00000000ec080000)
 ParOldGen       total 68608K, used 54258K [0x00000000c0000000, 0x00000000c4300000, 0x00000000eab00000)
  object space 68608K, 79% used [0x00000000c0000000,0x00000000c34fc950,0x00000000c4300000)
 Metaspace       used 51532K, committed 52672K, reserved 1114112K
  class space    used 5613K, committed 6144K, reserved 1048576K
}
Event: 30.024 GC heap before
{Heap before GC invocations=41 (full 2):
 PSYoungGen      total 15872K, used 15648K [0x00000000eab00000, 0x00000000ec480000, 0x0000000100000000)
  eden space 14848K, 100% used [0x00000000eab00000,0x00000000eb980000,0x00000000eb980000)
  from space 1024K, 78% used [0x00000000ec380000,0x00000000ec448000,0x00000000ec480000)
  to   space 4096K, 0% used [0x00000000ebc80000,0x00000000ebc80000,0x00000000ec080000)
 ParOldGen       total 68608K, used 54258K [0x00000000c0000000, 0x00000000c4300000, 0x00000000eab00000)
  object space 68608K, 79% used [0x00000000c0000000,0x00000000c34fc950,0x00000000c4300000)
 Metaspace       used 52029K, committed 53184K, reserved 1114112K
  class space    used 5675K, committed 6208K, reserved 1048576K
}
Event: 30.025 GC heap after
{Heap after GC invocations=41 (full 2):
 PSYoungGen      total 18944K, used 512K [0x00000000eab00000, 0x00000000ec400000, 0x0000000100000000)
  eden space 14848K, 0% used [0x00000000eab00000,0x00000000eab00000,0x00000000eb980000)
  from space 4096K, 12% used [0x00000000ebc80000,0x00000000ebd00000,0x00000000ec080000)
  to   space 1536K, 0% used [0x00000000ec280000,0x00000000ec280000,0x00000000ec400000)
 ParOldGen       total 68608K, used 54886K [0x00000000c0000000, 0x00000000c4300000, 0x00000000eab00000)
  object space 68608K, 79% used [0x00000000c0000000,0x00000000c3599970,0x00000000c4300000)
 Metaspace       used 52029K, committed 53184K, reserved 1114112K
  class space    used 5675K, committed 6208K, reserved 1048576K
}

Dll operation events (11 events):
Event: 0.032 Loaded shared library c:\Users\86201\.cursor\extensions\redhat.java-1.42.0-win32-x64\jre\21.0.7-win32-x86_64\bin\java.dll
Event: 0.076 Loaded shared library c:\Users\86201\.cursor\extensions\redhat.java-1.42.0-win32-x64\jre\21.0.7-win32-x86_64\bin\zip.dll
Event: 0.198 Loaded shared library C:\Users\86201\.cursor\extensions\redhat.java-1.42.0-win32-x64\jre\21.0.7-win32-x86_64\bin\instrument.dll
Event: 0.206 Loaded shared library C:\Users\86201\.cursor\extensions\redhat.java-1.42.0-win32-x64\jre\21.0.7-win32-x86_64\bin\net.dll
Event: 0.212 Loaded shared library C:\Users\86201\.cursor\extensions\redhat.java-1.42.0-win32-x64\jre\21.0.7-win32-x86_64\bin\nio.dll
Event: 0.220 Loaded shared library C:\Users\86201\.cursor\extensions\redhat.java-1.42.0-win32-x64\jre\21.0.7-win32-x86_64\bin\zip.dll
Event: 0.252 Loaded shared library C:\Users\86201\.cursor\extensions\redhat.java-1.42.0-win32-x64\jre\21.0.7-win32-x86_64\bin\jimage.dll
Event: 0.431 Loaded shared library c:\Users\86201\.cursor\extensions\redhat.java-1.42.0-win32-x64\jre\21.0.7-win32-x86_64\bin\verify.dll
Event: 6.694 Loaded shared library C:\Users\86201\AppData\Roaming\Cursor\User\globalStorage\redhat.java\1.42.0\config_win\org.eclipse.equinox.launcher\org.eclipse.equinox.launcher.win32.win32.x86_64_1.2.1300.v20250331-1702\eclipse_11911.dll
Event: 14.569 Loaded shared library C:\Users\86201\AppData\Local\Temp\jna-53375477\jna2262551694191557824.dll
Event: 29.608 Loaded shared library D:\gradle\gradle-respository\native\1def1411415f61bf3af743bc5b6707747c0891f09f0c88961ee8f79bc544acac\windows-amd64\native-platform.dll

Deoptimization events (20 events):
Event: 29.939 Thread 0x000001fa044d1860 DEOPT PACKING pc=0x000001fa29b75226 sp=0x0000004711efd470
Event: 29.939 Thread 0x000001fa044d1860 DEOPT UNPACKING pc=0x000001fa30904242 sp=0x0000004711efc960 mode 0
Event: 29.960 Thread 0x000001fa044d1860 DEOPT PACKING pc=0x000001fa29b75226 sp=0x0000004711efd470
Event: 29.960 Thread 0x000001fa044d1860 DEOPT UNPACKING pc=0x000001fa30904242 sp=0x0000004711efc960 mode 0
Event: 29.986 Thread 0x000001fa044d1860 DEOPT PACKING pc=0x000001fa29b75226 sp=0x0000004711efd470
Event: 29.986 Thread 0x000001fa044d1860 DEOPT UNPACKING pc=0x000001fa30904242 sp=0x0000004711efc960 mode 0
Event: 30.006 Thread 0x000001fa044d1860 DEOPT PACKING pc=0x000001fa29b75226 sp=0x0000004711efd470
Event: 30.006 Thread 0x000001fa044d1860 DEOPT UNPACKING pc=0x000001fa30904242 sp=0x0000004711efc960 mode 0
Event: 30.030 Thread 0x000001fa044d1860 DEOPT PACKING pc=0x000001fa29b75226 sp=0x0000004711efd430
Event: 30.030 Thread 0x000001fa044d1860 DEOPT UNPACKING pc=0x000001fa30904242 sp=0x0000004711efc920 mode 0
Event: 30.040 Thread 0x000001fa044d1860 DEOPT PACKING pc=0x000001fa29b75226 sp=0x0000004711efd430
Event: 30.040 Thread 0x000001fa044d1860 DEOPT UNPACKING pc=0x000001fa30904242 sp=0x0000004711efc920 mode 0
Event: 30.061 Thread 0x000001fa044d1860 DEOPT PACKING pc=0x000001fa29b75226 sp=0x0000004711efd530
Event: 30.061 Thread 0x000001fa044d1860 DEOPT UNPACKING pc=0x000001fa30904242 sp=0x0000004711efca20 mode 0
Event: 30.088 Thread 0x000001fa044d1860 DEOPT PACKING pc=0x000001fa29f66e67 sp=0x0000004711efd1b0
Event: 30.088 Thread 0x000001fa044d1860 DEOPT UNPACKING pc=0x000001fa30904242 sp=0x0000004711efc720 mode 0
Event: 30.099 Thread 0x000001fa044d1860 Uncommon trap: trap_request=0xffffffc6 fr.pc=0x000001fa31042224 relative=0x0000000000000ea4
Event: 30.099 Thread 0x000001fa044d1860 Uncommon trap: reason=bimorphic_or_optimized_type_check action=maybe_recompile pc=0x000001fa31042224 method=java.util.HashMap.putVal(ILjava/lang/Object;Ljava/lang/Object;ZZ)Ljava/lang/Object; @ 203 c2
Event: 30.099 Thread 0x000001fa044d1860 DEOPT PACKING pc=0x000001fa31042224 sp=0x0000004711efd9d0
Event: 30.099 Thread 0x000001fa044d1860 DEOPT UNPACKING pc=0x000001fa30903aa2 sp=0x0000004711efd858 mode 2

Classes loaded (20 events):
Event: 28.976 Loading class java/nio/file/FileChannelLinesSpliterator
Event: 28.977 Loading class java/nio/file/FileChannelLinesSpliterator done
Event: 28.978 Loading class java/util/stream/Streams$1
Event: 28.978 Loading class java/util/stream/Streams$1 done
Event: 28.979 Loading class java/nio/file/FileChannelLinesSpliterator$1
Event: 28.979 Loading class java/nio/file/FileChannelLinesSpliterator$1 done
Event: 29.115 Loading class java/util/concurrent/CopyOnWriteArraySet
Event: 29.115 Loading class java/util/concurrent/CopyOnWriteArraySet done
Event: 29.183 Loading class java/util/concurrent/ArrayBlockingQueue
Event: 29.183 Loading class java/util/concurrent/ArrayBlockingQueue done
Event: 29.268 Loading class java/net/HttpURLConnection
Event: 29.268 Loading class java/net/HttpURLConnection done
Event: 29.276 Loading class java/io/FileFilter
Event: 29.276 Loading class java/io/FileFilter done
Event: 29.306 Loading class java/util/concurrent/ConcurrentHashMap$ValueSpliterator
Event: 29.306 Loading class java/util/concurrent/ConcurrentHashMap$ValueSpliterator done
Event: 29.307 Loading class jdk/internal/loader/BootLoader$PackageHelper
Event: 29.308 Loading class jdk/internal/loader/BootLoader$PackageHelper done
Event: 29.665 Loading class java/lang/Class$EnclosingMethodInfo
Event: 29.665 Loading class java/lang/Class$EnclosingMethodInfo done

Classes unloaded (7 events):
Event: 18.333 Thread 0x000001fa3a644d60 Unloading class 0x000001fa3c1a3800 'java/lang/invoke/LambdaForm$MH+0x000001fa3c1a3800'
Event: 18.333 Thread 0x000001fa3a644d60 Unloading class 0x000001fa3c1a3400 'java/lang/invoke/LambdaForm$MH+0x000001fa3c1a3400'
Event: 18.333 Thread 0x000001fa3a644d60 Unloading class 0x000001fa3c1a3000 'java/lang/invoke/LambdaForm$MH+0x000001fa3c1a3000'
Event: 18.333 Thread 0x000001fa3a644d60 Unloading class 0x000001fa3c1a2c00 'java/lang/invoke/LambdaForm$MH+0x000001fa3c1a2c00'
Event: 18.333 Thread 0x000001fa3a644d60 Unloading class 0x000001fa3c1a2800 'java/lang/invoke/LambdaForm$BMH+0x000001fa3c1a2800'
Event: 18.333 Thread 0x000001fa3a644d60 Unloading class 0x000001fa3c1a2400 'java/lang/invoke/LambdaForm$DMH+0x000001fa3c1a2400'
Event: 18.333 Thread 0x000001fa3a644d60 Unloading class 0x000001fa3c1a1400 'java/lang/invoke/LambdaForm$DMH+0x000001fa3c1a1400'

Classes redefined (0 events):
No events

Internal exceptions (20 events):
Event: 28.952 Thread 0x000001fa043a69f0 Exception <a 'sun/nio/fs/WindowsException'{0x00000000eb722040}> (0x00000000eb722040) 
thrown [s\src\hotspot\share\prims\jni.cpp, line 520]
Event: 28.953 Thread 0x000001fa043a69f0 Exception <a 'sun/nio/fs/WindowsException'{0x00000000eb7228b8}> (0x00000000eb7228b8) 
thrown [s\src\hotspot\share\prims\jni.cpp, line 520]
Event: 28.956 Thread 0x000001fa043a69f0 Exception <a 'sun/nio/fs/WindowsException'{0x00000000eb726de8}> (0x00000000eb726de8) 
thrown [s\src\hotspot\share\prims\jni.cpp, line 520]
Event: 28.956 Thread 0x000001fa043a69f0 Exception <a 'sun/nio/fs/WindowsException'{0x00000000eb7273b8}> (0x00000000eb7273b8) 
thrown [s\src\hotspot\share\prims\jni.cpp, line 520]
Event: 28.956 Thread 0x000001fa043a69f0 Exception <a 'sun/nio/fs/WindowsException'{0x00000000eb727988}> (0x00000000eb727988) 
thrown [s\src\hotspot\share\prims\jni.cpp, line 520]
Event: 28.956 Thread 0x000001fa043a69f0 Exception <a 'sun/nio/fs/WindowsException'{0x00000000eb727f78}> (0x00000000eb727f78) 
thrown [s\src\hotspot\share\prims\jni.cpp, line 520]
Event: 28.959 Thread 0x000001fa043a69f0 Exception <a 'sun/nio/fs/WindowsException'{0x00000000eb72c610}> (0x00000000eb72c610) 
thrown [s\src\hotspot\share\prims\jni.cpp, line 520]
Event: 28.959 Thread 0x000001fa043a69f0 Exception <a 'sun/nio/fs/WindowsException'{0x00000000eb72cbe0}> (0x00000000eb72cbe0) 
thrown [s\src\hotspot\share\prims\jni.cpp, line 520]
Event: 28.959 Thread 0x000001fa043a69f0 Exception <a 'sun/nio/fs/WindowsException'{0x00000000eb72d1b0}> (0x00000000eb72d1b0) 
thrown [s\src\hotspot\share\prims\jni.cpp, line 520]
Event: 28.959 Thread 0x000001fa043a69f0 Exception <a 'sun/nio/fs/WindowsException'{0x00000000eb72d7a0}> (0x00000000eb72d7a0) 
thrown [s\src\hotspot\share\prims\jni.cpp, line 520]
Event: 28.960 Thread 0x000001fa043a69f0 Exception <a 'sun/nio/fs/WindowsException'{0x00000000eb732458}> (0x00000000eb732458) 
thrown [s\src\hotspot\share\prims\jni.cpp, line 520]
Event: 28.960 Thread 0x000001fa043a69f0 Exception <a 'sun/nio/fs/WindowsException'{0x00000000eb732a28}> (0x00000000eb732a28) 
thrown [s\src\hotspot\share\prims\jni.cpp, line 520]
Event: 28.960 Thread 0x000001fa043a69f0 Exception <a 'sun/nio/fs/WindowsException'{0x00000000eb732ff8}> (0x00000000eb732ff8) 
thrown [s\src\hotspot\share\prims\jni.cpp, line 520]
Event: 28.960 Thread 0x000001fa043a69f0 Exception <a 'sun/nio/fs/WindowsException'{0x00000000eb7335e8}> (0x00000000eb7335e8) 
thrown [s\src\hotspot\share\prims\jni.cpp, line 520]
Event: 28.962 Thread 0x000001fa043a69f0 Exception <a 'sun/nio/fs/WindowsException'{0x00000000eb737b08}> (0x00000000eb737b08) 
thrown [s\src\hotspot\share\prims\jni.cpp, line 520]
Event: 28.963 Thread 0x000001fa043a69f0 Exception <a 'sun/nio/fs/WindowsException'{0x00000000eb7380d8}> (0x00000000eb7380d8) 
thrown [s\src\hotspot\share\prims\jni.cpp, line 520]
Event: 28.963 Thread 0x000001fa043a69f0 Exception <a 'sun/nio/fs/WindowsException'{0x00000000eb7386a8}> (0x00000000eb7386a8) 
thrown [s\src\hotspot\share\prims\jni.cpp, line 520]
Event: 28.963 Thread 0x000001fa043a69f0 Exception <a 'sun/nio/fs/WindowsException'{0x00000000eb738c98}> (0x00000000eb738c98) 
thrown [s\src\hotspot\share\prims\jni.cpp, line 520]
Event: 29.122 Thread 0x000001fa043a69f0 Exception <a 'java/lang/NoSuchMethodError'{0x00000000eaf04810}: 'java.lang.Object java.lang.invoke.DirectMethodHandle$Holder.invokeVirtual(java.lang.Object, java.lang.Object, java.lang.Object, java.lang.Object)'> (0x00000000eaf04810) 
thrown [s\src\hotspot\share\interpreter\linkResolver.cpp, line 773]
Event: 29.126 Thread 0x000001fa043a69f0 Exception <a 'java/lang/NoSuchMethodError'{0x00000000eaf26be0}: 'java.lang.Object java.lang.invoke.DirectMethodHandle$Holder.invokeVirtual(java.lang.Object, java.lang.Object, java.lang.Object, java.lang.Object, java.lang.Object)'> (0x00000000eaf26be0) 
thrown [s\src\hotspot\share\interpreter\linkResolver.cpp, line 773]

ZGC Phase Switch (0 events):
No events

VM Operations (20 events):
Event: 25.579 Executing VM operation: ParallelGCFailedAllocation (Allocation Failure)
Event: 25.579 Executing VM operation: ParallelGCFailedAllocation (Allocation Failure) done
Event: 26.590 Executing VM operation: Cleanup
Event: 26.590 Executing VM operation: Cleanup done
Event: 27.388 Executing VM operation: ParallelGCFailedAllocation (Allocation Failure)
Event: 27.389 Executing VM operation: ParallelGCFailedAllocation (Allocation Failure) done
Event: 28.399 Executing VM operation: Cleanup
Event: 28.399 Executing VM operation: Cleanup done
Event: 29.047 Executing VM operation: ParallelGCFailedAllocation (Allocation Failure)
Event: 29.048 Executing VM operation: ParallelGCFailedAllocation (Allocation Failure) done
Event: 29.296 Executing VM operation: HandshakeAllThreads (Deoptimize)
Event: 29.297 Executing VM operation: HandshakeAllThreads (Deoptimize) done
Event: 29.328 Executing VM operation: ParallelGCFailedAllocation (Allocation Failure)
Event: 29.329 Executing VM operation: ParallelGCFailedAllocation (Allocation Failure) done
Event: 29.538 Executing VM operation: ParallelGCFailedAllocation (Allocation Failure)
Event: 29.542 Executing VM operation: ParallelGCFailedAllocation (Allocation Failure) done
Event: 29.805 Executing VM operation: ParallelGCFailedAllocation (Allocation Failure)
Event: 29.807 Executing VM operation: ParallelGCFailedAllocation (Allocation Failure) done
Event: 30.024 Executing VM operation: ParallelGCFailedAllocation (Allocation Failure)
Event: 30.025 Executing VM operation: ParallelGCFailedAllocation (Allocation Failure) done

Memory protections (0 events):
No events

Nmethod flushes (20 events):
Event: 20.801 Thread 0x000001fa3a644d60 flushing  nmethod 0x000001fa29c1f410
Event: 20.801 Thread 0x000001fa3a644d60 flushing  nmethod 0x000001fa29c51010
Event: 20.801 Thread 0x000001fa3a644d60 flushing  nmethod 0x000001fa29c61d10
Event: 20.801 Thread 0x000001fa3a644d60 flushing  nmethod 0x000001fa29c62110
Event: 20.801 Thread 0x000001fa3a644d60 flushing  nmethod 0x000001fa29c62a10
Event: 20.801 Thread 0x000001fa3a644d60 flushing  nmethod 0x000001fa29c63c10
Event: 20.801 Thread 0x000001fa3a644d60 flushing  nmethod 0x000001fa29c64410
Event: 20.801 Thread 0x000001fa3a644d60 flushing  nmethod 0x000001fa29c64b90
Event: 20.801 Thread 0x000001fa3a644d60 flushing  nmethod 0x000001fa29c66110
Event: 20.801 Thread 0x000001fa3a644d60 flushing  nmethod 0x000001fa29c66a10
Event: 20.801 Thread 0x000001fa3a644d60 flushing  nmethod 0x000001fa29c66f10
Event: 20.801 Thread 0x000001fa3a644d60 flushing  nmethod 0x000001fa29c68310
Event: 20.801 Thread 0x000001fa3a644d60 flushing  nmethod 0x000001fa29c69d90
Event: 20.801 Thread 0x000001fa3a644d60 flushing  nmethod 0x000001fa29c6bb10
Event: 20.801 Thread 0x000001fa3a644d60 flushing  nmethod 0x000001fa29cb0990
Event: 20.801 Thread 0x000001fa3a644d60 flushing  nmethod 0x000001fa29cb1e10
Event: 20.801 Thread 0x000001fa3a644d60 flushing  nmethod 0x000001fa29cb6410
Event: 20.801 Thread 0x000001fa3a644d60 flushing  nmethod 0x000001fa29cd7910
Event: 20.801 Thread 0x000001fa3a644d60 flushing  nmethod 0x000001fa29d2b790
Event: 20.801 Thread 0x000001fa3a644d60 flushing  nmethod 0x000001fa29d69010

Events (20 events):
Event: 21.356 Thread 0x000001fa23efd860 Thread added: 0x000001fa043ab8b0
Event: 21.356 Thread 0x000001fa23efd860 Thread added: 0x000001fa044d11d0
Event: 21.356 Thread 0x000001fa23efd860 Thread added: 0x000001fa044d3fc0
Event: 21.356 Thread 0x000001fa23efd860 Thread added: 0x000001fa044ce3e0
Event: 21.357 Thread 0x000001fa23efd860 Thread added: 0x000001fa044d5a00
Event: 21.430 Thread 0x000001fa23efd860 Thread added: 0x000001fa044d4650
Event: 21.787 Thread 0x000001fa23efd860 Thread added: 0x000001fa044d0b40
Event: 21.787 Thread 0x000001fa23efd860 Thread added: 0x000001fa044cea70
Event: 23.276 Thread 0x000001fa7ef99e20 Thread exited: 0x000001fa7ef99e20
Event: 23.276 Thread 0x000001fa04d11070 Thread exited: 0x000001fa04d11070
Event: 23.447 Thread 0x000001fa7eb830c0 Thread exited: 0x000001fa7eb830c0
Event: 23.468 Thread 0x000001fa0592e730 Thread exited: 0x000001fa0592e730
Event: 23.630 Thread 0x000001fa043a7710 Thread added: 0x000001fa044cf100
Event: 23.630 Thread 0x000001fa044cf100 Thread added: 0x000001fa044d4ce0
Event: 23.665 Thread 0x000001fa26328840 Thread added: 0x000001fa7ef99e20
Event: 24.478 Thread 0x000001fa26328840 Thread added: 0x000001fa057cfb20
Event: 25.584 Thread 0x000001fa7ef99e20 Thread exited: 0x000001fa7ef99e20
Event: 26.129 Thread 0x000001fa057cfb20 Thread exited: 0x000001fa057cfb20
Event: 29.059 Thread 0x000001fa043a69f0 Thread added: 0x000001fa044d04b0
Event: 29.211 Thread 0x000001fa043a69f0 Thread added: 0x000001fa044d1860


Dynamic libraries:
0x00007ff773c70000 - 0x00007ff773c7e000 	c:\Users\86201\.cursor\extensions\redhat.java-1.42.0-win32-x64\jre\21.0.7-win32-x86_64\bin\java.exe
0x00007ffeb46b0000 - 0x00007ffeb48c7000 	C:\WINDOWS\SYSTEM32\ntdll.dll
0x00007ffeb2ab0000 - 0x00007ffeb2b74000 	C:\WINDOWS\System32\KERNEL32.DLL
0x00007ffeb1b50000 - 0x00007ffeb1f23000 	C:\WINDOWS\System32\KERNELBASE.dll
0x00007ffeb2220000 - 0x00007ffeb2331000 	C:\WINDOWS\System32\ucrtbase.dll
0x00007ffe332b0000 - 0x00007ffe332c8000 	c:\Users\86201\.cursor\extensions\redhat.java-1.42.0-win32-x64\jre\21.0.7-win32-x86_64\bin\jli.dll
0x00007ffe30270000 - 0x00007ffe3028e000 	c:\Users\86201\.cursor\extensions\redhat.java-1.42.0-win32-x64\jre\21.0.7-win32-x86_64\bin\VCRUNTIME140.dll
0x00007ffeb2c00000 - 0x00007ffeb2db1000 	C:\WINDOWS\System32\USER32.dll
0x00007ffeb20d0000 - 0x00007ffeb20f6000 	C:\WINDOWS\System32\win32u.dll
0x00007ffea0650000 - 0x00007ffea08eb000 	C:\WINDOWS\WinSxS\amd64_microsoft.windows.common-controls_6595b64144ccf1df_6.0.22621.5262_none_2712bde373830908\COMCTL32.dll
0x00007ffeb2b90000 - 0x00007ffeb2bb9000 	C:\WINDOWS\System32\GDI32.dll
0x00007ffeb3b80000 - 0x00007ffeb3c27000 	C:\WINDOWS\System32\msvcrt.dll
0x00007ffeb1a20000 - 0x00007ffeb1b42000 	C:\WINDOWS\System32\gdi32full.dll
0x00007ffeb2180000 - 0x00007ffeb221a000 	C:\WINDOWS\System32\msvcp_win.dll
0x00007ffeb2bc0000 - 0x00007ffeb2bf1000 	C:\WINDOWS\System32\IMM32.DLL
0x00007ffe9ee70000 - 0x00007ffe9ee7c000 	c:\Users\86201\.cursor\extensions\redhat.java-1.42.0-win32-x64\jre\21.0.7-win32-x86_64\bin\vcruntime140_1.dll
0x00007ffdda490000 - 0x00007ffdda51d000 	c:\Users\86201\.cursor\extensions\redhat.java-1.42.0-win32-x64\jre\21.0.7-win32-x86_64\bin\msvcp140.dll
0x00007ffdac230000 - 0x00007ffdacfc0000 	c:\Users\86201\.cursor\extensions\redhat.java-1.42.0-win32-x64\jre\21.0.7-win32-x86_64\bin\server\jvm.dll
0x00007ffeb3030000 - 0x00007ffeb30e1000 	C:\WINDOWS\System32\ADVAPI32.dll
0x00007ffeb3a30000 - 0x00007ffeb3ad7000 	C:\WINDOWS\System32\sechost.dll
0x00007ffeb1f30000 - 0x00007ffeb1f58000 	C:\WINDOWS\System32\bcrypt.dll
0x00007ffeb27c0000 - 0x00007ffeb28d4000 	C:\WINDOWS\System32\RPCRT4.dll
0x00007ffeb3110000 - 0x00007ffeb3181000 	C:\WINDOWS\System32\WS2_32.dll
0x00007ffeb0630000 - 0x00007ffeb067d000 	C:\WINDOWS\SYSTEM32\POWRPROF.dll
0x00007ffeabf30000 - 0x00007ffeabf3a000 	C:\WINDOWS\SYSTEM32\VERSION.dll
0x00007ffeaaf40000 - 0x00007ffeaaf74000 	C:\WINDOWS\SYSTEM32\WINMM.dll
0x00007ffeb0610000 - 0x00007ffeb0623000 	C:\WINDOWS\SYSTEM32\UMPDC.dll
0x00007ffeb08d0000 - 0x00007ffeb08e8000 	C:\WINDOWS\SYSTEM32\kernel.appcore.dll
0x00007ffe9d010000 - 0x00007ffe9d01a000 	c:\Users\86201\.cursor\extensions\redhat.java-1.42.0-win32-x64\jre\21.0.7-win32-x86_64\bin\jimage.dll
0x00007ffeaef90000 - 0x00007ffeaf1c2000 	C:\WINDOWS\SYSTEM32\DBGHELP.DLL
0x00007ffeb2360000 - 0x00007ffeb26f3000 	C:\WINDOWS\System32\combase.dll
0x00007ffeb2ee0000 - 0x00007ffeb2fb7000 	C:\WINDOWS\System32\OLEAUT32.dll
0x00007ffea4fb0000 - 0x00007ffea4fe2000 	C:\WINDOWS\SYSTEM32\dbgcore.DLL
0x00007ffeb19a0000 - 0x00007ffeb1a1b000 	C:\WINDOWS\System32\bcryptPrimitives.dll
0x00007ffe9b2d0000 - 0x00007ffe9b2df000 	c:\Users\86201\.cursor\extensions\redhat.java-1.42.0-win32-x64\jre\21.0.7-win32-x86_64\bin\instrument.dll
0x00007ffe2ff50000 - 0x00007ffe2ff6f000 	c:\Users\86201\.cursor\extensions\redhat.java-1.42.0-win32-x64\jre\21.0.7-win32-x86_64\bin\java.dll
0x00007ffeb3190000 - 0x00007ffeb3a2d000 	C:\WINDOWS\System32\SHELL32.dll
0x00007ffeb1860000 - 0x00007ffeb199f000 	C:\WINDOWS\System32\wintypes.dll
0x00007ffeaf6f0000 - 0x00007ffeb000d000 	C:\WINDOWS\SYSTEM32\windows.storage.dll
0x00007ffeb2dc0000 - 0x00007ffeb2ecb000 	C:\WINDOWS\System32\SHCORE.dll
0x00007ffeb2fc0000 - 0x00007ffeb3026000 	C:\WINDOWS\System32\shlwapi.dll
0x00007ffeb16d0000 - 0x00007ffeb16fb000 	C:\WINDOWS\SYSTEM32\profapi.dll
0x00007ffe25690000 - 0x00007ffe256a8000 	c:\Users\86201\.cursor\extensions\redhat.java-1.42.0-win32-x64\jre\21.0.7-win32-x86_64\bin\zip.dll
0x00007ffe9bad0000 - 0x00007ffe9bae0000 	C:\Users\86201\.cursor\extensions\redhat.java-1.42.0-win32-x64\jre\21.0.7-win32-x86_64\bin\net.dll
0x00007ffeaae10000 - 0x00007ffeaaf3c000 	C:\WINDOWS\SYSTEM32\WINHTTP.dll
0x00007ffeb0d50000 - 0x00007ffeb0dba000 	C:\WINDOWS\system32\mswsock.dll
0x00007ffe25600000 - 0x00007ffe25616000 	C:\Users\86201\.cursor\extensions\redhat.java-1.42.0-win32-x64\jre\21.0.7-win32-x86_64\bin\nio.dll
0x00007ffe8d510000 - 0x00007ffe8d520000 	c:\Users\86201\.cursor\extensions\redhat.java-1.42.0-win32-x64\jre\21.0.7-win32-x86_64\bin\verify.dll
0x00007ffdda090000 - 0x00007ffdda0d5000 	C:\Users\86201\AppData\Roaming\Cursor\User\globalStorage\redhat.java\1.42.0\config_win\org.eclipse.equinox.launcher\org.eclipse.equinox.launcher.win32.win32.x86_64_1.2.1300.v20250331-1702\eclipse_11911.dll
0x00007ffeb3c30000 - 0x00007ffeb3dd1000 	C:\WINDOWS\System32\ole32.dll
0x00007ffeb0fb0000 - 0x00007ffeb0fcb000 	C:\WINDOWS\SYSTEM32\CRYPTSP.dll
0x00007ffeb0830000 - 0x00007ffeb0867000 	C:\WINDOWS\system32\rsaenh.dll
0x00007ffeb0e40000 - 0x00007ffeb0e68000 	C:\WINDOWS\SYSTEM32\USERENV.dll
0x00007ffeb0fa0000 - 0x00007ffeb0fac000 	C:\WINDOWS\SYSTEM32\CRYPTBASE.dll
0x00007ffeb0320000 - 0x00007ffeb034d000 	C:\WINDOWS\SYSTEM32\IPHLPAPI.DLL
0x00007ffeb3ae0000 - 0x00007ffeb3ae9000 	C:\WINDOWS\System32\NSI.dll
0x00007ffe9f330000 - 0x00007ffe9f379000 	C:\Users\86201\AppData\Local\Temp\jna-53375477\jna2262551694191557824.dll
0x00007ffeb2760000 - 0x00007ffeb2768000 	C:\WINDOWS\System32\PSAPI.DLL
0x00007ffeaab20000 - 0x00007ffeaab39000 	C:\WINDOWS\SYSTEM32\dhcpcsvc6.DLL
0x00007ffeaab00000 - 0x00007ffeaab1f000 	C:\WINDOWS\SYSTEM32\dhcpcsvc.DLL
0x00007ffe25480000 - 0x00007ffe254a7000 	D:\gradle\gradle-respository\native\1def1411415f61bf3af743bc5b6707747c0891f09f0c88961ee8f79bc544acac\windows-amd64\native-platform.dll

dbghelp: loaded successfully - version: 4.0.5 - missing functions: none
symbol engine: initialized successfully - sym options: 0x614 - pdb path: .;c:\Users\86201\.cursor\extensions\redhat.java-1.42.0-win32-x64\jre\21.0.7-win32-x86_64\bin;C:\WINDOWS\SYSTEM32;C:\WINDOWS\WinSxS\amd64_microsoft.windows.common-controls_6595b64144ccf1df_6.0.22621.5262_none_2712bde373830908;c:\Users\86201\.cursor\extensions\redhat.java-1.42.0-win32-x64\jre\21.0.7-win32-x86_64\bin\server;C:\Users\86201\AppData\Roaming\Cursor\User\globalStorage\redhat.java\1.42.0\config_win\org.eclipse.equinox.launcher\org.eclipse.equinox.launcher.win32.win32.x86_64_1.2.1300.v20250331-1702;C:\Users\86201\AppData\Local\Temp\jna-53375477;D:\gradle\gradle-respository\native\1def1411415f61bf3af743bc5b6707747c0891f09f0c88961ee8f79bc544acac\windows-amd64

VM Arguments:
jvm_args: --add-modules=ALL-SYSTEM --add-opens=java.base/java.util=ALL-UNNAMED --add-opens=java.base/java.lang=ALL-UNNAMED --add-opens=java.base/sun.nio.fs=ALL-UNNAMED -Declipse.application=org.eclipse.jdt.ls.core.id1 -Dosgi.bundles.defaultStartLevel=4 -Declipse.product=org.eclipse.jdt.ls.core.product -Djava.import.generatesMetadataFilesAtProjectRoot=false -DDetectVMInstallationsJob.disabled=true -Dfile.encoding=utf8 -XX:+UseParallelGC -XX:GCTimeRatio=4 -XX:AdaptiveSizePolicyWeight=90 -Dsun.zip.disableMemoryMapping=true -Xmx1G -Xms100m -Xlog:disable -javaagent:c:\Users\86201\.cursor\extensions\redhat.java-1.42.0-win32-x64\lombok\lombok-1.18.36.jar -XX:+HeapDumpOnOutOfMemoryError -XX:HeapDumpPath=c:\Users\86201\AppData\Roaming\Cursor\User\workspaceStorage\24a3691538bd403364500914081d71a8\redhat.java -Daether.dependencyCollector.impl=bf 
java_command: c:\Users\86201\.cursor\extensions\redhat.java-1.42.0-win32-x64\server\plugins\org.eclipse.equinox.launcher_1.7.0.v20250424-1814.jar -configuration c:\Users\86201\AppData\Roaming\Cursor\User\globalStorage\redhat.java\1.42.0\config_win -data c:\Users\86201\AppData\Roaming\Cursor\User\workspaceStorage\24a3691538bd403364500914081d71a8\redhat.java\jdt_ws --pipe=\\.\pipe\lsp-d124ecff2fe623512e27feaf09782bdb-sock
java_class_path (initial): c:\Users\86201\.cursor\extensions\redhat.java-1.42.0-win32-x64\server\plugins\org.eclipse.equinox.launcher_1.7.0.v20250424-1814.jar
Launcher Type: SUN_STANDARD

[Global flags]
    uintx AdaptiveSizePolicyWeight                 = 90                                        {product} {command line}
     intx CICompilerCount                          = 12                                        {product} {ergonomic}
    uintx GCTimeRatio                              = 4                                         {product} {command line}
     bool HeapDumpOnOutOfMemoryError               = true                                   {manageable} {command line}
    ccstr HeapDumpPath                             = c:\Users\86201\AppData\Roaming\Cursor\User\workspaceStorage\24a3691538bd403364500914081d71a8\redhat.java         {manageable} {command line}
   size_t InitialHeapSize                          = 104857600                                 {product} {command line}
   size_t MaxHeapSize                              = 1073741824                                {product} {command line}
   size_t MaxNewSize                               = 357564416                                 {product} {ergonomic}
   size_t MinHeapDeltaBytes                        = 524288                                    {product} {ergonomic}
   size_t MinHeapSize                              = 104857600                                 {product} {command line}
   size_t NewSize                                  = 34603008                                  {product} {ergonomic}
    uintx NonNMethodCodeHeapSize                   = 7602480                                {pd product} {ergonomic}
    uintx NonProfiledCodeHeapSize                  = 122027880                              {pd product} {ergonomic}
   size_t OldSize                                  = 70254592                                  {product} {ergonomic}
    uintx ProfiledCodeHeapSize                     = 122027880                              {pd product} {ergonomic}
    uintx ReservedCodeCacheSize                    = 251658240                              {pd product} {ergonomic}
     bool SegmentedCodeCache                       = true                                      {product} {ergonomic}
   size_t SoftMaxHeapSize                          = 1073741824                             {manageable} {ergonomic}
     bool UseCompressedOops                        = true                           {product lp64_product} {ergonomic}
     bool UseLargePagesIndividualAllocation        = false                                  {pd product} {ergonomic}
     bool UseParallelGC                            = true                                      {product} {command line}

Logging:
Log output configuration:
 #0: stdout all=off uptime,level,tags foldmultilines=false
 #1: stderr all=off uptime,level,tags foldmultilines=false

Environment Variables:
PATH=C:\Program Files\NVIDIA GPU Computing Toolkit\CUDA\v11.7\bin;C:\Program Files\NVIDIA GPU Computing Toolkit\CUDA\v11.7\libnvvp;D:\Python\Scripts\;D:\Python\;C:\Windows\system32;C:\Windows;C:\Windows\System32\Wbem;C:\Windows\System32\WindowsPowerShell\v1.0\;C:\Windows\System32\OpenSSH\;C:\WINDOWS\system32;C:\WINDOWS;C:\WINDOWS\System32\Wbem;C:\WINDOWS\System32\WindowsPowerShell\v1.0\;C:\WINDOWS\System32\OpenSSH\;D:\anaconda;D:\ChatWaifuL2D\ffmpeg-n4.4-latest-win64-gpl-4.4\bin;C:\Program Files\dotnet\;C:\ProgramData\Anaconda3\Library\bin;C:\ProgramData\Anaconda3;C:\ProgramData\Anaconda3\Scripts;C:\Program Files\NVIDIA Corporation\Nsight Compute 2022.2.0\;D:\tool\ffmpeg-2023-02-09-git-159b028df5-essentials_build\bin;D:\tool\xshell\;D:\tool\xftp\;C:\WINDOWS\system32;C:\WINDOWS;C:\WINDOWS\System32\Wbem;C:\WINDOWS\System32\WindowsPowerShell\v1.0\;C:\WINDOWS\System32\OpenSSH\;D:\MySQL\MySQL Server 8.0\bin;D:\Java\jdk\jdk-17\bin;D:\Java\apache-maven-3.9.6\bin;C:\Users\86201\AppData\Roaming\npm;C:\Program Files (x86)\NVIDIA Corporation\PhysX\Common;C:\Program Files\Docker\Docker\resources\bin;D:\golang\bin;D:\gradle\wrapper\dists\gradle-8.10.2\bin;D:\Java\node\;D:\Java\AndroidSdk\platform-tools;D:\tool\Git\cmd;C:\Program Files\PowerShell\7\;C:\Program Files\NVIDIA Corporation\NVIDIA App\NvDLISR;d:\cursor\resources\app\bin;C:\Users\86201\.cargo\bin;D:\Python\Python3.10.9\Scripts\;D:\Python\Python3.10.9\;D:\Python\Python3.11.1\Scripts\;D:\Python\Python3.11.1\;C:\Users\86201\AppData\Local\Microsoft\WindowsApps;C:\Users\86201\.dotnet\tools;C:\ProgramData\Anaconda3;C:\ProgramData\Anaconda3\Scripts;C:\ProgramData\Anaconda3\Library\bin;D:\tool\ffmpeg-2023-02-09-git-159b028df5-essentials_build\bin;D:\tool\phpstudy_pro\Extensions\MySQL5.7.26\bin;C:\Program Files\cpolar\;D:\PyCharm 2022.3.3\bin;;D:\texlive\2023\bin\windows;D:\Microsoft VS Code\bin;D:\Java\IntelliJ IDEA Community Edition 2023.3.2\bin;;D:\IntelliJ IDEA 2024.3.5\bin;;C:\Users\86201\go\bin;C:\Users\86201\AppData\Roaming\npm;D:\cursor\resources\app\bin
USERNAME=86201
OS=Windows_NT
PROCESSOR_IDENTIFIER=AMD64 Family 25 Model 80 Stepping 0, AuthenticAMD
TMP=C:\Users\86201\AppData\Local\Temp
TEMP=C:\Users\86201\AppData\Local\Temp




Periodic native trim disabled

---------------  S Y S T E M  ---------------

OS:
 Windows 11 , 64 bit Build 22621 (10.0.22621.5262)
OS uptime: 0 days 7:22 hours

CPU: total 16 (initial active 16) (16 cores per cpu, 2 threads per core) family 25 model 80 stepping 0 microcode 0x0, cx8, cmov, fxsr, ht, mmx, 3dnowpref, sse, sse2, sse3, ssse3, sse4a, sse4.1, sse4.2, popcnt, lzcnt, tsc, tscinvbit, avx, avx2, aes, erms, clmul, bmi1, bmi2, adx, sha, fma, vzeroupper, clflush, clflushopt, rdtscp, rdpid, fsrm, f16c, pku, cet_ss
Processor Information for the first 16 processors :
  Max Mhz: 3201, Current Mhz: 3201, Mhz Limit: 3201

Memory: 4k page, system-wide physical 14188M (234M free)
TotalPageFile size 32620M (AvailPageFile size 14M)
current process WorkingSet (physical memory assigned to process): 237M, peak: 237M
current process commit charge ("private bytes"): 317M, peak: 325M

vm_info: OpenJDK 64-Bit Server VM (21.0.7+6-LTS) for windows-amd64 JRE (21.0.7+6-LTS), built on 2025-04-15T00:00:00Z by "admin" with MS VC++ 17.7 (VS2022)

END.
