#
# There is insufficient memory for the Java Runtime Environment to continue.
# Native memory allocation (malloc) failed to allocate 1726096 bytes for Chunk::new
# Possible reasons:
#   The system is out of physical RAM or swap space
#   The process is running with CompressedOops enabled, and the Java Heap may be blocking the growth of the native heap
# Possible solutions:
#   Reduce memory load on the system
#   Increase physical memory or swap space
#   Check if swap backing store is full
#   Decrease Java heap size (-Xmx/-Xms)
#   Decrease number of Java threads
#   Decrease Java thread stack sizes (-Xss)
#   Set larger code cache with -XX:ReservedCodeCacheSize=
#   JVM is running with Unscaled Compressed Oops mode in which the Java heap is
#     placed in the first 4GB address space. The Java Heap base address is the
#     maximum limit for the native heap growth. Please use -XX:HeapBaseMinAddress
#     to set the Java Heap base and to place the Java Heap above 4GB virtual address.
# This output file may be truncated or incomplete.
#
#  Out of Memory Error (arena.cpp:189), pid=43716, tid=46900
#
# JRE version: OpenJDK Runtime Environment (17.0+35) (build 17+35-2724)
# Java VM: OpenJDK 64-Bit Server VM (17+35-2724, mixed mode, sharing, tiered, compressed oops, compressed class ptrs, g1 gc, windows-amd64)
# No core dump will be written. Minidumps are not enabled by default on client versions of Windows
#

---------------  S U M M A R Y ------------

Command Line: --add-opens=java.base/java.lang=ALL-UNNAMED --add-opens=java.base/java.lang.invoke=ALL-UNNAMED --add-opens=java.base/java.util=ALL-UNNAMED --add-opens=java.prefs/java.util.prefs=ALL-UNNAMED --add-exports=jdk.compiler/com.sun.tools.javac.api=ALL-UNNAMED --add-exports=jdk.compiler/com.sun.tools.javac.util=ALL-UNNAMED --add-opens=java.base/java.util=ALL-UNNAMED --add-opens=java.prefs/java.util.prefs=ALL-UNNAMED --add-opens=java.base/java.nio.charset=ALL-UNNAMED --add-opens=java.base/java.net=ALL-UNNAMED --add-opens=java.base/java.util.concurrent.atomic=ALL-UNNAMED --add-opens=java.xml/javax.xml.namespace=ALL-UNNAMED -XX:MaxMetaspaceSize=512m -Xmx2048m -Dfile.encoding=UTF-8 -Duser.country=CN -Duser.language=zh -Duser.variant -javaagent:D:\gradle\gradle-respository\wrapper\dists\gradle-8.13-bin\5xuhj0ry160q40clulazy9h7d\gradle-8.13\lib\agents\gradle-instrumentation-agent-8.13.jar org.gradle.launcher.daemon.bootstrap.GradleDaemon 8.13

Host: AMD Ryzen 7 5800H with Radeon Graphics         , 16 cores, 13G,  Windows 10 , 64 bit Build 22621 (10.0.22621.5262)
Time: Sat May 17 18:58:00 2025  Windows 10 , 64 bit Build 22621 (10.0.22621.5262) elapsed time: 3.949321 seconds (0d 0h 0m 3s)

---------------  T H R E A D  ---------------

Current thread (0x000001ebbd2496e0):  JavaThread "C2 CompilerThread0" daemon [_thread_in_native, id=46900, stack(0x000000e3f3a00000,0x000000e3f3b00000)]


Current CompileTask:
C2:   3949 2630   !   4       java.net.URLClassLoader::findClass (47 bytes)

Stack: [0x000000e3f3a00000,0x000000e3f3b00000]
Native frames: (J=compiled Java code, j=interpreted, Vv=VM code, C=native code)
V  [jvm.dll+0x66f8ea]
V  [jvm.dll+0x7ce224]
V  [jvm.dll+0x7cf9ce]
V  [jvm.dll+0x7d0033]
V  [jvm.dll+0x242bb5]
V  [jvm.dll+0xaa05b]
V  [jvm.dll+0xaa5ec]
V  [jvm.dll+0x35f9a2]
V  [jvm.dll+0x1b9a08]
V  [jvm.dll+0x215df9]
V  [jvm.dll+0x2150c1]
V  [jvm.dll+0x1a168d]
V  [jvm.dll+0x2248f8]
V  [jvm.dll+0x222a5c]
V  [jvm.dll+0x78422b]
V  [jvm.dll+0x77e7ea]
V  [jvm.dll+0x66e715]
C  [ucrtbase.dll+0x29333]
C  [KERNEL32.DLL+0x1259d]
C  [ntdll.dll+0x5af58]


---------------  P R O C E S S  ---------------

Threads class SMR info:
_java_thread_list=0x000001ebbfcaec20, length=28, elements={
0x000001eb9e62e310, 0x000001ebbdc437a0, 0x000001ebbd21fee0, 0x000001ebbd23afa0,
0x000001ebbd23bb50, 0x000001ebbd23e510, 0x000001ebbd23eec0, 0x000001ebbd2496e0,
0x000001ebbd252190, 0x000001ebbd255370, 0x000001ebbd20a740, 0x000001ebbdd2e480,
0x000001ebbdd2ee50, 0x000001ebbdd4e710, 0x000001ebbde93a20, 0x000001ebbeee4660,
0x000001ebbf8951c0, 0x000001ebbf700b70, 0x000001ebbf8fc660, 0x000001ebbf8e7b70,
0x000001ebbf91a5b0, 0x000001ebbf923500, 0x000001ebbf939750, 0x000001ebbf99e840,
0x000001ebbf99d9d0, 0x000001ebbf99ed10, 0x000001ebbf99f1e0, 0x000001ebbf99d500
}

Java Threads: ( => current thread )
  0x000001eb9e62e310 JavaThread "main" [_thread_blocked, id=37712, stack(0x000000e3f2d00000,0x000000e3f2e00000)]
  0x000001ebbdc437a0 JavaThread "Reference Handler" daemon [_thread_blocked, id=16028, stack(0x000000e3f3400000,0x000000e3f3500000)]
  0x000001ebbd21fee0 JavaThread "Finalizer" daemon [_thread_blocked, id=46932, stack(0x000000e3f3500000,0x000000e3f3600000)]
  0x000001ebbd23afa0 JavaThread "Signal Dispatcher" daemon [_thread_blocked, id=44428, stack(0x000000e3f3600000,0x000000e3f3700000)]
  0x000001ebbd23bb50 JavaThread "Attach Listener" daemon [_thread_blocked, id=1176, stack(0x000000e3f3700000,0x000000e3f3800000)]
  0x000001ebbd23e510 JavaThread "Service Thread" daemon [_thread_blocked, id=32024, stack(0x000000e3f3800000,0x000000e3f3900000)]
  0x000001ebbd23eec0 JavaThread "Monitor Deflation Thread" daemon [_thread_blocked, id=46624, stack(0x000000e3f3900000,0x000000e3f3a00000)]
=>0x000001ebbd2496e0 JavaThread "C2 CompilerThread0" daemon [_thread_in_native, id=46900, stack(0x000000e3f3a00000,0x000000e3f3b00000)]
  0x000001ebbd252190 JavaThread "C1 CompilerThread0" daemon [_thread_blocked, id=57036, stack(0x000000e3f3b00000,0x000000e3f3c00000)]
  0x000001ebbd255370 JavaThread "Sweeper thread" daemon [_thread_blocked, id=44068, stack(0x000000e3f3c00000,0x000000e3f3d00000)]
  0x000001ebbd20a740 JavaThread "Common-Cleaner" daemon [_thread_blocked, id=26768, stack(0x000000e3f3d00000,0x000000e3f3e00000)]
  0x000001ebbdd2e480 JavaThread "C1 CompilerThread1" daemon [_thread_blocked, id=46680, stack(0x000000e3f3e00000,0x000000e3f3f00000)]
  0x000001ebbdd2ee50 JavaThread "C1 CompilerThread2" daemon [_thread_blocked, id=14640, stack(0x000000e3f3f00000,0x000000e3f4000000)]
  0x000001ebbdd4e710 JavaThread "C1 CompilerThread3" daemon [_thread_blocked, id=46380, stack(0x000000e3f4000000,0x000000e3f4100000)]
  0x000001ebbde93a20 JavaThread "Notification Thread" daemon [_thread_blocked, id=46004, stack(0x000000e3f4200000,0x000000e3f4300000)]
  0x000001ebbeee4660 JavaThread "Daemon health stats" [_thread_blocked, id=49616, stack(0x000000e3f4800000,0x000000e3f4900000)]
  0x000001ebbf8951c0 JavaThread "Incoming local TCP Connector on port 52074" [_thread_in_native, id=46164, stack(0x000000e3f4100000,0x000000e3f4200000)]
  0x000001ebbf700b70 JavaThread "Daemon periodic checks" [_thread_blocked, id=47848, stack(0x000000e3f4900000,0x000000e3f4a00000)]
  0x000001ebbf8fc660 JavaThread "Daemon" [_thread_blocked, id=38936, stack(0x000000e3f4a00000,0x000000e3f4b00000)]
  0x000001ebbf8e7b70 JavaThread "Handler for socket connection from /127.0.0.1:52074 to /127.0.0.1:52075" [_thread_in_native, id=46616, stack(0x000000e3f4b00000,0x000000e3f4c00000)]
  0x000001ebbf91a5b0 JavaThread "Cancel handler" [_thread_blocked, id=44140, stack(0x000000e3f4c00000,0x000000e3f4d00000)]
  0x000001ebbf923500 JavaThread "Daemon worker" [_thread_in_Java, id=46144, stack(0x000000e3f4d00000,0x000000e3f4e00000)]
  0x000001ebbf939750 JavaThread "Asynchronous log dispatcher for DefaultDaemonConnection: socket connection from /127.0.0.1:52074 to /127.0.0.1:52075" [_thread_blocked, id=46272, stack(0x000000e3f4e00000,0x000000e3f4f00000)]
  0x000001ebbf99e840 JavaThread "Stdin handler" [_thread_blocked, id=46732, stack(0x000000e3f4f00000,0x000000e3f5000000)]
  0x000001ebbf99d9d0 JavaThread "Daemon client event forwarder" [_thread_blocked, id=41872, stack(0x000000e3f5000000,0x000000e3f5100000)]
  0x000001ebbf99ed10 JavaThread "Cache worker for journal cache (D:\gradle\gradle-respository\caches\journal-1)" [_thread_blocked, id=47968, stack(0x000000e3f5100000,0x000000e3f5200000)]
  0x000001ebbf99f1e0 JavaThread "File lock request listener" [_thread_in_native, id=47092, stack(0x000000e3f5200000,0x000000e3f5300000)]
  0x000001ebbf99d500 JavaThread "Cache worker for file hash cache (D:\gradle\gradle-respository\caches\8.13\fileHashes)" [_thread_blocked, id=45328, stack(0x000000e3f5300000,0x000000e3f5400000)]

Other Threads:
  0x000001ebbdc42010 VMThread "VM Thread" [stack: 0x000000e3f3300000,0x000000e3f3400000] [id=45324]
  0x000001ebbde96ad0 WatcherThread [stack: 0x000000e3f4300000,0x000000e3f4400000] [id=47068]
  0x000001eb9e6704e0 GCTaskThread "GC Thread#0" [stack: 0x000000e3f2e00000,0x000000e3f2f00000] [id=44568]
  0x000001ebbe1fcec0 GCTaskThread "GC Thread#1" [stack: 0x000000e3f4400000,0x000000e3f4500000] [id=59468]
  0x000001ebbe0825b0 GCTaskThread "GC Thread#2" [stack: 0x000000e3f4500000,0x000000e3f4600000] [id=56516]
  0x000001ebbe082860 GCTaskThread "GC Thread#3" [stack: 0x000000e3f4600000,0x000000e3f4700000] [id=49792]
  0x000001ebbe1e0390 GCTaskThread "GC Thread#4" [stack: 0x000000e3f4700000,0x000000e3f4800000] [id=52192]
  0x000001ebbffb5280 GCTaskThread "GC Thread#5" [stack: 0x000000e3f5400000,0x000000e3f5500000] [id=45868]
  0x000001ebbffb5530 GCTaskThread "GC Thread#6" [stack: 0x000000e3f5500000,0x000000e3f5600000] [id=33688]
  0x000001ebbfd7c630 GCTaskThread "GC Thread#7" [stack: 0x000000e3f5600000,0x000000e3f5700000] [id=23968]
  0x000001ebbfd7c8e0 GCTaskThread "GC Thread#8" [stack: 0x000000e3f5700000,0x000000e3f5800000] [id=46852]
  0x000001ebbfd7cb90 GCTaskThread "GC Thread#9" [stack: 0x000000e3f5800000,0x000000e3f5900000] [id=46908]
  0x000001ebbfd7ce40 GCTaskThread "GC Thread#10" [stack: 0x000000e3f5900000,0x000000e3f5a00000] [id=47080]
  0x000001ebbffb0240 GCTaskThread "GC Thread#11" [stack: 0x000000e3f5a00000,0x000000e3f5b00000] [id=45072]
  0x000001ebbffb25a0 GCTaskThread "GC Thread#12" [stack: 0x000000e3f5b00000,0x000000e3f5c00000] [id=48096]
  0x000001eb9e681420 ConcurrentGCThread "G1 Main Marker" [stack: 0x000000e3f2f00000,0x000000e3f3000000] [id=46904]
  0x000001eb9e6825d0 ConcurrentGCThread "G1 Conc#0" [stack: 0x000000e3f3000000,0x000000e3f3100000] [id=45644]
  0x000001eb9e6eec60 ConcurrentGCThread "G1 Refine#0" [stack: 0x000000e3f3100000,0x000000e3f3200000] [id=46336]
  0x000001ebbd0d2ca0 ConcurrentGCThread "G1 Service" [stack: 0x000000e3f3200000,0x000000e3f3300000] [id=45140]

Threads with active compile tasks:
C2 CompilerThread0     3997 2630   !   4       java.net.URLClassLoader::findClass (47 bytes)
C1 CompilerThread0     3997 2753   !   3       java.lang.invoke.AbstractValidatingLambdaMetafactory::<init> (544 bytes)
C1 CompilerThread1     3997 2752       3       java.lang.invoke.InnerClassLambdaMetafactory::<init> (258 bytes)
C1 CompilerThread2     3997 2760       3       java.lang.invoke.AbstractValidatingLambdaMetafactory::checkDescriptor (133 bytes)
C1 CompilerThread3     3997 2758       3       java.lang.invoke.AbstractValidatingLambdaMetafactory::validateMetafactoryArgs (607 bytes)

VM state: not at safepoint (normal execution)

VM Mutex/Monitor currently owned by a thread:  ([mutex/lock_event])
[0x000001eb9e62a170] Compile_lock - owner thread: 0x0000000000000000

Heap address: 0x0000000080000000, size: 2048 MB, Compressed Oops mode: 32-bit

CDS archive(s) mapped at: [0x0000000800000000-0x0000000800bc0000-0x0000000800bc0000), size 12320768, SharedBaseAddress: 0x0000000800000000, ArchiveRelocationMode: 0.
Compressed class space mapped at: 0x0000000800c00000-0x000000081a800000, reserved size: 432013312
Narrow klass base: 0x0000000800000000, Narrow klass shift: 0, Narrow klass range: 0x100000000

GC Precious Log:
 CPUs: 16 total, 16 available
 Memory: 14188M
 Large Page Support: Disabled
 NUMA Support: Disabled
 Compressed Oops: Enabled (32-bit)
 Heap Region Size: 1M
 Heap Min Capacity: 8M
 Heap Initial Capacity: 222M
 Heap Max Capacity: 2G
 Pre-touch: Disabled
 Parallel Workers: 13
 Concurrent Workers: 3
 Concurrent Refinement Workers: 13
 Periodic GC: Disabled

Heap:
 garbage-first heap   total 227328K, used 50005K [0x0000000080000000, 0x0000000100000000)
  region size 1024K, 44 young (45056K), 15 survivors (15360K)
 Metaspace       used 19717K, committed 20032K, reserved 446464K
  class space    used 2867K, committed 3008K, reserved 421888K

Heap Regions: E=young(eden), S=young(survivor), O=old, HS=humongous(starts), HC=humongous(continues), CS=collection set, F=free, OA=open archive, CA=closed archive, TAMS=top-at-mark-start (previous, next)
|   0|0x0000000080000000, 0x0000000080100000, 0x0000000080100000|100%|HS|  |TAMS 0x0000000080000000, 0x0000000080000000| Complete 
|   1|0x0000000080100000, 0x0000000080200000, 0x0000000080200000|100%|HC|  |TAMS 0x0000000080100000, 0x0000000080100000| Complete 
|   2|0x0000000080200000, 0x0000000080300000, 0x0000000080300000|100%|HC|  |TAMS 0x0000000080200000, 0x0000000080200000| Complete 
|   3|0x0000000080300000, 0x0000000080400000, 0x0000000080400000|100%| O|  |TAMS 0x0000000080300000, 0x0000000080300000| Untracked 
|   4|0x0000000080400000, 0x0000000080500000, 0x0000000080500000|100%| O|  |TAMS 0x0000000080400000, 0x0000000080400000| Untracked 
|   5|0x0000000080500000, 0x00000000805be400, 0x0000000080600000| 74%| O|  |TAMS 0x0000000080500000, 0x0000000080500000| Untracked 
|   6|0x0000000080600000, 0x0000000080700000, 0x0000000080700000|100%|HS|  |TAMS 0x0000000080600000, 0x0000000080600000| Complete 
|   7|0x0000000080700000, 0x0000000080700000, 0x0000000080800000|  0%| F|  |TAMS 0x0000000080700000, 0x0000000080700000| Untracked 
|   8|0x0000000080800000, 0x0000000080800000, 0x0000000080900000|  0%| F|  |TAMS 0x0000000080800000, 0x0000000080800000| Untracked 
|   9|0x0000000080900000, 0x0000000080900000, 0x0000000080a00000|  0%| F|  |TAMS 0x0000000080900000, 0x0000000080900000| Untracked 
|  10|0x0000000080a00000, 0x0000000080a00000, 0x0000000080b00000|  0%| F|  |TAMS 0x0000000080a00000, 0x0000000080a00000| Untracked 
|  11|0x0000000080b00000, 0x0000000080b00000, 0x0000000080c00000|  0%| F|  |TAMS 0x0000000080b00000, 0x0000000080b00000| Untracked 
|  12|0x0000000080c00000, 0x0000000080c00000, 0x0000000080d00000|  0%| F|  |TAMS 0x0000000080c00000, 0x0000000080c00000| Untracked 
|  13|0x0000000080d00000, 0x0000000080d00000, 0x0000000080e00000|  0%| F|  |TAMS 0x0000000080d00000, 0x0000000080d00000| Untracked 
|  14|0x0000000080e00000, 0x0000000080e00000, 0x0000000080f00000|  0%| F|  |TAMS 0x0000000080e00000, 0x0000000080e00000| Untracked 
|  15|0x0000000080f00000, 0x0000000080f00000, 0x0000000081000000|  0%| F|  |TAMS 0x0000000080f00000, 0x0000000080f00000| Untracked 
|  16|0x0000000081000000, 0x0000000081000000, 0x0000000081100000|  0%| F|  |TAMS 0x0000000081000000, 0x0000000081000000| Untracked 
|  17|0x0000000081100000, 0x0000000081100000, 0x0000000081200000|  0%| F|  |TAMS 0x0000000081100000, 0x0000000081100000| Untracked 
|  18|0x0000000081200000, 0x0000000081200000, 0x0000000081300000|  0%| F|  |TAMS 0x0000000081200000, 0x0000000081200000| Untracked 
|  19|0x0000000081300000, 0x0000000081300000, 0x0000000081400000|  0%| F|  |TAMS 0x0000000081300000, 0x0000000081300000| Untracked 
|  20|0x0000000081400000, 0x0000000081400000, 0x0000000081500000|  0%| F|  |TAMS 0x0000000081400000, 0x0000000081400000| Untracked 
|  21|0x0000000081500000, 0x0000000081500000, 0x0000000081600000|  0%| F|  |TAMS 0x0000000081500000, 0x0000000081500000| Untracked 
|  22|0x0000000081600000, 0x0000000081600000, 0x0000000081700000|  0%| F|  |TAMS 0x0000000081600000, 0x0000000081600000| Untracked 
|  23|0x0000000081700000, 0x0000000081700000, 0x0000000081800000|  0%| F|  |TAMS 0x0000000081700000, 0x0000000081700000| Untracked 
|  24|0x0000000081800000, 0x0000000081800000, 0x0000000081900000|  0%| F|  |TAMS 0x0000000081800000, 0x0000000081800000| Untracked 
|  25|0x0000000081900000, 0x0000000081900000, 0x0000000081a00000|  0%| F|  |TAMS 0x0000000081900000, 0x0000000081900000| Untracked 
|  26|0x0000000081a00000, 0x0000000081a00000, 0x0000000081b00000|  0%| F|  |TAMS 0x0000000081a00000, 0x0000000081a00000| Untracked 
|  27|0x0000000081b00000, 0x0000000081b00000, 0x0000000081c00000|  0%| F|  |TAMS 0x0000000081b00000, 0x0000000081b00000| Untracked 
|  28|0x0000000081c00000, 0x0000000081c00000, 0x0000000081d00000|  0%| F|  |TAMS 0x0000000081c00000, 0x0000000081c00000| Untracked 
|  29|0x0000000081d00000, 0x0000000081d00000, 0x0000000081e00000|  0%| F|  |TAMS 0x0000000081d00000, 0x0000000081d00000| Untracked 
|  30|0x0000000081e00000, 0x0000000081e00000, 0x0000000081f00000|  0%| F|  |TAMS 0x0000000081e00000, 0x0000000081e00000| Untracked 
|  31|0x0000000081f00000, 0x0000000081f00000, 0x0000000082000000|  0%| F|  |TAMS 0x0000000081f00000, 0x0000000081f00000| Untracked 
|  32|0x0000000082000000, 0x0000000082000000, 0x0000000082100000|  0%| F|  |TAMS 0x0000000082000000, 0x0000000082000000| Untracked 
|  33|0x0000000082100000, 0x0000000082100000, 0x0000000082200000|  0%| F|  |TAMS 0x0000000082100000, 0x0000000082100000| Untracked 
|  34|0x0000000082200000, 0x0000000082200000, 0x0000000082300000|  0%| F|  |TAMS 0x0000000082200000, 0x0000000082200000| Untracked 
|  35|0x0000000082300000, 0x0000000082300000, 0x0000000082400000|  0%| F|  |TAMS 0x0000000082300000, 0x0000000082300000| Untracked 
|  36|0x0000000082400000, 0x0000000082400000, 0x0000000082500000|  0%| F|  |TAMS 0x0000000082400000, 0x0000000082400000| Untracked 
|  37|0x0000000082500000, 0x0000000082500000, 0x0000000082600000|  0%| F|  |TAMS 0x0000000082500000, 0x0000000082500000| Untracked 
|  38|0x0000000082600000, 0x0000000082600000, 0x0000000082700000|  0%| F|  |TAMS 0x0000000082600000, 0x0000000082600000| Untracked 
|  39|0x0000000082700000, 0x0000000082700000, 0x0000000082800000|  0%| F|  |TAMS 0x0000000082700000, 0x0000000082700000| Untracked 
|  40|0x0000000082800000, 0x0000000082800000, 0x0000000082900000|  0%| F|  |TAMS 0x0000000082800000, 0x0000000082800000| Untracked 
|  41|0x0000000082900000, 0x0000000082900000, 0x0000000082a00000|  0%| F|  |TAMS 0x0000000082900000, 0x0000000082900000| Untracked 
|  42|0x0000000082a00000, 0x0000000082a00000, 0x0000000082b00000|  0%| F|  |TAMS 0x0000000082a00000, 0x0000000082a00000| Untracked 
|  43|0x0000000082b00000, 0x0000000082b00000, 0x0000000082c00000|  0%| F|  |TAMS 0x0000000082b00000, 0x0000000082b00000| Untracked 
|  44|0x0000000082c00000, 0x0000000082c00000, 0x0000000082d00000|  0%| F|  |TAMS 0x0000000082c00000, 0x0000000082c00000| Untracked 
|  45|0x0000000082d00000, 0x0000000082d00000, 0x0000000082e00000|  0%| F|  |TAMS 0x0000000082d00000, 0x0000000082d00000| Untracked 
|  46|0x0000000082e00000, 0x0000000082e00000, 0x0000000082f00000|  0%| F|  |TAMS 0x0000000082e00000, 0x0000000082e00000| Untracked 
|  47|0x0000000082f00000, 0x0000000082f00000, 0x0000000083000000|  0%| F|  |TAMS 0x0000000082f00000, 0x0000000082f00000| Untracked 
|  48|0x0000000083000000, 0x0000000083000000, 0x0000000083100000|  0%| F|  |TAMS 0x0000000083000000, 0x0000000083000000| Untracked 
|  49|0x0000000083100000, 0x0000000083100000, 0x0000000083200000|  0%| F|  |TAMS 0x0000000083100000, 0x0000000083100000| Untracked 
|  50|0x0000000083200000, 0x0000000083200000, 0x0000000083300000|  0%| F|  |TAMS 0x0000000083200000, 0x0000000083200000| Untracked 
|  51|0x0000000083300000, 0x0000000083300000, 0x0000000083400000|  0%| F|  |TAMS 0x0000000083300000, 0x0000000083300000| Untracked 
|  52|0x0000000083400000, 0x0000000083400000, 0x0000000083500000|  0%| F|  |TAMS 0x0000000083400000, 0x0000000083400000| Untracked 
|  53|0x0000000083500000, 0x0000000083500000, 0x0000000083600000|  0%| F|  |TAMS 0x0000000083500000, 0x0000000083500000| Untracked 
|  54|0x0000000083600000, 0x0000000083600000, 0x0000000083700000|  0%| F|  |TAMS 0x0000000083600000, 0x0000000083600000| Untracked 
|  55|0x0000000083700000, 0x0000000083700000, 0x0000000083800000|  0%| F|  |TAMS 0x0000000083700000, 0x0000000083700000| Untracked 
|  56|0x0000000083800000, 0x0000000083800000, 0x0000000083900000|  0%| F|  |TAMS 0x0000000083800000, 0x0000000083800000| Untracked 
|  57|0x0000000083900000, 0x0000000083900000, 0x0000000083a00000|  0%| F|  |TAMS 0x0000000083900000, 0x0000000083900000| Untracked 
|  58|0x0000000083a00000, 0x0000000083a00000, 0x0000000083b00000|  0%| F|  |TAMS 0x0000000083a00000, 0x0000000083a00000| Untracked 
|  59|0x0000000083b00000, 0x0000000083b00000, 0x0000000083c00000|  0%| F|  |TAMS 0x0000000083b00000, 0x0000000083b00000| Untracked 
|  60|0x0000000083c00000, 0x0000000083c00000, 0x0000000083d00000|  0%| F|  |TAMS 0x0000000083c00000, 0x0000000083c00000| Untracked 
|  61|0x0000000083d00000, 0x0000000083d00000, 0x0000000083e00000|  0%| F|  |TAMS 0x0000000083d00000, 0x0000000083d00000| Untracked 
|  62|0x0000000083e00000, 0x0000000083e00000, 0x0000000083f00000|  0%| F|  |TAMS 0x0000000083e00000, 0x0000000083e00000| Untracked 
|  63|0x0000000083f00000, 0x0000000083f00000, 0x0000000084000000|  0%| F|  |TAMS 0x0000000083f00000, 0x0000000083f00000| Untracked 
|  64|0x0000000084000000, 0x0000000084000000, 0x0000000084100000|  0%| F|  |TAMS 0x0000000084000000, 0x0000000084000000| Untracked 
|  65|0x0000000084100000, 0x0000000084100000, 0x0000000084200000|  0%| F|  |TAMS 0x0000000084100000, 0x0000000084100000| Untracked 
|  66|0x0000000084200000, 0x0000000084200000, 0x0000000084300000|  0%| F|  |TAMS 0x0000000084200000, 0x0000000084200000| Untracked 
|  67|0x0000000084300000, 0x0000000084300000, 0x0000000084400000|  0%| F|  |TAMS 0x0000000084300000, 0x0000000084300000| Untracked 
|  68|0x0000000084400000, 0x0000000084400000, 0x0000000084500000|  0%| F|  |TAMS 0x0000000084400000, 0x0000000084400000| Untracked 
|  69|0x0000000084500000, 0x0000000084500000, 0x0000000084600000|  0%| F|  |TAMS 0x0000000084500000, 0x0000000084500000| Untracked 
|  70|0x0000000084600000, 0x0000000084600000, 0x0000000084700000|  0%| F|  |TAMS 0x0000000084600000, 0x0000000084600000| Untracked 
|  71|0x0000000084700000, 0x0000000084700000, 0x0000000084800000|  0%| F|  |TAMS 0x0000000084700000, 0x0000000084700000| Untracked 
|  72|0x0000000084800000, 0x0000000084800000, 0x0000000084900000|  0%| F|  |TAMS 0x0000000084800000, 0x0000000084800000| Untracked 
|  73|0x0000000084900000, 0x0000000084900000, 0x0000000084a00000|  0%| F|  |TAMS 0x0000000084900000, 0x0000000084900000| Untracked 
|  74|0x0000000084a00000, 0x0000000084a170d0, 0x0000000084b00000|  9%| S|CS|TAMS 0x0000000084a00000, 0x0000000084a00000| Complete 
|  75|0x0000000084b00000, 0x0000000084c00000, 0x0000000084c00000|100%| S|CS|TAMS 0x0000000084b00000, 0x0000000084b00000| Complete 
|  76|0x0000000084c00000, 0x0000000084d00000, 0x0000000084d00000|100%| S|CS|TAMS 0x0000000084c00000, 0x0000000084c00000| Complete 
|  77|0x0000000084d00000, 0x0000000084e00000, 0x0000000084e00000|100%| S|CS|TAMS 0x0000000084d00000, 0x0000000084d00000| Complete 
|  78|0x0000000084e00000, 0x0000000084f00000, 0x0000000084f00000|100%| S|CS|TAMS 0x0000000084e00000, 0x0000000084e00000| Complete 
|  79|0x0000000084f00000, 0x0000000085000000, 0x0000000085000000|100%| S|CS|TAMS 0x0000000084f00000, 0x0000000084f00000| Complete 
|  80|0x0000000085000000, 0x0000000085100000, 0x0000000085100000|100%| S|CS|TAMS 0x0000000085000000, 0x0000000085000000| Complete 
|  81|0x0000000085100000, 0x0000000085200000, 0x0000000085200000|100%| S|CS|TAMS 0x0000000085100000, 0x0000000085100000| Complete 
|  82|0x0000000085200000, 0x0000000085300000, 0x0000000085300000|100%| S|CS|TAMS 0x0000000085200000, 0x0000000085200000| Complete 
|  83|0x0000000085300000, 0x0000000085400000, 0x0000000085400000|100%| S|CS|TAMS 0x0000000085300000, 0x0000000085300000| Complete 
|  84|0x0000000085400000, 0x0000000085500000, 0x0000000085500000|100%| S|CS|TAMS 0x0000000085400000, 0x0000000085400000| Complete 
|  85|0x0000000085500000, 0x0000000085600000, 0x0000000085600000|100%| S|CS|TAMS 0x0000000085500000, 0x0000000085500000| Complete 
|  86|0x0000000085600000, 0x0000000085700000, 0x0000000085700000|100%| S|CS|TAMS 0x0000000085600000, 0x0000000085600000| Complete 
|  87|0x0000000085700000, 0x0000000085800000, 0x0000000085800000|100%| S|CS|TAMS 0x0000000085700000, 0x0000000085700000| Complete 
|  88|0x0000000085800000, 0x0000000085900000, 0x0000000085900000|100%| S|CS|TAMS 0x0000000085800000, 0x0000000085800000| Complete 
|  89|0x0000000085900000, 0x0000000085900000, 0x0000000085a00000|  0%| F|  |TAMS 0x0000000085900000, 0x0000000085900000| Untracked 
|  90|0x0000000085a00000, 0x0000000085a00000, 0x0000000085b00000|  0%| F|  |TAMS 0x0000000085a00000, 0x0000000085a00000| Untracked 
|  91|0x0000000085b00000, 0x0000000085b00000, 0x0000000085c00000|  0%| F|  |TAMS 0x0000000085b00000, 0x0000000085b00000| Untracked 
|  92|0x0000000085c00000, 0x0000000085c00000, 0x0000000085d00000|  0%| F|  |TAMS 0x0000000085c00000, 0x0000000085c00000| Untracked 
|  93|0x0000000085d00000, 0x0000000085d00000, 0x0000000085e00000|  0%| F|  |TAMS 0x0000000085d00000, 0x0000000085d00000| Untracked 
|  94|0x0000000085e00000, 0x0000000085e00000, 0x0000000085f00000|  0%| F|  |TAMS 0x0000000085e00000, 0x0000000085e00000| Untracked 
|  95|0x0000000085f00000, 0x0000000085f00000, 0x0000000086000000|  0%| F|  |TAMS 0x0000000085f00000, 0x0000000085f00000| Untracked 
|  96|0x0000000086000000, 0x0000000086000000, 0x0000000086100000|  0%| F|  |TAMS 0x0000000086000000, 0x0000000086000000| Untracked 
|  97|0x0000000086100000, 0x0000000086100000, 0x0000000086200000|  0%| F|  |TAMS 0x0000000086100000, 0x0000000086100000| Untracked 
|  98|0x0000000086200000, 0x0000000086200000, 0x0000000086300000|  0%| F|  |TAMS 0x0000000086200000, 0x0000000086200000| Untracked 
|  99|0x0000000086300000, 0x0000000086300000, 0x0000000086400000|  0%| F|  |TAMS 0x0000000086300000, 0x0000000086300000| Untracked 
| 100|0x0000000086400000, 0x0000000086400000, 0x0000000086500000|  0%| F|  |TAMS 0x0000000086400000, 0x0000000086400000| Untracked 
| 101|0x0000000086500000, 0x0000000086500000, 0x0000000086600000|  0%| F|  |TAMS 0x0000000086500000, 0x0000000086500000| Untracked 
| 102|0x0000000086600000, 0x0000000086600000, 0x0000000086700000|  0%| F|  |TAMS 0x0000000086600000, 0x0000000086600000| Untracked 
| 103|0x0000000086700000, 0x0000000086700000, 0x0000000086800000|  0%| F|  |TAMS 0x0000000086700000, 0x0000000086700000| Untracked 
| 104|0x0000000086800000, 0x0000000086800000, 0x0000000086900000|  0%| F|  |TAMS 0x0000000086800000, 0x0000000086800000| Untracked 
| 105|0x0000000086900000, 0x0000000086900000, 0x0000000086a00000|  0%| F|  |TAMS 0x0000000086900000, 0x0000000086900000| Untracked 
| 106|0x0000000086a00000, 0x0000000086a00000, 0x0000000086b00000|  0%| F|  |TAMS 0x0000000086a00000, 0x0000000086a00000| Untracked 
| 107|0x0000000086b00000, 0x0000000086b00000, 0x0000000086c00000|  0%| F|  |TAMS 0x0000000086b00000, 0x0000000086b00000| Untracked 
| 108|0x0000000086c00000, 0x0000000086c00000, 0x0000000086d00000|  0%| F|  |TAMS 0x0000000086c00000, 0x0000000086c00000| Untracked 
| 109|0x0000000086d00000, 0x0000000086d00000, 0x0000000086e00000|  0%| F|  |TAMS 0x0000000086d00000, 0x0000000086d00000| Untracked 
| 110|0x0000000086e00000, 0x0000000086e00000, 0x0000000086f00000|  0%| F|  |TAMS 0x0000000086e00000, 0x0000000086e00000| Untracked 
| 111|0x0000000086f00000, 0x0000000086f00000, 0x0000000087000000|  0%| F|  |TAMS 0x0000000086f00000, 0x0000000086f00000| Untracked 
| 112|0x0000000087000000, 0x0000000087000000, 0x0000000087100000|  0%| F|  |TAMS 0x0000000087000000, 0x0000000087000000| Untracked 
| 113|0x0000000087100000, 0x0000000087100000, 0x0000000087200000|  0%| F|  |TAMS 0x0000000087100000, 0x0000000087100000| Untracked 
| 114|0x0000000087200000, 0x0000000087200000, 0x0000000087300000|  0%| F|  |TAMS 0x0000000087200000, 0x0000000087200000| Untracked 
| 115|0x0000000087300000, 0x0000000087300000, 0x0000000087400000|  0%| F|  |TAMS 0x0000000087300000, 0x0000000087300000| Untracked 
| 116|0x0000000087400000, 0x0000000087400000, 0x0000000087500000|  0%| F|  |TAMS 0x0000000087400000, 0x0000000087400000| Untracked 
| 117|0x0000000087500000, 0x0000000087500000, 0x0000000087600000|  0%| F|  |TAMS 0x0000000087500000, 0x0000000087500000| Untracked 
| 118|0x0000000087600000, 0x0000000087600000, 0x0000000087700000|  0%| F|  |TAMS 0x0000000087600000, 0x0000000087600000| Untracked 
| 119|0x0000000087700000, 0x0000000087700000, 0x0000000087800000|  0%| F|  |TAMS 0x0000000087700000, 0x0000000087700000| Untracked 
| 120|0x0000000087800000, 0x0000000087800000, 0x0000000087900000|  0%| F|  |TAMS 0x0000000087800000, 0x0000000087800000| Untracked 
| 121|0x0000000087900000, 0x0000000087900000, 0x0000000087a00000|  0%| F|  |TAMS 0x0000000087900000, 0x0000000087900000| Untracked 
| 122|0x0000000087a00000, 0x0000000087a00000, 0x0000000087b00000|  0%| F|  |TAMS 0x0000000087a00000, 0x0000000087a00000| Untracked 
| 123|0x0000000087b00000, 0x0000000087b00000, 0x0000000087c00000|  0%| F|  |TAMS 0x0000000087b00000, 0x0000000087b00000| Untracked 
| 124|0x0000000087c00000, 0x0000000087c00000, 0x0000000087d00000|  0%| F|  |TAMS 0x0000000087c00000, 0x0000000087c00000| Untracked 
| 125|0x0000000087d00000, 0x0000000087d00000, 0x0000000087e00000|  0%| F|  |TAMS 0x0000000087d00000, 0x0000000087d00000| Untracked 
| 126|0x0000000087e00000, 0x0000000087e00000, 0x0000000087f00000|  0%| F|  |TAMS 0x0000000087e00000, 0x0000000087e00000| Untracked 
| 127|0x0000000087f00000, 0x0000000087f00000, 0x0000000088000000|  0%| F|  |TAMS 0x0000000087f00000, 0x0000000087f00000| Untracked 
| 128|0x0000000088000000, 0x0000000088000000, 0x0000000088100000|  0%| F|  |TAMS 0x0000000088000000, 0x0000000088000000| Untracked 
| 129|0x0000000088100000, 0x0000000088100000, 0x0000000088200000|  0%| F|  |TAMS 0x0000000088100000, 0x0000000088100000| Untracked 
| 130|0x0000000088200000, 0x0000000088200000, 0x0000000088300000|  0%| F|  |TAMS 0x0000000088200000, 0x0000000088200000| Untracked 
| 131|0x0000000088300000, 0x0000000088300000, 0x0000000088400000|  0%| F|  |TAMS 0x0000000088300000, 0x0000000088300000| Untracked 
| 132|0x0000000088400000, 0x0000000088400000, 0x0000000088500000|  0%| F|  |TAMS 0x0000000088400000, 0x0000000088400000| Untracked 
| 133|0x0000000088500000, 0x0000000088500000, 0x0000000088600000|  0%| F|  |TAMS 0x0000000088500000, 0x0000000088500000| Untracked 
| 134|0x0000000088600000, 0x0000000088600000, 0x0000000088700000|  0%| F|  |TAMS 0x0000000088600000, 0x0000000088600000| Untracked 
| 135|0x0000000088700000, 0x0000000088700000, 0x0000000088800000|  0%| F|  |TAMS 0x0000000088700000, 0x0000000088700000| Untracked 
| 136|0x0000000088800000, 0x0000000088800000, 0x0000000088900000|  0%| F|  |TAMS 0x0000000088800000, 0x0000000088800000| Untracked 
| 137|0x0000000088900000, 0x0000000088900000, 0x0000000088a00000|  0%| F|  |TAMS 0x0000000088900000, 0x0000000088900000| Untracked 
| 138|0x0000000088a00000, 0x0000000088a00000, 0x0000000088b00000|  0%| F|  |TAMS 0x0000000088a00000, 0x0000000088a00000| Untracked 
| 139|0x0000000088b00000, 0x0000000088b00000, 0x0000000088c00000|  0%| F|  |TAMS 0x0000000088b00000, 0x0000000088b00000| Untracked 
| 140|0x0000000088c00000, 0x0000000088c00000, 0x0000000088d00000|  0%| F|  |TAMS 0x0000000088c00000, 0x0000000088c00000| Untracked 
| 141|0x0000000088d00000, 0x0000000088d00000, 0x0000000088e00000|  0%| F|  |TAMS 0x0000000088d00000, 0x0000000088d00000| Untracked 
| 142|0x0000000088e00000, 0x0000000088e00000, 0x0000000088f00000|  0%| F|  |TAMS 0x0000000088e00000, 0x0000000088e00000| Untracked 
| 143|0x0000000088f00000, 0x0000000088f00000, 0x0000000089000000|  0%| F|  |TAMS 0x0000000088f00000, 0x0000000088f00000| Untracked 
| 144|0x0000000089000000, 0x0000000089000000, 0x0000000089100000|  0%| F|  |TAMS 0x0000000089000000, 0x0000000089000000| Untracked 
| 145|0x0000000089100000, 0x0000000089100000, 0x0000000089200000|  0%| F|  |TAMS 0x0000000089100000, 0x0000000089100000| Untracked 
| 146|0x0000000089200000, 0x0000000089200000, 0x0000000089300000|  0%| F|  |TAMS 0x0000000089200000, 0x0000000089200000| Untracked 
| 147|0x0000000089300000, 0x0000000089300000, 0x0000000089400000|  0%| F|  |TAMS 0x0000000089300000, 0x0000000089300000| Untracked 
| 148|0x0000000089400000, 0x0000000089400000, 0x0000000089500000|  0%| F|  |TAMS 0x0000000089400000, 0x0000000089400000| Untracked 
| 149|0x0000000089500000, 0x0000000089500000, 0x0000000089600000|  0%| F|  |TAMS 0x0000000089500000, 0x0000000089500000| Untracked 
| 150|0x0000000089600000, 0x0000000089600000, 0x0000000089700000|  0%| F|  |TAMS 0x0000000089600000, 0x0000000089600000| Untracked 
| 151|0x0000000089700000, 0x0000000089700000, 0x0000000089800000|  0%| F|  |TAMS 0x0000000089700000, 0x0000000089700000| Untracked 
| 152|0x0000000089800000, 0x0000000089800000, 0x0000000089900000|  0%| F|  |TAMS 0x0000000089800000, 0x0000000089800000| Untracked 
| 153|0x0000000089900000, 0x0000000089900000, 0x0000000089a00000|  0%| F|  |TAMS 0x0000000089900000, 0x0000000089900000| Untracked 
| 154|0x0000000089a00000, 0x0000000089a00000, 0x0000000089b00000|  0%| F|  |TAMS 0x0000000089a00000, 0x0000000089a00000| Untracked 
| 155|0x0000000089b00000, 0x0000000089b00000, 0x0000000089c00000|  0%| F|  |TAMS 0x0000000089b00000, 0x0000000089b00000| Untracked 
| 156|0x0000000089c00000, 0x0000000089c00000, 0x0000000089d00000|  0%| F|  |TAMS 0x0000000089c00000, 0x0000000089c00000| Untracked 
| 157|0x0000000089d00000, 0x0000000089d00000, 0x0000000089e00000|  0%| F|  |TAMS 0x0000000089d00000, 0x0000000089d00000| Untracked 
| 158|0x0000000089e00000, 0x0000000089e00000, 0x0000000089f00000|  0%| F|  |TAMS 0x0000000089e00000, 0x0000000089e00000| Untracked 
| 159|0x0000000089f00000, 0x0000000089f00000, 0x000000008a000000|  0%| F|  |TAMS 0x0000000089f00000, 0x0000000089f00000| Untracked 
| 160|0x000000008a000000, 0x000000008a000000, 0x000000008a100000|  0%| F|  |TAMS 0x000000008a000000, 0x000000008a000000| Untracked 
| 161|0x000000008a100000, 0x000000008a100000, 0x000000008a200000|  0%| F|  |TAMS 0x000000008a100000, 0x000000008a100000| Untracked 
| 162|0x000000008a200000, 0x000000008a200000, 0x000000008a300000|  0%| F|  |TAMS 0x000000008a200000, 0x000000008a200000| Untracked 
| 163|0x000000008a300000, 0x000000008a300000, 0x000000008a400000|  0%| F|  |TAMS 0x000000008a300000, 0x000000008a300000| Untracked 
| 164|0x000000008a400000, 0x000000008a400000, 0x000000008a500000|  0%| F|  |TAMS 0x000000008a400000, 0x000000008a400000| Untracked 
| 165|0x000000008a500000, 0x000000008a500000, 0x000000008a600000|  0%| F|  |TAMS 0x000000008a500000, 0x000000008a500000| Untracked 
| 166|0x000000008a600000, 0x000000008a600000, 0x000000008a700000|  0%| F|  |TAMS 0x000000008a600000, 0x000000008a600000| Untracked 
| 167|0x000000008a700000, 0x000000008a700000, 0x000000008a800000|  0%| F|  |TAMS 0x000000008a700000, 0x000000008a700000| Untracked 
| 168|0x000000008a800000, 0x000000008a800000, 0x000000008a900000|  0%| F|  |TAMS 0x000000008a800000, 0x000000008a800000| Untracked 
| 169|0x000000008a900000, 0x000000008a900000, 0x000000008aa00000|  0%| F|  |TAMS 0x000000008a900000, 0x000000008a900000| Untracked 
| 170|0x000000008aa00000, 0x000000008aa00000, 0x000000008ab00000|  0%| F|  |TAMS 0x000000008aa00000, 0x000000008aa00000| Untracked 
| 171|0x000000008ab00000, 0x000000008ab00000, 0x000000008ac00000|  0%| F|  |TAMS 0x000000008ab00000, 0x000000008ab00000| Untracked 
| 172|0x000000008ac00000, 0x000000008ac00000, 0x000000008ad00000|  0%| F|  |TAMS 0x000000008ac00000, 0x000000008ac00000| Untracked 
| 173|0x000000008ad00000, 0x000000008ad00000, 0x000000008ae00000|  0%| F|  |TAMS 0x000000008ad00000, 0x000000008ad00000| Untracked 
| 174|0x000000008ae00000, 0x000000008ae00000, 0x000000008af00000|  0%| F|  |TAMS 0x000000008ae00000, 0x000000008ae00000| Untracked 
| 175|0x000000008af00000, 0x000000008af00000, 0x000000008b000000|  0%| F|  |TAMS 0x000000008af00000, 0x000000008af00000| Untracked 
| 176|0x000000008b000000, 0x000000008b000000, 0x000000008b100000|  0%| F|  |TAMS 0x000000008b000000, 0x000000008b000000| Untracked 
| 177|0x000000008b100000, 0x000000008b100000, 0x000000008b200000|  0%| F|  |TAMS 0x000000008b100000, 0x000000008b100000| Untracked 
| 178|0x000000008b200000, 0x000000008b200000, 0x000000008b300000|  0%| F|  |TAMS 0x000000008b200000, 0x000000008b200000| Untracked 
| 179|0x000000008b300000, 0x000000008b300000, 0x000000008b400000|  0%| F|  |TAMS 0x000000008b300000, 0x000000008b300000| Untracked 
| 180|0x000000008b400000, 0x000000008b400000, 0x000000008b500000|  0%| F|  |TAMS 0x000000008b400000, 0x000000008b400000| Untracked 
| 181|0x000000008b500000, 0x000000008b500000, 0x000000008b600000|  0%| F|  |TAMS 0x000000008b500000, 0x000000008b500000| Untracked 
| 182|0x000000008b600000, 0x000000008b600000, 0x000000008b700000|  0%| F|  |TAMS 0x000000008b600000, 0x000000008b600000| Untracked 
| 183|0x000000008b700000, 0x000000008b700000, 0x000000008b800000|  0%| F|  |TAMS 0x000000008b700000, 0x000000008b700000| Untracked 
| 184|0x000000008b800000, 0x000000008b800000, 0x000000008b900000|  0%| F|  |TAMS 0x000000008b800000, 0x000000008b800000| Untracked 
| 185|0x000000008b900000, 0x000000008b900000, 0x000000008ba00000|  0%| F|  |TAMS 0x000000008b900000, 0x000000008b900000| Untracked 
| 186|0x000000008ba00000, 0x000000008ba00000, 0x000000008bb00000|  0%| F|  |TAMS 0x000000008ba00000, 0x000000008ba00000| Untracked 
| 187|0x000000008bb00000, 0x000000008bb00000, 0x000000008bc00000|  0%| F|  |TAMS 0x000000008bb00000, 0x000000008bb00000| Untracked 
| 188|0x000000008bc00000, 0x000000008bc00000, 0x000000008bd00000|  0%| F|  |TAMS 0x000000008bc00000, 0x000000008bc00000| Untracked 
| 189|0x000000008bd00000, 0x000000008bd00000, 0x000000008be00000|  0%| F|  |TAMS 0x000000008bd00000, 0x000000008bd00000| Untracked 
| 190|0x000000008be00000, 0x000000008be00000, 0x000000008bf00000|  0%| F|  |TAMS 0x000000008be00000, 0x000000008be00000| Untracked 
| 191|0x000000008bf00000, 0x000000008bf00000, 0x000000008c000000|  0%| F|  |TAMS 0x000000008bf00000, 0x000000008bf00000| Untracked 
| 192|0x000000008c000000, 0x000000008c080800, 0x000000008c100000| 50%| E|  |TAMS 0x000000008c000000, 0x000000008c000000| Complete 
| 193|0x000000008c100000, 0x000000008c200000, 0x000000008c200000|100%| E|CS|TAMS 0x000000008c100000, 0x000000008c100000| Complete 
| 194|0x000000008c200000, 0x000000008c300000, 0x000000008c300000|100%| E|CS|TAMS 0x000000008c200000, 0x000000008c200000| Complete 
| 195|0x000000008c300000, 0x000000008c400000, 0x000000008c400000|100%| E|CS|TAMS 0x000000008c300000, 0x000000008c300000| Complete 
| 196|0x000000008c400000, 0x000000008c500000, 0x000000008c500000|100%| E|CS|TAMS 0x000000008c400000, 0x000000008c400000| Complete 
| 197|0x000000008c500000, 0x000000008c600000, 0x000000008c600000|100%| E|CS|TAMS 0x000000008c500000, 0x000000008c500000| Complete 
| 198|0x000000008c600000, 0x000000008c700000, 0x000000008c700000|100%| E|CS|TAMS 0x000000008c600000, 0x000000008c600000| Complete 
| 199|0x000000008c700000, 0x000000008c800000, 0x000000008c800000|100%| E|CS|TAMS 0x000000008c700000, 0x000000008c700000| Complete 
| 200|0x000000008c800000, 0x000000008c900000, 0x000000008c900000|100%| E|CS|TAMS 0x000000008c800000, 0x000000008c800000| Complete 
| 201|0x000000008c900000, 0x000000008ca00000, 0x000000008ca00000|100%| E|CS|TAMS 0x000000008c900000, 0x000000008c900000| Complete 
| 202|0x000000008ca00000, 0x000000008cb00000, 0x000000008cb00000|100%| E|CS|TAMS 0x000000008ca00000, 0x000000008ca00000| Complete 
| 203|0x000000008cb00000, 0x000000008cc00000, 0x000000008cc00000|100%| E|CS|TAMS 0x000000008cb00000, 0x000000008cb00000| Complete 
| 204|0x000000008cc00000, 0x000000008cd00000, 0x000000008cd00000|100%| E|CS|TAMS 0x000000008cc00000, 0x000000008cc00000| Complete 
| 205|0x000000008cd00000, 0x000000008ce00000, 0x000000008ce00000|100%| E|CS|TAMS 0x000000008cd00000, 0x000000008cd00000| Complete 
| 206|0x000000008ce00000, 0x000000008cf00000, 0x000000008cf00000|100%| E|CS|TAMS 0x000000008ce00000, 0x000000008ce00000| Complete 
| 207|0x000000008cf00000, 0x000000008d000000, 0x000000008d000000|100%| E|CS|TAMS 0x000000008cf00000, 0x000000008cf00000| Complete 
| 208|0x000000008d000000, 0x000000008d100000, 0x000000008d100000|100%| E|CS|TAMS 0x000000008d000000, 0x000000008d000000| Complete 
| 209|0x000000008d100000, 0x000000008d200000, 0x000000008d200000|100%| E|CS|TAMS 0x000000008d100000, 0x000000008d100000| Complete 
| 210|0x000000008d200000, 0x000000008d300000, 0x000000008d300000|100%| E|CS|TAMS 0x000000008d200000, 0x000000008d200000| Complete 
| 211|0x000000008d300000, 0x000000008d400000, 0x000000008d400000|100%| E|CS|TAMS 0x000000008d300000, 0x000000008d300000| Complete 
| 212|0x000000008d400000, 0x000000008d500000, 0x000000008d500000|100%| E|CS|TAMS 0x000000008d400000, 0x000000008d400000| Complete 
| 213|0x000000008d500000, 0x000000008d600000, 0x000000008d600000|100%| E|CS|TAMS 0x000000008d500000, 0x000000008d500000| Complete 
| 214|0x000000008d600000, 0x000000008d700000, 0x000000008d700000|100%| E|CS|TAMS 0x000000008d600000, 0x000000008d600000| Complete 
| 215|0x000000008d700000, 0x000000008d800000, 0x000000008d800000|100%| E|CS|TAMS 0x000000008d700000, 0x000000008d700000| Complete 
| 216|0x000000008d800000, 0x000000008d900000, 0x000000008d900000|100%| E|CS|TAMS 0x000000008d800000, 0x000000008d800000| Complete 
| 217|0x000000008d900000, 0x000000008da00000, 0x000000008da00000|100%| E|CS|TAMS 0x000000008d900000, 0x000000008d900000| Complete 
| 218|0x000000008da00000, 0x000000008db00000, 0x000000008db00000|100%| E|CS|TAMS 0x000000008da00000, 0x000000008da00000| Complete 
| 219|0x000000008db00000, 0x000000008dc00000, 0x000000008dc00000|100%| E|CS|TAMS 0x000000008db00000, 0x000000008db00000| Complete 
| 220|0x000000008dc00000, 0x000000008dd00000, 0x000000008dd00000|100%| E|CS|TAMS 0x000000008dc00000, 0x000000008dc00000| Complete 
| 221|0x000000008dd00000, 0x000000008de00000, 0x000000008de00000|100%| E|CS|TAMS 0x000000008dd00000, 0x000000008dd00000| Complete 

Card table byte_map: [0x000001ebb5a90000,0x000001ebb5e90000] _byte_map_base: 0x000001ebb5690000

Marking Bits (Prev, Next): (CMBitMap*) 0x000001eb9e670af0, (CMBitMap*) 0x000001eb9e670b30
 Prev Bits: [0x000001ebb6290000, 0x000001ebb8290000)
 Next Bits: [0x000001ebb8290000, 0x000001ebba290000)

Polling page: 0x000001eb9c5a0000

Metaspace:

Usage:
  Non-class:     16.54 MB used.
      Class:      2.81 MB used.
       Both:     19.34 MB used.

Virtual space:
  Non-class space:       24.00 MB reserved,      16.69 MB ( 70%) committed,  3 nodes.
      Class space:      412.00 MB reserved,       2.94 MB ( <1%) committed,  1 nodes.
             Both:      436.00 MB reserved,      19.62 MB (  5%) committed. 

Chunk freelists:
   Non-Class:  2.47 MB
       Class:  1.06 MB
        Both:  3.53 MB

MaxMetaspaceSize: 512.00 MB
CompressedClassSpaceSize: 412.00 MB
Initial GC threshold: 21.00 MB
Current GC threshold: 21.00 MB
CDS: on
MetaspaceReclaimPolicy: balanced
 - commit_granule_bytes: 65536.
 - commit_granule_words: 8192.
 - virtual_space_node_default_size: 1048576.
 - enlarge_chunks_in_place: 1.
 - new_chunks_are_fully_committed: 0.
 - uncommit_free_chunks: 1.
 - use_allocation_guard: 0.
 - handle_deallocations: 1.


Internal statistics:

num_allocs_failed_limit: 0.
num_arena_births: 244.
num_arena_deaths: 0.
num_vsnodes_births: 4.
num_vsnodes_deaths: 0.
num_space_committed: 314.
num_space_uncommitted: 0.
num_chunks_returned_to_freelist: 0.
num_chunks_taken_from_freelist: 959.
num_chunk_merges: 0.
num_chunk_splits: 622.
num_chunks_enlarged: 421.
num_purges: 0.
num_inconsistent_stats: 0.

CodeHeap 'non-profiled nmethods': size=119168Kb used=1239Kb max_used=1239Kb free=117928Kb
 bounds [0x000001ebad9b0000, 0x000001ebadc20000, 0x000001ebb4e10000]
CodeHeap 'profiled nmethods': size=119104Kb used=5963Kb max_used=5963Kb free=113140Kb
 bounds [0x000001eba6560000, 0x000001eba6b40000, 0x000001ebad9b0000]
CodeHeap 'non-nmethods': size=7488Kb used=2925Kb max_used=2953Kb free=4562Kb
 bounds [0x000001eba5e10000, 0x000001eba6100000, 0x000001eba6560000]
 total_blobs=3295 nmethods=2749 adapters=455
 compilation: enabled
              stopped_count=0, restarted_count=0
 full_count=0

Compilation events (20 events):
Event: 3.921 Thread 0x000001ebbd252190 2732       3       java.lang.invoke.LambdaForm::returnType (26 bytes)
Event: 3.921 Thread 0x000001ebbd252190 nmethod 2732 0x000001eba6b0d890 code [0x000001eba6b0da40, 0x000001eba6b0dbf8]
Event: 3.921 Thread 0x000001ebbd252190 2733       3       jdk.internal.org.objectweb.asm.MethodWriter::visitAnnotation (40 bytes)
Event: 3.921 Thread 0x000001ebbdd2ee50 2734       3       jdk.internal.org.objectweb.asm.AnnotationWriter::create (34 bytes)
Event: 3.921 Thread 0x000001ebbdd4e710 2735       3       jdk.internal.org.objectweb.asm.AnnotationWriter::<init> (60 bytes)
Event: 3.921 Thread 0x000001ebbdd2e480 2736       3       jdk.internal.org.objectweb.asm.AnnotationVisitor::<init> (7 bytes)
Event: 3.921 Thread 0x000001ebbdd2e480 nmethod 2736 0x000001eba6b0dd10 code [0x000001eba6b0dec0, 0x000001eba6b0e008]
Event: 3.921 Thread 0x000001ebbdd2e480 2737       3       jdk.internal.org.objectweb.asm.AnnotationVisitor::<init> (88 bytes)
Event: 3.921 Thread 0x000001ebbd252190 nmethod 2733 0x000001eba6b0e090 code [0x000001eba6b0e240, 0x000001eba6b0e4f8]
Event: 3.921 Thread 0x000001ebbd252190 2738       3       jdk.internal.org.objectweb.asm.AnnotationWriter::visitEnd (44 bytes)
Event: 3.921 Thread 0x000001ebbdd2ee50 nmethod 2734 0x000001eba6b0e590 code [0x000001eba6b0e780, 0x000001eba6b0ec38]
Event: 3.921 Thread 0x000001ebbdd4e710 nmethod 2735 0x000001eba6b0ee10 code [0x000001eba6b0efe0, 0x000001eba6b0f3e8]
Event: 3.921 Thread 0x000001ebbd252190 nmethod 2738 0x000001eba6b0f590 code [0x000001eba6b0f720, 0x000001eba6b0f8b8]
Event: 3.922 Thread 0x000001ebbdd2e480 nmethod 2737 0x000001eba6b0fa10 code [0x000001eba6b0fc60, 0x000001eba6b10548]
Event: 3.933 Thread 0x000001ebbd252190 2739       3       java.util.concurrent.locks.AbstractQueuedSynchronizer::signalNext (34 bytes)
Event: 3.934 Thread 0x000001ebbd252190 nmethod 2739 0x000001eba6b10810 code [0x000001eba6b109e0, 0x000001eba6b10c98]
Event: 3.934 Thread 0x000001ebbd252190 2740       3       jdk.internal.reflect.ConstantPool::getIntAt (10 bytes)
Event: 3.934 Thread 0x000001ebbd252190 nmethod 2740 0x000001eba6b10e10 code [0x000001eba6b10fa0, 0x000001eba6b110e8]
Event: 3.935 Thread 0x000001ebbdd2ee50 2742       3       org.gradle.internal.service.DefaultServiceRegistry::access$2000 (4 bytes)
Event: 3.935 Thread 0x000001ebbdd2ee50 nmethod 2742 0x000001eba6b11190 code [0x000001eba6b11320, 0x000001eba6b11418]

GC Heap History (6 events):
Event: 0.487 GC heap before
{Heap before GC invocations=0 (full 0):
 garbage-first heap   total 227328K, used 23552K [0x0000000080000000, 0x0000000100000000)
  region size 1024K, 23 young (23552K), 0 survivors (0K)
 Metaspace       used 1080K, committed 1216K, reserved 430080K
  class space    used 77K, committed 128K, reserved 421888K
}
Event: 0.490 GC heap after
{Heap after GC invocations=1 (full 0):
 garbage-first heap   total 227328K, used 2022K [0x0000000080000000, 0x0000000100000000)
  region size 1024K, 2 young (2048K), 2 survivors (2048K)
 Metaspace       used 1080K, committed 1216K, reserved 430080K
  class space    used 77K, committed 128K, reserved 421888K
}
Event: 1.051 GC heap before
{Heap before GC invocations=1 (full 0):
 garbage-first heap   total 227328K, used 37862K [0x0000000080000000, 0x0000000100000000)
  region size 1024K, 35 young (35840K), 2 survivors (2048K)
 Metaspace       used 4443K, committed 4608K, reserved 430080K
  class space    used 553K, committed 640K, reserved 421888K
}
Event: 1.056 GC heap after
{Heap after GC invocations=2 (full 0):
 garbage-first heap   total 227328K, used 11001K [0x0000000080000000, 0x0000000100000000)
  region size 1024K, 5 young (5120K), 5 survivors (5120K)
 Metaspace       used 4443K, committed 4608K, reserved 430080K
  class space    used 553K, committed 640K, reserved 421888K
}
Event: 3.518 GC heap before
{Heap before GC invocations=2 (full 0):
 garbage-first heap   total 227328K, used 143097K [0x0000000080000000, 0x0000000100000000)
  region size 1024K, 133 young (136192K), 5 survivors (5120K)
 Metaspace       used 16652K, committed 16960K, reserved 438272K
  class space    used 2320K, committed 2496K, reserved 421888K
}
Event: 3.526 GC heap after
{Heap after GC invocations=3 (full 0):
 garbage-first heap   total 227328K, used 21333K [0x0000000080000000, 0x0000000100000000)
  region size 1024K, 15 young (15360K), 15 survivors (15360K)
 Metaspace       used 16652K, committed 16960K, reserved 438272K
  class space    used 2320K, committed 2496K, reserved 421888K
}

Deoptimization events (20 events):
Event: 3.355 Thread 0x000001ebbf923500 DEOPT PACKING pc=0x000001ebadaa35f4 sp=0x000000e3f4dfaa90
Event: 3.355 Thread 0x000001ebbf923500 DEOPT UNPACKING pc=0x000001eba5e623a3 sp=0x000000e3f4dfa9c0 mode 2
Event: 3.373 Thread 0x000001ebbf923500 Uncommon trap: trap_request=0xffffff45 fr.pc=0x000001ebad9ce338 relative=0x00000000000009d8
Event: 3.373 Thread 0x000001ebbf923500 Uncommon trap: reason=unstable_if action=reinterpret pc=0x000001ebad9ce338 method=java.io.WinNTFileSystem.resolve(Ljava/lang/String;Ljava/lang/String;)Ljava/lang/String; @ 19 c2
Event: 3.373 Thread 0x000001ebbf923500 DEOPT PACKING pc=0x000001ebad9ce338 sp=0x000000e3f4dfaf20
Event: 3.373 Thread 0x000001ebbf923500 DEOPT UNPACKING pc=0x000001eba5e623a3 sp=0x000000e3f4dfaed8 mode 2
Event: 3.375 Thread 0x000001ebbf923500 Uncommon trap: trap_request=0xffffff45 fr.pc=0x000001ebada41040 relative=0x0000000000000620
Event: 3.375 Thread 0x000001ebbf923500 Uncommon trap: reason=unstable_if action=reinterpret pc=0x000001ebada41040 method=java.io.File.getName()Ljava/lang/String; @ 16 c2
Event: 3.375 Thread 0x000001ebbf923500 DEOPT PACKING pc=0x000001ebada41040 sp=0x000000e3f4dfaee0
Event: 3.375 Thread 0x000001ebbf923500 DEOPT UNPACKING pc=0x000001eba5e623a3 sp=0x000000e3f4dfaeb0 mode 2
Event: 3.569 Thread 0x000001ebbf923500 DEOPT PACKING pc=0x000001eba69b58c9 sp=0x000000e3f4df8560
Event: 3.569 Thread 0x000001ebbf923500 DEOPT UNPACKING pc=0x000001eba5e62b43 sp=0x000000e3f4df7a70 mode 0
Event: 3.601 Thread 0x000001ebbf923500 DEOPT PACKING pc=0x000001eba69b58c9 sp=0x000000e3f4df9b90
Event: 3.601 Thread 0x000001ebbf923500 DEOPT UNPACKING pc=0x000001eba5e62b43 sp=0x000000e3f4df90a0 mode 0
Event: 3.615 Thread 0x000001ebbf923500 DEOPT PACKING pc=0x000001eba69b58ea sp=0x000000e3f4dfaad0
Event: 3.615 Thread 0x000001ebbf923500 DEOPT UNPACKING pc=0x000001eba5e62b43 sp=0x000000e3f4df9fe0 mode 0
Event: 3.747 Thread 0x000001ebbf923500 DEOPT PACKING pc=0x000001eba69cd17e sp=0x000000e3f4dfa570
Event: 3.747 Thread 0x000001ebbf923500 DEOPT UNPACKING pc=0x000001eba5e62b43 sp=0x000000e3f4df99e0 mode 0
Event: 3.943 Thread 0x000001ebbf923500 DEOPT PACKING pc=0x000001eba69b58ea sp=0x000000e3f4dfbb40
Event: 3.943 Thread 0x000001ebbf923500 DEOPT UNPACKING pc=0x000001eba5e62b43 sp=0x000000e3f4dfb050 mode 0

Classes unloaded (0 events):
No events

Classes redefined (0 events):
No events

Internal exceptions (20 events):
Event: 2.913 Thread 0x000001ebbf923500 Exception <a 'java/lang/NoSuchMethodError'{0x00000000875a7e40}: 'int java.lang.invoke.DirectMethodHandle$Holder.invokeVirtual(java.lang.Object, java.lang.Object, java.lang.Object)'> (0x00000000875a7e40) 
thrown [t:\workspace\open\src\hotspot\share\interpreter\linkResolver.cpp, line 766]
Event: 2.962 Thread 0x000001ebbf923500 Exception <a 'java/lang/NoSuchMethodError'{0x000000008723f428}: 'java.lang.Object java.lang.invoke.DirectMethodHandle$Holder.newInvokeSpecial(java.lang.Object, java.lang.Object, java.lang.Object, java.lang.Object, java.lang.Object, java.lang.Object)'> (0x000000008723f428) 
thrown [t:\workspace\open\src\hotspot\share\interpreter\linkResolver.cpp, line 766]
Event: 3.033 Thread 0x000001ebbf923500 Exception <a 'java/lang/NoSuchMethodError'{0x0000000086f48fb8}: 'void java.lang.invoke.DelegatingMethodHandle$Holder.reinvoke_L(java.lang.Object, java.lang.Object, java.lang.Object, java.lang.Object, java.lang.Object, java.lang.Object, java.lang.Object, java.lang.Object, java.lang.Object, java.lang.Object)'> (0x0000000086f48fb8) 
thrown [t:\workspace\open\src\hotspot\share\interpreter\linkResolver.cpp, line 766]
Event: 3.034 Thread 0x000001ebbf923500 Exception <a 'java/lang/NoSuchMethodError'{0x0000000086f51428}: 'java.lang.Object java.lang.invoke.DirectMethodHandle$Holder.invokeSpecial(java.lang.Object, java.lang.Object, java.lang.Object, java.lang.Object, java.lang.Object, java.lang.Object, java.lang.Object, java.lang.Object, java.lang.Object, java.lang.Object)'> (0x0000000086f51428) 
thrown [t:\workspace\open\src\hotspot\share\interpreter\linkResolver.cpp, line 766]
Event: 3.035 Thread 0x000001ebbf923500 Exception <a 'java/lang/NoSuchMethodError'{0x0000000086f55cf8}: 'java.lang.Object java.lang.invoke.Invokers$Holder.invoker(java.lang.Object, java.lang.Object, java.lang.Object, java.lang.Object, java.lang.Object, java.lang.Object, java.lang.Object, java.lang.Object, java.lang.Object, java.lang.Object)'> (0x0000000086f55cf8) 
thrown [t:\workspace\open\src\hotspot\share\interpreter\linkResolver.cpp, line 766]
Event: 3.035 Thread 0x000001ebbf923500 Exception <a 'java/lang/NoSuchMethodError'{0x0000000086f5b900}: 'java.lang.Object java.lang.invoke.DirectMethodHandle$Holder.invokeSpecial(java.lang.Object, java.lang.Object, java.lang.Object, java.lang.Object, java.lang.Object, java.lang.Object, java.lang.Object, java.lang.Object, java.lang.Object, java.lang.Object, java.lang.Object)'> (0x0000000086f5b900) 
thrown [t:\workspace\open\src\hotspot\share\interpreter\linkResolver.cpp, line 766]
Event: 3.175 Thread 0x000001ebbf923500 Exception <a 'java/lang/NoSuchMethodError'{0x0000000086764920}: 'java.lang.Object java.lang.invoke.DirectMethodHandle$Holder.newInvokeSpecial(java.lang.Object, java.lang.Object, int)'> (0x0000000086764920) 
thrown [t:\workspace\open\src\hotspot\share\interpreter\linkResolver.cpp, line 766]
Event: 3.392 Thread 0x000001ebbf923500 Exception <a 'java/lang/NoSuchMethodError'{0x0000000086140230}: 'java.lang.Object java.lang.invoke.DirectMethodHandle$Holder.invokeInterface(java.lang.Object, java.lang.Object, java.lang.Object)'> (0x0000000086140230) 
thrown [t:\workspace\open\src\hotspot\share\interpreter\linkResolver.cpp, line 766]
Event: 3.408 Thread 0x000001ebbf923500 Exception <a 'java/lang/NoSuchMethodError'{0x0000000086028978}: 'int java.lang.invoke.DirectMethodHandle$Holder.invokeSpecialIFC(java.lang.Object, java.lang.Object, java.lang.Object, java.lang.Object)'> (0x0000000086028978) 
thrown [t:\workspace\open\src\hotspot\share\interpreter\linkResolver.cpp, line 766]
Event: 3.409 Thread 0x000001ebbf923500 Exception <a 'java/lang/IncompatibleClassChangeError'{0x0000000086037710}: Found class java.lang.Object, but interface was expected> (0x0000000086037710) 
thrown [t:\workspace\open\src\hotspot\share\interpreter\linkResolver.cpp, line 833]
Event: 3.439 Thread 0x000001ebbf923500 Exception <a 'java/lang/NoSuchMethodError'{0x0000000085e37878}: 'int java.lang.invoke.DirectMethodHandle$Holder.invokeStatic(java.lang.Object, java.lang.Object, java.lang.Object, java.lang.Object)'> (0x0000000085e37878) 
thrown [t:\workspace\open\src\hotspot\share\interpreter\linkResolver.cpp, line 766]
Event: 3.439 Thread 0x000001ebbf923500 Exception <a 'java/lang/NoSuchMethodError'{0x0000000085e3b748}: 'java.lang.Object java.lang.invoke.Invokers$Holder.invokeExact_MT(java.lang.Object, java.lang.Object, java.lang.Object, java.lang.Object, java.lang.Object, java.lang.Object)'> (0x0000000085e3b748) 
thrown [t:\workspace\open\src\hotspot\share\interpreter\linkResolver.cpp, line 766]
Event: 3.496 Thread 0x000001ebbf923500 Exception <a 'java/lang/IncompatibleClassChangeError'{0x0000000085a92120}: Found class java.lang.Object, but interface was expected> (0x0000000085a92120) 
thrown [t:\workspace\open\src\hotspot\share\interpreter\linkResolver.cpp, line 833]
Event: 3.556 Thread 0x000001ebbf99d9d0 Exception <a 'java/lang/NoSuchMethodError'{0x000000008dd93f80}: static Lorg/gradle/internal/build/event/types/DefaultOperationStartedProgressEvent;.<clinit>()V> (0x000000008dd93f80) 
thrown [t:\workspace\open\src\hotspot\share\prims\jni.cpp, line 1107]
Event: 3.556 Thread 0x000001ebbf99d9d0 Exception <a 'java/lang/NoSuchMethodError'{0x000000008dd95508}: static Lorg/gradle/internal/build/event/types/AbstractProgressEvent;.<clinit>()V> (0x000000008dd95508) 
thrown [t:\workspace\open\src\hotspot\share\prims\jni.cpp, line 1107]
Event: 3.557 Thread 0x000001ebbf99d9d0 Exception <a 'java/lang/NoSuchMethodError'{0x000000008dd9e190}: static Lorg/gradle/internal/build/event/types/DefaultOperationDescriptor;.<clinit>()V> (0x000000008dd9e190) 
thrown [t:\workspace\open\src\hotspot\share\prims\jni.cpp, line 1107]
Event: 3.560 Thread 0x000001ebbf99d9d0 Exception <a 'java/lang/NoSuchMethodError'{0x000000008ddb0e20}: static Lorg/gradle/internal/operations/OperationIdentifier;.<clinit>()V> (0x000000008ddb0e20) 
thrown [t:\workspace\open\src\hotspot\share\prims\jni.cpp, line 1107]
Event: 3.779 Thread 0x000001ebbf923500 Exception <a 'java/lang/NoSuchMethodError'{0x000000008d0dec58}: 'int java.lang.invoke.DirectMethodHandle$Holder.invokeStaticInit(java.lang.Object, java.lang.Object, java.lang.Object)'> (0x000000008d0dec58) 
thrown [t:\workspace\open\src\hotspot\share\interpreter\linkResolver.cpp, line 766]
Event: 3.921 Thread 0x000001ebbf923500 Exception <a 'java/lang/NoSuchMethodError'{0x000000008c652fe0}: 'void java.lang.invoke.DirectMethodHandle$Holder.invokeSpecial(java.lang.Object, java.lang.Object, java.lang.Object, java.lang.Object, java.lang.Object)'> (0x000000008c652fe0) 
thrown [t:\workspace\open\src\hotspot\share\interpreter\linkResolver.cpp, line 766]
Event: 3.921 Thread 0x000001ebbf923500 Exception <a 'java/lang/NoSuchMethodError'{0x000000008c65a940}: 'java.lang.Object java.lang.invoke.Invokers$Holder.invoker(java.lang.Object, java.lang.Object, java.lang.Object, java.lang.Object)'> (0x000000008c65a940) 
thrown [t:\workspace\open\src\hotspot\share\interpreter\linkResolver.cpp, line 766]

VM Operations (20 events):
Event: 2.363 Executing VM operation: HandshakeAllThreads
Event: 2.363 Executing VM operation: HandshakeAllThreads done
Event: 2.363 Executing VM operation: Cleanup
Event: 2.363 Executing VM operation: Cleanup done
Event: 2.411 Executing VM operation: HandshakeAllThreads
Event: 2.411 Executing VM operation: HandshakeAllThreads done
Event: 2.440 Executing VM operation: HandshakeAllThreads
Event: 2.440 Executing VM operation: HandshakeAllThreads done
Event: 2.505 Executing VM operation: HandshakeAllThreads
Event: 2.505 Executing VM operation: HandshakeAllThreads done
Event: 2.616 Executing VM operation: HandshakeAllThreads
Event: 2.616 Executing VM operation: HandshakeAllThreads done
Event: 3.032 Executing VM operation: ICBufferFull
Event: 3.033 Executing VM operation: ICBufferFull done
Event: 3.481 Executing VM operation: HandshakeAllThreads
Event: 3.481 Executing VM operation: HandshakeAllThreads done
Event: 3.481 Executing VM operation: HandshakeAllThreads
Event: 3.481 Executing VM operation: HandshakeAllThreads done
Event: 3.518 Executing VM operation: G1CollectForAllocation
Event: 3.526 Executing VM operation: G1CollectForAllocation done

Events (20 events):
Event: 3.409 loading class java/util/stream/ReduceOps$1ReducingSink
Event: 3.409 loading class java/util/stream/ReduceOps$1ReducingSink done
Event: 3.510 loading class java/util/Collections$2
Event: 3.510 loading class java/util/Collections$2 done
Event: 3.552 loading class java/io/ObjectOutputStream$BlockDataOutputStream
Event: 3.553 loading class java/io/ObjectOutputStream$BlockDataOutputStream done
Event: 3.553 loading class java/io/ObjectOutputStream$HandleTable
Event: 3.553 loading class java/io/ObjectOutputStream$HandleTable done
Event: 3.553 loading class java/io/ObjectOutputStream$ReplaceTable
Event: 3.553 loading class java/io/ObjectOutputStream$ReplaceTable done
Event: 3.558 loading class java/io/UnsupportedEncodingException
Event: 3.559 loading class java/io/UnsupportedEncodingException done
Event: 3.559 loading class java/nio/charset/CharacterCodingException
Event: 3.559 loading class java/nio/charset/CharacterCodingException done
Event: 3.622 loading class java/util/function/LongFunction
Event: 3.622 loading class java/util/function/LongFunction done
Event: 3.676 loading class java/security/InvalidKeyException
Event: 3.676 loading class java/security/KeyException
Event: 3.676 loading class java/security/KeyException done
Event: 3.676 loading class java/security/InvalidKeyException done


Dynamic libraries:
0x00007ff78c0a0000 - 0x00007ff78c0ae000 	D:\Java\jdk\jdk-17\bin\java.exe
0x00007ffeb46b0000 - 0x00007ffeb48c7000 	C:\WINDOWS\SYSTEM32\ntdll.dll
0x00007ffeb2ab0000 - 0x00007ffeb2b74000 	C:\WINDOWS\System32\KERNEL32.DLL
0x00007ffeb1b50000 - 0x00007ffeb1f23000 	C:\WINDOWS\System32\KERNELBASE.dll
0x00007ffeb2220000 - 0x00007ffeb2331000 	C:\WINDOWS\System32\ucrtbase.dll
0x00007ffe14100000 - 0x00007ffe14118000 	D:\Java\jdk\jdk-17\bin\jli.dll
0x00007ffe13fb0000 - 0x00007ffe13fca000 	D:\Java\jdk\jdk-17\bin\VCRUNTIME140.dll
0x00007ffeb2c00000 - 0x00007ffeb2db1000 	C:\WINDOWS\System32\USER32.dll
0x00007ffeb20d0000 - 0x00007ffeb20f6000 	C:\WINDOWS\System32\win32u.dll
0x00007ffeb2b90000 - 0x00007ffeb2bb9000 	C:\WINDOWS\System32\GDI32.dll
0x00007ffea0650000 - 0x00007ffea08eb000 	C:\WINDOWS\WinSxS\amd64_microsoft.windows.common-controls_6595b64144ccf1df_6.0.22621.5262_none_2712bde373830908\COMCTL32.dll
0x00007ffeb1a20000 - 0x00007ffeb1b42000 	C:\WINDOWS\System32\gdi32full.dll
0x00007ffeb3b80000 - 0x00007ffeb3c27000 	C:\WINDOWS\System32\msvcrt.dll
0x00007ffeb2180000 - 0x00007ffeb221a000 	C:\WINDOWS\System32\msvcp_win.dll
0x00007ffeb2bc0000 - 0x00007ffeb2bf1000 	C:\WINDOWS\System32\IMM32.DLL
0x00007ffe782f0000 - 0x00007ffe782fc000 	D:\Java\jdk\jdk-17\bin\vcruntime140_1.dll
0x00007ffdd6340000 - 0x00007ffdd63cd000 	D:\Java\jdk\jdk-17\bin\msvcp140.dll
0x00007ffdaaa00000 - 0x00007ffdab5be000 	D:\Java\jdk\jdk-17\bin\server\jvm.dll
0x00007ffeb3030000 - 0x00007ffeb30e1000 	C:\WINDOWS\System32\ADVAPI32.dll
0x00007ffeb3a30000 - 0x00007ffeb3ad7000 	C:\WINDOWS\System32\sechost.dll
0x00007ffeb1f30000 - 0x00007ffeb1f58000 	C:\WINDOWS\System32\bcrypt.dll
0x00007ffeb27c0000 - 0x00007ffeb28d4000 	C:\WINDOWS\System32\RPCRT4.dll
0x00007ffeb2760000 - 0x00007ffeb2768000 	C:\WINDOWS\System32\PSAPI.DLL
0x00007ffe9adc0000 - 0x00007ffe9adc9000 	C:\WINDOWS\SYSTEM32\WSOCK32.dll
0x00007ffeaaf40000 - 0x00007ffeaaf74000 	C:\WINDOWS\SYSTEM32\WINMM.dll
0x00007ffeabf30000 - 0x00007ffeabf3a000 	C:\WINDOWS\SYSTEM32\VERSION.dll
0x00007ffeb3110000 - 0x00007ffeb3181000 	C:\WINDOWS\System32\WS2_32.dll
0x00007ffeb08d0000 - 0x00007ffeb08e8000 	C:\WINDOWS\SYSTEM32\kernel.appcore.dll
0x00007ffea0280000 - 0x00007ffea028a000 	D:\Java\jdk\jdk-17\bin\jimage.dll
0x00007ffeaef90000 - 0x00007ffeaf1c2000 	C:\WINDOWS\SYSTEM32\DBGHELP.DLL
0x00007ffeb2360000 - 0x00007ffeb26f3000 	C:\WINDOWS\System32\combase.dll
0x00007ffeb2ee0000 - 0x00007ffeb2fb7000 	C:\WINDOWS\System32\OLEAUT32.dll
0x00007ffea4fb0000 - 0x00007ffea4fe2000 	C:\WINDOWS\SYSTEM32\dbgcore.DLL
0x00007ffeb19a0000 - 0x00007ffeb1a1b000 	C:\WINDOWS\System32\bcryptPrimitives.dll
0x00007ffe81f10000 - 0x00007ffe81f1e000 	D:\Java\jdk\jdk-17\bin\instrument.dll
0x00007ffe1adc0000 - 0x00007ffe1ade5000 	D:\Java\jdk\jdk-17\bin\java.dll
0x00007ffdd80a0000 - 0x00007ffdd8176000 	D:\Java\jdk\jdk-17\bin\svml.dll
0x00007ffeb3190000 - 0x00007ffeb3a2d000 	C:\WINDOWS\System32\SHELL32.dll
0x00007ffeb1860000 - 0x00007ffeb199f000 	C:\WINDOWS\System32\wintypes.dll
0x00007ffeaf6f0000 - 0x00007ffeb000d000 	C:\WINDOWS\SYSTEM32\windows.storage.dll
0x00007ffeb2dc0000 - 0x00007ffeb2ecb000 	C:\WINDOWS\System32\SHCORE.dll
0x00007ffeb2fc0000 - 0x00007ffeb3026000 	C:\WINDOWS\System32\shlwapi.dll
0x00007ffeb16d0000 - 0x00007ffeb16fb000 	C:\WINDOWS\SYSTEM32\profapi.dll
0x00007ffe73770000 - 0x00007ffe73788000 	D:\Java\jdk\jdk-17\bin\zip.dll
0x00007ffe255e0000 - 0x00007ffe255f9000 	D:\Java\jdk\jdk-17\bin\net.dll
0x00007ffeaae10000 - 0x00007ffeaaf3c000 	C:\WINDOWS\SYSTEM32\WINHTTP.dll
0x00007ffeb0d50000 - 0x00007ffeb0dba000 	C:\WINDOWS\system32\mswsock.dll
0x00007ffe13850000 - 0x00007ffe13865000 	D:\Java\jdk\jdk-17\bin\nio.dll
0x00007ffe766d0000 - 0x00007ffe766e0000 	D:\Java\jdk\jdk-17\bin\verify.dll
0x00007ffe25480000 - 0x00007ffe254a7000 	D:\gradle\gradle-respository\native\1def1411415f61bf3af743bc5b6707747c0891f09f0c88961ee8f79bc544acac\windows-amd64\native-platform.dll
0x00007ffdd9610000 - 0x00007ffdd9688000 	D:\gradle\gradle-respository\native\0.2.7\x86_64-windows-gnu\gradle-fileevents.dll
0x00007ffe7f640000 - 0x00007ffe7f649000 	D:\Java\jdk\jdk-17\bin\management.dll
0x00007ffe771b0000 - 0x00007ffe771bb000 	D:\Java\jdk\jdk-17\bin\management_ext.dll
0x00007ffeb0320000 - 0x00007ffeb034d000 	C:\WINDOWS\SYSTEM32\IPHLPAPI.DLL
0x00007ffeb3ae0000 - 0x00007ffeb3ae9000 	C:\WINDOWS\System32\NSI.dll
0x00007ffeaab20000 - 0x00007ffeaab39000 	C:\WINDOWS\SYSTEM32\dhcpcsvc6.DLL
0x00007ffeaab00000 - 0x00007ffeaab1f000 	C:\WINDOWS\SYSTEM32\dhcpcsvc.DLL
0x00007ffeb0350000 - 0x00007ffeb0448000 	C:\WINDOWS\SYSTEM32\DNSAPI.dll
0x00007ffeb0fb0000 - 0x00007ffeb0fcb000 	C:\WINDOWS\SYSTEM32\CRYPTSP.dll
0x00007ffeb0830000 - 0x00007ffeb0867000 	C:\WINDOWS\system32\rsaenh.dll
0x00007ffeb0e40000 - 0x00007ffeb0e68000 	C:\WINDOWS\SYSTEM32\USERENV.dll
0x00007ffeb0fa0000 - 0x00007ffeb0fac000 	C:\WINDOWS\SYSTEM32\CRYPTBASE.dll
0x00007ffe763d0000 - 0x00007ffe763de000 	D:\Java\jdk\jdk-17\bin\sunmscapi.dll
0x00007ffeb1f60000 - 0x00007ffeb20c7000 	C:\WINDOWS\System32\CRYPT32.dll
0x00007ffeb1140000 - 0x00007ffeb116d000 	C:\WINDOWS\SYSTEM32\ncrypt.dll
0x00007ffeb1100000 - 0x00007ffeb1137000 	C:\WINDOWS\SYSTEM32\NTASN1.dll
0x00007ffe7f620000 - 0x00007ffe7f628000 	C:\WINDOWS\system32\wshunix.dll

dbghelp: loaded successfully - version: 4.0.5 - missing functions: none
symbol engine: initialized successfully - sym options: 0x614 - pdb path: .;D:\Java\jdk\jdk-17\bin;C:\WINDOWS\SYSTEM32;C:\WINDOWS\WinSxS\amd64_microsoft.windows.common-controls_6595b64144ccf1df_6.0.22621.5262_none_2712bde373830908;D:\Java\jdk\jdk-17\bin\server;D:\gradle\gradle-respository\native\1def1411415f61bf3af743bc5b6707747c0891f09f0c88961ee8f79bc544acac\windows-amd64;D:\gradle\gradle-respository\native\0.2.7\x86_64-windows-gnu

VM Arguments:
jvm_args: --add-opens=java.base/java.lang=ALL-UNNAMED --add-opens=java.base/java.lang.invoke=ALL-UNNAMED --add-opens=java.base/java.util=ALL-UNNAMED --add-opens=java.prefs/java.util.prefs=ALL-UNNAMED --add-exports=jdk.compiler/com.sun.tools.javac.api=ALL-UNNAMED --add-exports=jdk.compiler/com.sun.tools.javac.util=ALL-UNNAMED --add-opens=java.base/java.util=ALL-UNNAMED --add-opens=java.prefs/java.util.prefs=ALL-UNNAMED --add-opens=java.base/java.nio.charset=ALL-UNNAMED --add-opens=java.base/java.net=ALL-UNNAMED --add-opens=java.base/java.util.concurrent.atomic=ALL-UNNAMED --add-opens=java.xml/javax.xml.namespace=ALL-UNNAMED -XX:MaxMetaspaceSize=512m -Xmx2048m -Dfile.encoding=UTF-8 -Duser.country=CN -Duser.language=zh -Duser.variant -javaagent:D:\gradle\gradle-respository\wrapper\dists\gradle-8.13-bin\5xuhj0ry160q40clulazy9h7d\gradle-8.13\lib\agents\gradle-instrumentation-agent-8.13.jar 
java_command: org.gradle.launcher.daemon.bootstrap.GradleDaemon 8.13
java_class_path (initial): D:\gradle\gradle-respository\wrapper\dists\gradle-8.13-bin\5xuhj0ry160q40clulazy9h7d\gradle-8.13\lib\gradle-daemon-main-8.13.jar
Launcher Type: SUN_STANDARD

[Global flags]
     intx CICompilerCount                          = 12                                        {product} {ergonomic}
   size_t CompressedClassSpaceSize                 = 432013312                                 {product} {ergonomic}
     uint ConcGCThreads                            = 3                                         {product} {ergonomic}
     uint G1ConcRefinementThreads                  = 13                                        {product} {ergonomic}
   size_t G1HeapRegionSize                         = 1048576                                   {product} {ergonomic}
    uintx GCDrainStackTargetSize                   = 64                                        {product} {ergonomic}
   size_t InitialHeapSize                          = 232783872                                 {product} {ergonomic}
   size_t MarkStackSize                            = 4194304                                   {product} {ergonomic}
   size_t MaxHeapSize                              = 2147483648                                {product} {command line}
   size_t MaxMetaspaceSize                         = 536870912                                 {product} {command line}
   size_t MaxNewSize                               = 1287651328                                {product} {ergonomic}
   size_t MinHeapDeltaBytes                        = 1048576                                   {product} {ergonomic}
   size_t MinHeapSize                              = 8388608                                   {product} {ergonomic}
    uintx NonNMethodCodeHeapSize                   = 7602480                                {pd product} {ergonomic}
    uintx NonProfiledCodeHeapSize                  = 122027880                              {pd product} {ergonomic}
    uintx ProfiledCodeHeapSize                     = 122027880                              {pd product} {ergonomic}
    uintx ReservedCodeCacheSize                    = 251658240                              {pd product} {ergonomic}
     bool SegmentedCodeCache                       = true                                      {product} {ergonomic}
   size_t SoftMaxHeapSize                          = 2147483648                             {manageable} {ergonomic}
     bool UseCompressedClassPointers               = true                           {product lp64_product} {ergonomic}
     bool UseCompressedOops                        = true                           {product lp64_product} {ergonomic}
     bool UseG1GC                                  = true                                      {product} {ergonomic}
     bool UseLargePagesIndividualAllocation        = false                                  {pd product} {ergonomic}

Logging:
Log output configuration:
 #0: stdout all=warning uptime,level,tags
 #1: stderr all=off uptime,level,tags

Environment Variables:
PATH=C:\Program Files\NVIDIA GPU Computing Toolkit\CUDA\v11.7\bin;C:\Program Files\NVIDIA GPU Computing Toolkit\CUDA\v11.7\libnvvp;D:\Python\Scripts\;D:\Python\;C:\Windows\system32;C:\Windows;C:\Windows\System32\Wbem;C:\Windows\System32\WindowsPowerShell\v1.0\;C:\Windows\System32\OpenSSH\;C:\WINDOWS\system32;C:\WINDOWS;C:\WINDOWS\System32\Wbem;C:\WINDOWS\System32\WindowsPowerShell\v1.0\;C:\WINDOWS\System32\OpenSSH\;D:\anaconda;D:\ChatWaifuL2D\ffmpeg-n4.4-latest-win64-gpl-4.4\bin;C:\Program Files\dotnet\;C:\ProgramData\Anaconda3\Library\bin;C:\ProgramData\Anaconda3;C:\ProgramData\Anaconda3\Scripts;C:\Program Files\NVIDIA Corporation\Nsight Compute 2022.2.0\;D:\tool\ffmpeg-2023-02-09-git-159b028df5-essentials_build\bin;D:\tool\xshell\;D:\tool\xftp\;C:\WINDOWS\system32;C:\WINDOWS;C:\WINDOWS\System32\Wbem;C:\WINDOWS\System32\WindowsPowerShell\v1.0\;C:\WINDOWS\System32\OpenSSH\;D:\MySQL\MySQL Server 8.0\bin;D:\Java\jdk\jdk-17\bin;D:\Java\apache-maven-3.9.6\bin;C:\Users\86201\AppData\Roaming\npm;C:\Program Files (x86)\NVIDIA Corporation\PhysX\Common;C:\Program Files\Docker\Docker\resources\bin;D:\golang\bin;D:\gradle\wrapper\dists\gradle-8.10.2\bin;D:\Java\node\;D:\Java\AndroidSdk\platform-tools;D:\tool\Git\cmd;C:\Program Files\PowerShell\7\;C:\Program Files\NVIDIA Corporation\NVIDIA App\NvDLISR;d:\cursor\resources\app\bin;C:\Users\86201\.cargo\bin;D:\Python\Python3.10.9\Scripts\;D:\Python\Python3.10.9\;D:\Python\Python3.11.1\Scripts\;D:\Python\Python3.11.1\;C:\Users\86201\AppData\Local\Microsoft\WindowsApps;C:\Users\86201\.dotnet\tools;C:\ProgramData\Anaconda3;C:\ProgramData\Anaconda3\Scripts;C:\ProgramData\Anaconda3\Library\bin;D:\tool\ffmpeg-2023-02-09-git-159b028df5-essentials_build\bin;D:\tool\phpstudy_pro\Extensions\MySQL5.7.26\bin;C:\Program Files\cpolar\;D:\PyCharm 2022.3.3\bin;;D:\texlive\2023\bin\windows;D:\Microsoft VS Code\bin;D:\Java\IntelliJ IDEA Community Edition 2023.3.2\bin;;D:\IntelliJ IDEA 2024.3.5\bin;;C:\Users\86201\go\bin;C:\Users\86201\AppData\Roaming\
USERNAME=86201
OS=Windows_NT
PROCESSOR_IDENTIFIER=AMD64 Family 25 Model 80 Stepping 0, AuthenticAMD



---------------  S Y S T E M  ---------------

OS:
 Windows 10 , 64 bit Build 22621 (10.0.22621.5262)
OS uptime: 0 days 7:22 hours

CPU: total 16 (initial active 16) (16 cores per cpu, 2 threads per core) family 25 model 80 stepping 0 microcode 0x0, cx8, cmov, fxsr, ht, mmx, 3dnowpref, sse, sse2, sse3, ssse3, sse4a, sse4.1, sse4.2, popcnt, lzcnt, tsc, tscinvbit, avx, avx2, aes, erms, clmul, bmi1, bmi2, adx, sha, fma, vzeroupper, clflush, clflushopt

Memory: 4k page, system-wide physical 14188M (268M free)
TotalPageFile size 32620M (AvailPageFile size 11M)
current process WorkingSet (physical memory assigned to process): 256M, peak: 259M
current process commit charge ("private bytes"): 391M, peak: 394M

vm_info: OpenJDK 64-Bit Server VM (17+35-2724) for windows-amd64 JRE (17+35-2724), built on Aug  5 2021 23:26:02 by "mach5one" with MS VC++ 16.8 (VS2019)

END.
