#
# There is insufficient memory for the Java Runtime Environment to continue.
# Native memory allocation (malloc) failed to allocate 1253296 bytes for Chunk::new
# Possible reasons:
#   The system is out of physical RAM or swap space
#   The process is running with CompressedOops enabled, and the Java Heap may be blocking the growth of the native heap
# Possible solutions:
#   Reduce memory load on the system
#   Increase physical memory or swap space
#   Check if swap backing store is full
#   Decrease Java heap size (-Xmx/-Xms)
#   Decrease number of Java threads
#   Decrease Java thread stack sizes (-Xss)
#   Set larger code cache with -XX:ReservedCodeCacheSize=
#   JVM is running with Unscaled Compressed Oops mode in which the Java heap is
#     placed in the first 4GB address space. The Java Heap base address is the
#     maximum limit for the native heap growth. Please use -XX:HeapBaseMinAddress
#     to set the Java Heap base and to place the Java Heap above 4GB virtual address.
# This output file may be truncated or incomplete.
#
#  Out of Memory Error (arena.cpp:189), pid=43744, tid=41916
#
# JRE version: OpenJDK Runtime Environment (17.0+35) (build 17+35-2724)
# Java VM: OpenJDK 64-Bit Server VM (17+35-2724, mixed mode, sharing, tiered, compressed oops, compressed class ptrs, g1 gc, windows-amd64)
# No core dump will be written. Minidumps are not enabled by default on client versions of Windows
#

---------------  S U M M A R Y ------------

Command Line: --add-opens=java.base/java.lang=ALL-UNNAMED --add-opens=java.base/java.lang.invoke=ALL-UNNAMED --add-opens=java.base/java.util=ALL-UNNAMED --add-opens=java.prefs/java.util.prefs=ALL-UNNAMED --add-exports=jdk.compiler/com.sun.tools.javac.api=ALL-UNNAMED --add-exports=jdk.compiler/com.sun.tools.javac.util=ALL-UNNAMED --add-opens=java.base/java.util=ALL-UNNAMED --add-opens=java.prefs/java.util.prefs=ALL-UNNAMED --add-opens=java.base/java.nio.charset=ALL-UNNAMED --add-opens=java.base/java.net=ALL-UNNAMED --add-opens=java.base/java.util.concurrent.atomic=ALL-UNNAMED --add-opens=java.xml/javax.xml.namespace=ALL-UNNAMED -XX:MaxMetaspaceSize=384m -XX:+HeapDumpOnOutOfMemoryError -Xms256m -Xmx512m -Dfile.encoding=UTF-8 -Duser.country=CN -Duser.language=zh -Duser.variant -javaagent:D:\gradle\gradle-respository\wrapper\dists\gradle-8.13-bin\5xuhj0ry160q40clulazy9h7d\gradle-8.13\lib\agents\gradle-instrumentation-agent-8.13.jar org.gradle.launcher.daemon.bootstrap.GradleDaemon 8.13

Host: AMD Ryzen 7 5800H with Radeon Graphics         , 16 cores, 13G,  Windows 10 , 64 bit Build 22621 (10.0.22621.5262)
Time: Mon May 19 19:28:04 2025  Windows 10 , 64 bit Build 22621 (10.0.22621.5262) elapsed time: 86.440504 seconds (0d 0h 1m 26s)

---------------  T H R E A D  ---------------

Current thread (0x000002b952179a90):  JavaThread "C2 CompilerThread0" daemon [_thread_in_native, id=41916, stack(0x000000fd25c00000,0x000000fd25d00000)]


Current CompileTask:
C2:  86440 17120       4       io.spring.gradle.dependencymanagement.org.apache.maven.model.inheritance.DefaultInheritanceAssembler$InheritanceModelMerger::mergePluginContainer_Plugins (430 bytes)

Stack: [0x000000fd25c00000,0x000000fd25d00000]
Native frames: (J=compiled Java code, j=interpreted, Vv=VM code, C=native code)
V  [jvm.dll+0x66f8ea]
V  [jvm.dll+0x7ce224]
V  [jvm.dll+0x7cf9ce]
V  [jvm.dll+0x7d0033]
V  [jvm.dll+0x242bb5]
V  [jvm.dll+0xaa05b]
V  [jvm.dll+0xaa5ec]
V  [jvm.dll+0x35f9a2]
V  [jvm.dll+0x1b9822]
V  [jvm.dll+0x215df9]
V  [jvm.dll+0x2150c1]
V  [jvm.dll+0x1a168d]
V  [jvm.dll+0x2248f8]
V  [jvm.dll+0x222a5c]
V  [jvm.dll+0x78422b]
V  [jvm.dll+0x77e7ea]
V  [jvm.dll+0x66e715]
C  [ucrtbase.dll+0x29333]
C  [KERNEL32.DLL+0x1259d]
C  [ntdll.dll+0x5af58]


---------------  P R O C E S S  ---------------

Threads class SMR info:
_java_thread_list=0x000002b95bfda0f0, length=58, elements={
0x000002b934f1c420, 0x000002b95214e630, 0x000002b95214f4a0, 0x000002b952170590,
0x000002b952172f50, 0x000002b9521740a0, 0x000002b952175060, 0x000002b952179a90,
0x000002b95217d0f0, 0x000002b9521842a0, 0x000002b952138be0, 0x000002b952d95820,
0x000002b953f78350, 0x000002b9545fa460, 0x000002b954603b50, 0x000002b9544e6040,
0x000002b9546926d0, 0x000002b95464ea90, 0x000002b95464d750, 0x000002b95464e5c0,
0x000002b95464ba70, 0x000002b95464dc20, 0x000002b95464e0f0, 0x000002b954e1bcd0,
0x000002b954e1c1a0, 0x000002b954e1a990, 0x000002b954e157c0, 0x000002b954e18310,
0x000002b954e1ae60, 0x000002b954e16b00, 0x000002b954e16fd0, 0x000002b954e1b330,
0x000002b954e1c670, 0x000002b954e187e0, 0x000002b954e19ff0, 0x000002b954e18cb0,
0x000002b954e1b800, 0x000002b954e19650, 0x000002b954e16160, 0x000002b956707ab0,
0x000002b957ce85a0, 0x000002b9579b1d50, 0x000002b9579b0ee0, 0x000002b95a7bb0b0,
0x000002b95a7bba50, 0x000002b957f8f450, 0x000002b957f8fdf0, 0x000002b95a7ba240,
0x000002b9579b13b0, 0x000002b954c6b0d0, 0x000002b956a8a470, 0x000002b956a8a940,
0x000002b957378690, 0x000002b956458f50, 0x000002b95a2449e0, 0x000002b956a89130,
0x000002b9579b1880, 0x000002b95a242160
}

Java Threads: ( => current thread )
  0x000002b934f1c420 JavaThread "main" [_thread_blocked, id=18776, stack(0x000000fd24f00000,0x000000fd25000000)]
  0x000002b95214e630 JavaThread "Reference Handler" daemon [_thread_blocked, id=37512, stack(0x000000fd25600000,0x000000fd25700000)]
  0x000002b95214f4a0 JavaThread "Finalizer" daemon [_thread_blocked, id=43432, stack(0x000000fd25700000,0x000000fd25800000)]
  0x000002b952170590 JavaThread "Signal Dispatcher" daemon [_thread_blocked, id=42604, stack(0x000000fd25800000,0x000000fd25900000)]
  0x000002b952172f50 JavaThread "Attach Listener" daemon [_thread_blocked, id=5776, stack(0x000000fd25900000,0x000000fd25a00000)]
  0x000002b9521740a0 JavaThread "Service Thread" daemon [_thread_blocked, id=10540, stack(0x000000fd25a00000,0x000000fd25b00000)]
  0x000002b952175060 JavaThread "Monitor Deflation Thread" daemon [_thread_blocked, id=36200, stack(0x000000fd25b00000,0x000000fd25c00000)]
=>0x000002b952179a90 JavaThread "C2 CompilerThread0" daemon [_thread_in_native, id=41916, stack(0x000000fd25c00000,0x000000fd25d00000)]
  0x000002b95217d0f0 JavaThread "C1 CompilerThread0" daemon [_thread_blocked, id=43868, stack(0x000000fd25d00000,0x000000fd25e00000)]
  0x000002b9521842a0 JavaThread "Sweeper thread" daemon [_thread_blocked, id=42680, stack(0x000000fd25e00000,0x000000fd25f00000)]
  0x000002b952138be0 JavaThread "Common-Cleaner" daemon [_thread_blocked, id=40456, stack(0x000000fd25f00000,0x000000fd26000000)]
  0x000002b952d95820 JavaThread "Notification Thread" daemon [_thread_blocked, id=2140, stack(0x000000fd26200000,0x000000fd26300000)]
  0x000002b953f78350 JavaThread "Daemon health stats" [_thread_blocked, id=33344, stack(0x000000fd26a00000,0x000000fd26b00000)]
  0x000002b9545fa460 JavaThread "Incoming local TCP Connector on port 58406" [_thread_in_native, id=37096, stack(0x000000fd26100000,0x000000fd26200000)]
  0x000002b954603b50 JavaThread "Daemon periodic checks" [_thread_blocked, id=19976, stack(0x000000fd26900000,0x000000fd26a00000)]
  0x000002b9544e6040 JavaThread "Daemon" [_thread_blocked, id=36372, stack(0x000000fd26c00000,0x000000fd26d00000)]
  0x000002b9546926d0 JavaThread "Daemon worker" [_thread_blocked, id=41096, stack(0x000000fd26f00000,0x000000fd27000000)]
  0x000002b95464ea90 JavaThread "Cache worker for journal cache (D:\gradle\gradle-respository\caches\journal-1)" [_thread_blocked, id=24108, stack(0x000000fd27300000,0x000000fd27400000)]
  0x000002b95464d750 JavaThread "File lock request listener" [_thread_in_native, id=23176, stack(0x000000fd27400000,0x000000fd27500000)]
  0x000002b95464e5c0 JavaThread "Cache worker for file hash cache (D:\gradle\gradle-respository\caches\8.13\fileHashes)" [_thread_blocked, id=35020, stack(0x000000fd27500000,0x000000fd27600000)]
  0x000002b95464ba70 JavaThread "File watcher server" daemon [_thread_in_native, id=42164, stack(0x000000fd28300000,0x000000fd28400000)]
  0x000002b95464dc20 JavaThread "File watcher consumer" daemon [_thread_blocked, id=4240, stack(0x000000fd28400000,0x000000fd28500000)]
  0x000002b95464e0f0 JavaThread "jar transforms" [_thread_blocked, id=43764, stack(0x000000fd28500000,0x000000fd28600000)]
  0x000002b954e1bcd0 JavaThread "jar transforms Thread 2" [_thread_blocked, id=14060, stack(0x000000fd28600000,0x000000fd28700000)]
  0x000002b954e1c1a0 JavaThread "jar transforms Thread 3" [_thread_blocked, id=42436, stack(0x000000fd28700000,0x000000fd28800000)]
  0x000002b954e1a990 JavaThread "jar transforms Thread 4" [_thread_blocked, id=30384, stack(0x000000fd28800000,0x000000fd28900000)]
  0x000002b954e157c0 JavaThread "jar transforms Thread 5" [_thread_blocked, id=43584, stack(0x000000fd28900000,0x000000fd28a00000)]
  0x000002b954e18310 JavaThread "jar transforms Thread 6" [_thread_blocked, id=1768, stack(0x000000fd28a00000,0x000000fd28b00000)]
  0x000002b954e1ae60 JavaThread "jar transforms Thread 7" [_thread_blocked, id=29612, stack(0x000000fd28b00000,0x000000fd28c00000)]
  0x000002b954e16b00 JavaThread "jar transforms Thread 8" [_thread_blocked, id=10212, stack(0x000000fd28c00000,0x000000fd28d00000)]
  0x000002b954e16fd0 JavaThread "jar transforms Thread 9" [_thread_blocked, id=31408, stack(0x000000fd28d00000,0x000000fd28e00000)]
  0x000002b954e1b330 JavaThread "jar transforms Thread 10" [_thread_blocked, id=38040, stack(0x000000fd28e00000,0x000000fd28f00000)]
  0x000002b954e1c670 JavaThread "jar transforms Thread 11" [_thread_blocked, id=43132, stack(0x000000fd28f00000,0x000000fd29000000)]
  0x000002b954e187e0 JavaThread "jar transforms Thread 12" [_thread_blocked, id=43424, stack(0x000000fd29000000,0x000000fd29100000)]
  0x000002b954e19ff0 JavaThread "jar transforms Thread 13" [_thread_blocked, id=35044, stack(0x000000fd29100000,0x000000fd29200000)]
  0x000002b954e18cb0 JavaThread "jar transforms Thread 14" [_thread_blocked, id=13016, stack(0x000000fd29200000,0x000000fd29300000)]
  0x000002b954e1b800 JavaThread "jar transforms Thread 15" [_thread_blocked, id=25648, stack(0x000000fd29300000,0x000000fd29400000)]
  0x000002b954e19650 JavaThread "Cache worker for file content cache (D:\gradle\gradle-respository\caches\8.13\fileContent)" [_thread_blocked, id=43996, stack(0x000000fd29500000,0x000000fd29600000)]
  0x000002b954e16160 JavaThread "jar transforms Thread 16" [_thread_blocked, id=43680, stack(0x000000fd29600000,0x000000fd29700000)]
  0x000002b956707ab0 JavaThread "Memory manager" [_thread_blocked, id=36368, stack(0x000000fd2e100000,0x000000fd2e200000)]
  0x000002b957ce85a0 JavaThread "ForkJoinPool.commonPool-worker-1" daemon [_thread_blocked, id=43020, stack(0x000000fd2f500000,0x000000fd2f600000)]
  0x000002b9579b1d50 JavaThread "ForkJoinPool.commonPool-worker-2" daemon [_thread_blocked, id=30368, stack(0x000000fd2f600000,0x000000fd2f700000)]
  0x000002b9579b0ee0 JavaThread "ForkJoinPool.commonPool-worker-3" daemon [_thread_blocked, id=17688, stack(0x000000fd2f700000,0x000000fd2f800000)]
  0x000002b95a7bb0b0 JavaThread "ForkJoinPool.commonPool-worker-4" daemon [_thread_blocked, id=15920, stack(0x000000fd2f800000,0x000000fd2f900000)]
  0x000002b95a7bba50 JavaThread "ForkJoinPool.commonPool-worker-5" daemon [_thread_blocked, id=37284, stack(0x000000fd2f900000,0x000000fd2fa00000)]
  0x000002b957f8f450 JavaThread "ForkJoinPool.commonPool-worker-6" daemon [_thread_blocked, id=33832, stack(0x000000fd2fa00000,0x000000fd2fb00000)]
  0x000002b957f8fdf0 JavaThread "ForkJoinPool.commonPool-worker-9" daemon [_thread_blocked, id=43772, stack(0x000000fd2fb00000,0x000000fd2fc00000)]
  0x000002b95a7ba240 JavaThread "ForkJoinPool.commonPool-worker-7" daemon [_thread_blocked, id=27584, stack(0x000000fd2fc00000,0x000000fd2fd00000)]
  0x000002b9579b13b0 JavaThread "ForkJoinPool.commonPool-worker-8" daemon [_thread_blocked, id=43880, stack(0x000000fd2fd00000,0x000000fd2fe00000)]
  0x000002b954c6b0d0 JavaThread "ForkJoinPool.commonPool-worker-10" daemon [_thread_blocked, id=41996, stack(0x000000fd2fe00000,0x000000fd2ff00000)]
  0x000002b956a8a470 JavaThread "ForkJoinPool.commonPool-worker-11" daemon [_thread_blocked, id=34600, stack(0x000000fd30200000,0x000000fd30300000)]
  0x000002b956a8a940 JavaThread "ForkJoinPool.commonPool-worker-12" daemon [_thread_blocked, id=43568, stack(0x000000fd30300000,0x000000fd30400000)]
  0x000002b957378690 JavaThread "VFS cleanup" [_thread_blocked, id=31332, stack(0x000000fd26b00000,0x000000fd26c00000)]
  0x000002b956458f50 JavaThread "included builds" [_thread_blocked, id=22968, stack(0x000000fd2ca00000,0x000000fd2cb00000)]
  0x000002b95a2449e0 JavaThread "C1 CompilerThread1" daemon [_thread_blocked, id=12304, stack(0x000000fd28000000,0x000000fd28100000)]
  0x000002b956a89130 JavaThread "Handler for socket connection from /127.0.0.1:58406 to /127.0.0.1:58870" [_thread_in_native, id=30528, stack(0x000000fd24c00000,0x000000fd24d00000)]
  0x000002b9579b1880 JavaThread "included builds" [_thread_blocked, id=35640, stack(0x000000fd34800000,0x000000fd34900000)]
  0x000002b95a242160 JavaThread "C1 CompilerThread2" daemon [_thread_blocked, id=38536, stack(0x000000fd35b00000,0x000000fd35c00000)]

Other Threads:
  0x000002b95214a6f0 VMThread "VM Thread" [stack: 0x000000fd25500000,0x000000fd25600000] [id=43060]
  0x000002b952e22450 WatcherThread [stack: 0x000000fd26300000,0x000000fd26400000] [id=40884]
  0x000002b934f44660 GCTaskThread "GC Thread#0" [stack: 0x000000fd25000000,0x000000fd25100000] [id=8788]
  0x000002b95306ec60 GCTaskThread "GC Thread#1" [stack: 0x000000fd26400000,0x000000fd26500000] [id=31224]
  0x000002b95305abf0 GCTaskThread "GC Thread#2" [stack: 0x000000fd26500000,0x000000fd26600000] [id=33944]
  0x000002b95305aea0 GCTaskThread "GC Thread#3" [stack: 0x000000fd26600000,0x000000fd26700000] [id=37008]
  0x000002b95305b150 GCTaskThread "GC Thread#4" [stack: 0x000000fd26700000,0x000000fd26800000] [id=34112]
  0x000002b95305bc10 GCTaskThread "GC Thread#5" [stack: 0x000000fd26800000,0x000000fd26900000] [id=42388]
  0x000002b954363800 GCTaskThread "GC Thread#6" [stack: 0x000000fd27600000,0x000000fd27700000] [id=23812]
  0x000002b956c624a0 GCTaskThread "GC Thread#7" [stack: 0x000000fd27700000,0x000000fd27800000] [id=43780]
  0x000002b95812c9b0 GCTaskThread "GC Thread#8" [stack: 0x000000fd27800000,0x000000fd27900000] [id=25672]
  0x000002b95812cc60 GCTaskThread "GC Thread#9" [stack: 0x000000fd27900000,0x000000fd27a00000] [id=43312]
  0x000002b958100d20 GCTaskThread "GC Thread#10" [stack: 0x000000fd27a00000,0x000000fd27b00000] [id=33876]
  0x000002b958100510 GCTaskThread "GC Thread#11" [stack: 0x000000fd27b00000,0x000000fd27c00000] [id=32948]
  0x000002b9580ff7a0 GCTaskThread "GC Thread#12" [stack: 0x000000fd27c00000,0x000000fd27d00000] [id=13428]
  0x000002b934f495a0 ConcurrentGCThread "G1 Main Marker" [stack: 0x000000fd25100000,0x000000fd25200000] [id=43964]
  0x000002b934f49fb0 ConcurrentGCThread "G1 Conc#0" [stack: 0x000000fd25200000,0x000000fd25300000] [id=38828]
  0x000002b958100fd0 ConcurrentGCThread "G1 Conc#1" [stack: 0x000000fd28100000,0x000000fd28200000] [id=40972]
  0x000002b9580ff4f0 ConcurrentGCThread "G1 Conc#2" [stack: 0x000000fd28200000,0x000000fd28300000] [id=30364]
  0x000002b934fdd780 ConcurrentGCThread "G1 Refine#0" [stack: 0x000000fd25300000,0x000000fd25400000] [id=4532]
  0x000002b957e74d20 ConcurrentGCThread "G1 Refine#1" [stack: 0x000000fd29700000,0x000000fd29800000] [id=43112]
  0x000002b957e74760 ConcurrentGCThread "G1 Refine#2" [stack: 0x000000fd2a200000,0x000000fd2a300000] [id=43512]
  0x000002b957e73ec0 ConcurrentGCThread "G1 Refine#3" [stack: 0x000000fd2a300000,0x000000fd2a400000] [id=36836]
  0x000002b95200e390 ConcurrentGCThread "G1 Service" [stack: 0x000000fd25400000,0x000000fd25500000] [id=43556]

Threads with active compile tasks:
C2 CompilerThread0    86511 17120       4       io.spring.gradle.dependencymanagement.org.apache.maven.model.inheritance.DefaultInheritanceAssembler$InheritanceModelMerger::mergePluginContainer_Plugins (430 bytes)

VM state: not at safepoint (normal execution)

VM Mutex/Monitor currently owned by a thread: None

Heap address: 0x00000000e0000000, size: 512 MB, Compressed Oops mode: 32-bit

CDS archive(s) mapped at: [0x0000000800000000-0x0000000800bc0000-0x0000000800bc0000), size 12320768, SharedBaseAddress: 0x0000000800000000, ArchiveRelocationMode: 0.
Compressed class space mapped at: 0x0000000800c00000-0x0000000814000000, reserved size: 322961408
Narrow klass base: 0x0000000800000000, Narrow klass shift: 0, Narrow klass range: 0x100000000

GC Precious Log:
 CPUs: 16 total, 16 available
 Memory: 14188M
 Large Page Support: Disabled
 NUMA Support: Disabled
 Compressed Oops: Enabled (32-bit)
 Heap Region Size: 1M
 Heap Min Capacity: 256M
 Heap Initial Capacity: 256M
 Heap Max Capacity: 512M
 Pre-touch: Disabled
 Parallel Workers: 13
 Concurrent Workers: 3
 Concurrent Refinement Workers: 13
 Periodic GC: Disabled

Heap:
 garbage-first heap   total 276480K, used 195764K [0x00000000e0000000, 0x0000000100000000)
  region size 1024K, 44 young (45056K), 4 survivors (4096K)
 Metaspace       used 84068K, committed 85120K, reserved 389120K
  class space    used 11417K, committed 11904K, reserved 315392K

Heap Regions: E=young(eden), S=young(survivor), O=old, HS=humongous(starts), HC=humongous(continues), CS=collection set, F=free, OA=open archive, CA=closed archive, TAMS=top-at-mark-start (previous, next)
|   0|0x00000000e0000000, 0x00000000e0100000, 0x00000000e0100000|100%|HS|  |TAMS 0x00000000e0100000, 0x00000000e0000000| Complete 
|   1|0x00000000e0100000, 0x00000000e0200000, 0x00000000e0200000|100%|HC|  |TAMS 0x00000000e0200000, 0x00000000e0100000| Complete 
|   2|0x00000000e0200000, 0x00000000e0300000, 0x00000000e0300000|100%|HC|  |TAMS 0x00000000e0300000, 0x00000000e0200000| Complete 
|   3|0x00000000e0300000, 0x00000000e0400000, 0x00000000e0400000|100%| O|  |TAMS 0x00000000e0400000, 0x00000000e0300000| Untracked 
|   4|0x00000000e0400000, 0x00000000e0500000, 0x00000000e0500000|100%| O|  |TAMS 0x00000000e0500000, 0x00000000e0400000| Untracked 
|   5|0x00000000e0500000, 0x00000000e0600000, 0x00000000e0600000|100%|HS|  |TAMS 0x00000000e0600000, 0x00000000e0500000| Complete 
|   6|0x00000000e0600000, 0x00000000e0700000, 0x00000000e0700000|100%|HS|  |TAMS 0x00000000e0700000, 0x00000000e0600000| Complete 
|   7|0x00000000e0700000, 0x00000000e0800000, 0x00000000e0800000|100%| O|  |TAMS 0x00000000e0800000, 0x00000000e0700000| Untracked 
|   8|0x00000000e0800000, 0x00000000e0900000, 0x00000000e0900000|100%| O|  |TAMS 0x00000000e0900000, 0x00000000e0800000| Untracked 
|   9|0x00000000e0900000, 0x00000000e0a00000, 0x00000000e0a00000|100%| O|  |TAMS 0x00000000e0a00000, 0x00000000e0900000| Untracked 
|  10|0x00000000e0a00000, 0x00000000e0b00000, 0x00000000e0b00000|100%| O|  |TAMS 0x00000000e0b00000, 0x00000000e0a00000| Untracked 
|  11|0x00000000e0b00000, 0x00000000e0c00000, 0x00000000e0c00000|100%| O|  |TAMS 0x00000000e0c00000, 0x00000000e0b00000| Untracked 
|  12|0x00000000e0c00000, 0x00000000e0d00000, 0x00000000e0d00000|100%|HS|  |TAMS 0x00000000e0d00000, 0x00000000e0c00000| Complete 
|  13|0x00000000e0d00000, 0x00000000e0e00000, 0x00000000e0e00000|100%|HC|  |TAMS 0x00000000e0e00000, 0x00000000e0d00000| Complete 
|  14|0x00000000e0e00000, 0x00000000e0f00000, 0x00000000e0f00000|100%|HC|  |TAMS 0x00000000e0f00000, 0x00000000e0e00000| Complete 
|  15|0x00000000e0f00000, 0x00000000e1000000, 0x00000000e1000000|100%|HC|  |TAMS 0x00000000e1000000, 0x00000000e0f00000| Complete 
|  16|0x00000000e1000000, 0x00000000e1100000, 0x00000000e1100000|100%|HC|  |TAMS 0x00000000e1100000, 0x00000000e1000000| Complete 
|  17|0x00000000e1100000, 0x00000000e1200000, 0x00000000e1200000|100%|HC|  |TAMS 0x00000000e1200000, 0x00000000e1100000| Complete 
|  18|0x00000000e1200000, 0x00000000e1300000, 0x00000000e1300000|100%|HS|  |TAMS 0x00000000e1300000, 0x00000000e1200000| Complete 
|  19|0x00000000e1300000, 0x00000000e1400000, 0x00000000e1400000|100%|HC|  |TAMS 0x00000000e1400000, 0x00000000e1300000| Complete 
|  20|0x00000000e1400000, 0x00000000e1500000, 0x00000000e1500000|100%|HC|  |TAMS 0x00000000e1500000, 0x00000000e1400000| Complete 
|  21|0x00000000e1500000, 0x00000000e1600000, 0x00000000e1600000|100%|HS|  |TAMS 0x00000000e1600000, 0x00000000e1500000| Complete 
|  22|0x00000000e1600000, 0x00000000e1700000, 0x00000000e1700000|100%|HC|  |TAMS 0x00000000e1700000, 0x00000000e1600000| Complete 
|  23|0x00000000e1700000, 0x00000000e1800000, 0x00000000e1800000|100%|HS|  |TAMS 0x00000000e1800000, 0x00000000e1700000| Complete 
|  24|0x00000000e1800000, 0x00000000e1900000, 0x00000000e1900000|100%|HS|  |TAMS 0x00000000e1900000, 0x00000000e1800000| Complete 
|  25|0x00000000e1900000, 0x00000000e1a00000, 0x00000000e1a00000|100%|HC|  |TAMS 0x00000000e1a00000, 0x00000000e1900000| Complete 
|  26|0x00000000e1a00000, 0x00000000e1b00000, 0x00000000e1b00000|100%|HC|  |TAMS 0x00000000e1b00000, 0x00000000e1a00000| Complete 
|  27|0x00000000e1b00000, 0x00000000e1c00000, 0x00000000e1c00000|100%|HC|  |TAMS 0x00000000e1c00000, 0x00000000e1b00000| Complete 
|  28|0x00000000e1c00000, 0x00000000e1d00000, 0x00000000e1d00000|100%|HC|  |TAMS 0x00000000e1d00000, 0x00000000e1c00000| Complete 
|  29|0x00000000e1d00000, 0x00000000e1e00000, 0x00000000e1e00000|100%|HC|  |TAMS 0x00000000e1e00000, 0x00000000e1d00000| Complete 
|  30|0x00000000e1e00000, 0x00000000e1f00000, 0x00000000e1f00000|100%|HS|  |TAMS 0x00000000e1f00000, 0x00000000e1e00000| Complete 
|  31|0x00000000e1f00000, 0x00000000e2000000, 0x00000000e2000000|100%|HC|  |TAMS 0x00000000e2000000, 0x00000000e1f00000| Complete 
|  32|0x00000000e2000000, 0x00000000e2100000, 0x00000000e2100000|100%|HC|  |TAMS 0x00000000e2100000, 0x00000000e2000000| Complete 
|  33|0x00000000e2100000, 0x00000000e2200000, 0x00000000e2200000|100%|HS|  |TAMS 0x00000000e2200000, 0x00000000e2100000| Complete 
|  34|0x00000000e2200000, 0x00000000e2300000, 0x00000000e2300000|100%|HC|  |TAMS 0x00000000e2300000, 0x00000000e2200000| Complete 
|  35|0x00000000e2300000, 0x00000000e2400000, 0x00000000e2400000|100%|HS|  |TAMS 0x00000000e2400000, 0x00000000e2300000| Complete 
|  36|0x00000000e2400000, 0x00000000e2500000, 0x00000000e2500000|100%| O|  |TAMS 0x00000000e2500000, 0x00000000e2400000| Untracked 
|  37|0x00000000e2500000, 0x00000000e2600000, 0x00000000e2600000|100%| O|  |TAMS 0x00000000e2600000, 0x00000000e2500000| Untracked 
|  38|0x00000000e2600000, 0x00000000e2700000, 0x00000000e2700000|100%| O|  |TAMS 0x00000000e2700000, 0x00000000e2600000| Untracked 
|  39|0x00000000e2700000, 0x00000000e2800000, 0x00000000e2800000|100%| O|  |TAMS 0x00000000e2800000, 0x00000000e2700000| Untracked 
|  40|0x00000000e2800000, 0x00000000e2900000, 0x00000000e2900000|100%| O|  |TAMS 0x00000000e2900000, 0x00000000e2800000| Untracked 
|  41|0x00000000e2900000, 0x00000000e2a00000, 0x00000000e2a00000|100%| O|  |TAMS 0x00000000e2a00000, 0x00000000e2900000| Untracked 
|  42|0x00000000e2a00000, 0x00000000e2b00000, 0x00000000e2b00000|100%| O|  |TAMS 0x00000000e2b00000, 0x00000000e2a00000| Untracked 
|  43|0x00000000e2b00000, 0x00000000e2c00000, 0x00000000e2c00000|100%| O|  |TAMS 0x00000000e2c00000, 0x00000000e2b00000| Untracked 
|  44|0x00000000e2c00000, 0x00000000e2d00000, 0x00000000e2d00000|100%| O|  |TAMS 0x00000000e2d00000, 0x00000000e2c00000| Untracked 
|  45|0x00000000e2d00000, 0x00000000e2e00000, 0x00000000e2e00000|100%| O|  |TAMS 0x00000000e2e00000, 0x00000000e2d00000| Untracked 
|  46|0x00000000e2e00000, 0x00000000e2f00000, 0x00000000e2f00000|100%| O|  |TAMS 0x00000000e2f00000, 0x00000000e2e00000| Untracked 
|  47|0x00000000e2f00000, 0x00000000e3000000, 0x00000000e3000000|100%| O|  |TAMS 0x00000000e3000000, 0x00000000e2f00000| Untracked 
|  48|0x00000000e3000000, 0x00000000e3100000, 0x00000000e3100000|100%| O|  |TAMS 0x00000000e3100000, 0x00000000e3000000| Untracked 
|  49|0x00000000e3100000, 0x00000000e3200000, 0x00000000e3200000|100%| O|  |TAMS 0x00000000e3200000, 0x00000000e3100000| Untracked 
|  50|0x00000000e3200000, 0x00000000e3300000, 0x00000000e3300000|100%| O|  |TAMS 0x00000000e3300000, 0x00000000e3200000| Untracked 
|  51|0x00000000e3300000, 0x00000000e3400000, 0x00000000e3400000|100%| O|  |TAMS 0x00000000e3400000, 0x00000000e3300000| Untracked 
|  52|0x00000000e3400000, 0x00000000e3500000, 0x00000000e3500000|100%| O|  |TAMS 0x00000000e3500000, 0x00000000e3400000| Untracked 
|  53|0x00000000e3500000, 0x00000000e3600000, 0x00000000e3600000|100%| O|  |TAMS 0x00000000e3600000, 0x00000000e3500000| Untracked 
|  54|0x00000000e3600000, 0x00000000e3700000, 0x00000000e3700000|100%| O|  |TAMS 0x00000000e3600000, 0x00000000e3600000| Untracked 
|  55|0x00000000e3700000, 0x00000000e3800000, 0x00000000e3800000|100%| O|  |TAMS 0x00000000e3700000, 0x00000000e3700000| Untracked 
|  56|0x00000000e3800000, 0x00000000e3900000, 0x00000000e3900000|100%| O|  |TAMS 0x00000000e3900000, 0x00000000e3800000| Untracked 
|  57|0x00000000e3900000, 0x00000000e3a00000, 0x00000000e3a00000|100%| O|  |TAMS 0x00000000e3a00000, 0x00000000e3900000| Untracked 
|  58|0x00000000e3a00000, 0x00000000e3b00000, 0x00000000e3b00000|100%| O|  |TAMS 0x00000000e3b00000, 0x00000000e3a00000| Untracked 
|  59|0x00000000e3b00000, 0x00000000e3c00000, 0x00000000e3c00000|100%| O|  |TAMS 0x00000000e3c00000, 0x00000000e3b00000| Untracked 
|  60|0x00000000e3c00000, 0x00000000e3d00000, 0x00000000e3d00000|100%| O|  |TAMS 0x00000000e3d00000, 0x00000000e3c00000| Untracked 
|  61|0x00000000e3d00000, 0x00000000e3e00000, 0x00000000e3e00000|100%| O|  |TAMS 0x00000000e3e00000, 0x00000000e3d00000| Untracked 
|  62|0x00000000e3e00000, 0x00000000e3f00000, 0x00000000e3f00000|100%| O|  |TAMS 0x00000000e3f00000, 0x00000000e3e00000| Untracked 
|  63|0x00000000e3f00000, 0x00000000e4000000, 0x00000000e4000000|100%| O|  |TAMS 0x00000000e4000000, 0x00000000e3f00000| Untracked 
|  64|0x00000000e4000000, 0x00000000e4100000, 0x00000000e4100000|100%| O|  |TAMS 0x00000000e4100000, 0x00000000e4000000| Untracked 
|  65|0x00000000e4100000, 0x00000000e4200000, 0x00000000e4200000|100%| O|  |TAMS 0x00000000e4200000, 0x00000000e4100000| Untracked 
|  66|0x00000000e4200000, 0x00000000e4300000, 0x00000000e4300000|100%| O|  |TAMS 0x00000000e4300000, 0x00000000e4200000| Untracked 
|  67|0x00000000e4300000, 0x00000000e4400000, 0x00000000e4400000|100%| O|  |TAMS 0x00000000e4400000, 0x00000000e4300000| Untracked 
|  68|0x00000000e4400000, 0x00000000e4500000, 0x00000000e4500000|100%| O|  |TAMS 0x00000000e4500000, 0x00000000e4400000| Untracked 
|  69|0x00000000e4500000, 0x00000000e4600000, 0x00000000e4600000|100%|HS|  |TAMS 0x00000000e4600000, 0x00000000e4500000| Complete 
|  70|0x00000000e4600000, 0x00000000e4700000, 0x00000000e4700000|100%|HC|  |TAMS 0x00000000e4700000, 0x00000000e4600000| Complete 
|  71|0x00000000e4700000, 0x00000000e4800000, 0x00000000e4800000|100%|HS|  |TAMS 0x00000000e4800000, 0x00000000e4700000| Complete 
|  72|0x00000000e4800000, 0x00000000e4900000, 0x00000000e4900000|100%|HC|  |TAMS 0x00000000e4900000, 0x00000000e4800000| Complete 
|  73|0x00000000e4900000, 0x00000000e4a00000, 0x00000000e4a00000|100%|HC|  |TAMS 0x00000000e4a00000, 0x00000000e4900000| Complete 
|  74|0x00000000e4a00000, 0x00000000e4b00000, 0x00000000e4b00000|100%|HC|  |TAMS 0x00000000e4b00000, 0x00000000e4a00000| Complete 
|  75|0x00000000e4b00000, 0x00000000e4c00000, 0x00000000e4c00000|100%|HC|  |TAMS 0x00000000e4c00000, 0x00000000e4b00000| Complete 
|  76|0x00000000e4c00000, 0x00000000e4d00000, 0x00000000e4d00000|100%|HC|  |TAMS 0x00000000e4d00000, 0x00000000e4c00000| Complete 
|  77|0x00000000e4d00000, 0x00000000e4e00000, 0x00000000e4e00000|100%|HS|  |TAMS 0x00000000e4e00000, 0x00000000e4d00000| Complete 
|  78|0x00000000e4e00000, 0x00000000e4f00000, 0x00000000e4f00000|100%|HC|  |TAMS 0x00000000e4f00000, 0x00000000e4e00000| Complete 
|  79|0x00000000e4f00000, 0x00000000e5000000, 0x00000000e5000000|100%|HC|  |TAMS 0x00000000e5000000, 0x00000000e4f00000| Complete 
|  80|0x00000000e5000000, 0x00000000e5100000, 0x00000000e5100000|100%|HC|  |TAMS 0x00000000e5100000, 0x00000000e5000000| Complete 
|  81|0x00000000e5100000, 0x00000000e5200000, 0x00000000e5200000|100%|HC|  |TAMS 0x00000000e5200000, 0x00000000e5100000| Complete 
|  82|0x00000000e5200000, 0x00000000e5300000, 0x00000000e5300000|100%|HC|  |TAMS 0x00000000e5300000, 0x00000000e5200000| Complete 
|  83|0x00000000e5300000, 0x00000000e5400000, 0x00000000e5400000|100%| O|  |TAMS 0x00000000e5400000, 0x00000000e5300000| Untracked 
|  84|0x00000000e5400000, 0x00000000e5500000, 0x00000000e5500000|100%| O|  |TAMS 0x00000000e5500000, 0x00000000e5400000| Untracked 
|  85|0x00000000e5500000, 0x00000000e5600000, 0x00000000e5600000|100%| O|  |TAMS 0x00000000e5600000, 0x00000000e5500000| Untracked 
|  86|0x00000000e5600000, 0x00000000e5700000, 0x00000000e5700000|100%| O|  |TAMS 0x00000000e5700000, 0x00000000e5600000| Untracked 
|  87|0x00000000e5700000, 0x00000000e5800000, 0x00000000e5800000|100%| O|  |TAMS 0x00000000e5800000, 0x00000000e5700000| Untracked 
|  88|0x00000000e5800000, 0x00000000e5900000, 0x00000000e5900000|100%| O|  |TAMS 0x00000000e5900000, 0x00000000e5800000| Untracked 
|  89|0x00000000e5900000, 0x00000000e5a00000, 0x00000000e5a00000|100%|HS|  |TAMS 0x00000000e5a00000, 0x00000000e5900000| Complete 
|  90|0x00000000e5a00000, 0x00000000e5b00000, 0x00000000e5b00000|100%|HC|  |TAMS 0x00000000e5b00000, 0x00000000e5a00000| Complete 
|  91|0x00000000e5b00000, 0x00000000e5c00000, 0x00000000e5c00000|100%| O|  |TAMS 0x00000000e5c00000, 0x00000000e5b00000| Untracked 
|  92|0x00000000e5c00000, 0x00000000e5d00000, 0x00000000e5d00000|100%| O|  |TAMS 0x00000000e5d00000, 0x00000000e5c00000| Untracked 
|  93|0x00000000e5d00000, 0x00000000e5e00000, 0x00000000e5e00000|100%| O|  |TAMS 0x00000000e5e00000, 0x00000000e5d00000| Untracked 
|  94|0x00000000e5e00000, 0x00000000e5f00000, 0x00000000e5f00000|100%| O|  |TAMS 0x00000000e5f00000, 0x00000000e5e00000| Untracked 
|  95|0x00000000e5f00000, 0x00000000e6000000, 0x00000000e6000000|100%| O|  |TAMS 0x00000000e6000000, 0x00000000e5f00000| Untracked 
|  96|0x00000000e6000000, 0x00000000e6100000, 0x00000000e6100000|100%| O|  |TAMS 0x00000000e6100000, 0x00000000e6000000| Untracked 
|  97|0x00000000e6100000, 0x00000000e6200000, 0x00000000e6200000|100%| O|  |TAMS 0x00000000e6200000, 0x00000000e6100000| Untracked 
|  98|0x00000000e6200000, 0x00000000e6300000, 0x00000000e6300000|100%| O|  |TAMS 0x00000000e6300000, 0x00000000e6200000| Untracked 
|  99|0x00000000e6300000, 0x00000000e6400000, 0x00000000e6400000|100%| O|  |TAMS 0x00000000e6400000, 0x00000000e6300000| Untracked 
| 100|0x00000000e6400000, 0x00000000e6500000, 0x00000000e6500000|100%| O|  |TAMS 0x00000000e6500000, 0x00000000e6400000| Untracked 
| 101|0x00000000e6500000, 0x00000000e6600000, 0x00000000e6600000|100%| O|  |TAMS 0x00000000e6600000, 0x00000000e6500000| Untracked 
| 102|0x00000000e6600000, 0x00000000e6700000, 0x00000000e6700000|100%| O|  |TAMS 0x00000000e6700000, 0x00000000e6600000| Untracked 
| 103|0x00000000e6700000, 0x00000000e6800000, 0x00000000e6800000|100%| O|  |TAMS 0x00000000e6800000, 0x00000000e6700000| Untracked 
| 104|0x00000000e6800000, 0x00000000e6900000, 0x00000000e6900000|100%| O|  |TAMS 0x00000000e6900000, 0x00000000e6800000| Untracked 
| 105|0x00000000e6900000, 0x00000000e6a00000, 0x00000000e6a00000|100%| O|  |TAMS 0x00000000e6a00000, 0x00000000e6900000| Untracked 
| 106|0x00000000e6a00000, 0x00000000e6b00000, 0x00000000e6b00000|100%| O|  |TAMS 0x00000000e6b00000, 0x00000000e6a00000| Untracked 
| 107|0x00000000e6b00000, 0x00000000e6c00000, 0x00000000e6c00000|100%| O|  |TAMS 0x00000000e6c00000, 0x00000000e6b00000| Untracked 
| 108|0x00000000e6c00000, 0x00000000e6d00000, 0x00000000e6d00000|100%| O|  |TAMS 0x00000000e6d00000, 0x00000000e6c00000| Untracked 
| 109|0x00000000e6d00000, 0x00000000e6e00000, 0x00000000e6e00000|100%| O|  |TAMS 0x00000000e6e00000, 0x00000000e6d00000| Untracked 
| 110|0x00000000e6e00000, 0x00000000e6f00000, 0x00000000e6f00000|100%| O|  |TAMS 0x00000000e6f00000, 0x00000000e6e00000| Untracked 
| 111|0x00000000e6f00000, 0x00000000e7000000, 0x00000000e7000000|100%| O|  |TAMS 0x00000000e7000000, 0x00000000e6f00000| Untracked 
| 112|0x00000000e7000000, 0x00000000e7100000, 0x00000000e7100000|100%| O|  |TAMS 0x00000000e7000000, 0x00000000e7000000| Untracked 
| 113|0x00000000e7100000, 0x00000000e7200000, 0x00000000e7200000|100%| O|  |TAMS 0x00000000e7200000, 0x00000000e7100000| Untracked 
| 114|0x00000000e7200000, 0x00000000e7300000, 0x00000000e7300000|100%| O|  |TAMS 0x00000000e7300000, 0x00000000e7200000| Untracked 
| 115|0x00000000e7300000, 0x00000000e7400000, 0x00000000e7400000|100%| O|  |TAMS 0x00000000e7400000, 0x00000000e7300000| Untracked 
| 116|0x00000000e7400000, 0x00000000e7500000, 0x00000000e7500000|100%| O|  |TAMS 0x00000000e7500000, 0x00000000e7400000| Untracked 
| 117|0x00000000e7500000, 0x00000000e7600000, 0x00000000e7600000|100%| O|  |TAMS 0x00000000e7500000, 0x00000000e7500000| Untracked 
| 118|0x00000000e7600000, 0x00000000e7700000, 0x00000000e7700000|100%| O|  |TAMS 0x00000000e7600000, 0x00000000e7600000| Untracked 
| 119|0x00000000e7700000, 0x00000000e7800000, 0x00000000e7800000|100%| O|  |TAMS 0x00000000e7800000, 0x00000000e7700000| Untracked 
| 120|0x00000000e7800000, 0x00000000e7900000, 0x00000000e7900000|100%| O|  |TAMS 0x00000000e7800000, 0x00000000e7800000| Untracked 
| 121|0x00000000e7900000, 0x00000000e7a00000, 0x00000000e7a00000|100%| O|  |TAMS 0x00000000e7900000, 0x00000000e7900000| Untracked 
| 122|0x00000000e7a00000, 0x00000000e7b00000, 0x00000000e7b00000|100%| O|  |TAMS 0x00000000e7a00000, 0x00000000e7a00000| Untracked 
| 123|0x00000000e7b00000, 0x00000000e7c00000, 0x00000000e7c00000|100%| O|  |TAMS 0x00000000e7c00000, 0x00000000e7b00000| Untracked 
| 124|0x00000000e7c00000, 0x00000000e7d00000, 0x00000000e7d00000|100%| O|  |TAMS 0x00000000e7d00000, 0x00000000e7c00000| Untracked 
| 125|0x00000000e7d00000, 0x00000000e7e00000, 0x00000000e7e00000|100%| O|  |TAMS 0x00000000e7e00000, 0x00000000e7d00000| Untracked 
| 126|0x00000000e7e00000, 0x00000000e7f00000, 0x00000000e7f00000|100%| O|  |TAMS 0x00000000e7f00000, 0x00000000e7e00000| Untracked 
| 127|0x00000000e7f00000, 0x00000000e8000000, 0x00000000e8000000|100%| O|  |TAMS 0x00000000e8000000, 0x00000000e7f00000| Untracked 
| 128|0x00000000e8000000, 0x00000000e8100000, 0x00000000e8100000|100%| O|  |TAMS 0x00000000e8100000, 0x00000000e8000000| Untracked 
| 129|0x00000000e8100000, 0x00000000e8200000, 0x00000000e8200000|100%| O|  |TAMS 0x00000000e8100000, 0x00000000e8100000| Untracked 
| 130|0x00000000e8200000, 0x00000000e8267600, 0x00000000e8300000| 40%| O|  |TAMS 0x00000000e8200000, 0x00000000e8200000| Untracked 
| 131|0x00000000e8300000, 0x00000000e8300000, 0x00000000e8400000|  0%| F|  |TAMS 0x00000000e8300000, 0x00000000e8300000| Untracked 
| 132|0x00000000e8400000, 0x00000000e8400000, 0x00000000e8500000|  0%| F|  |TAMS 0x00000000e8400000, 0x00000000e8400000| Untracked 
| 133|0x00000000e8500000, 0x00000000e8500000, 0x00000000e8600000|  0%| F|  |TAMS 0x00000000e8500000, 0x00000000e8500000| Untracked 
| 134|0x00000000e8600000, 0x00000000e8600000, 0x00000000e8700000|  0%| F|  |TAMS 0x00000000e8600000, 0x00000000e8600000| Untracked 
| 135|0x00000000e8700000, 0x00000000e8700000, 0x00000000e8800000|  0%| F|  |TAMS 0x00000000e8700000, 0x00000000e8700000| Untracked 
| 136|0x00000000e8800000, 0x00000000e8800000, 0x00000000e8900000|  0%| F|  |TAMS 0x00000000e8800000, 0x00000000e8800000| Untracked 
| 137|0x00000000e8900000, 0x00000000e8a00000, 0x00000000e8a00000|100%| O|  |TAMS 0x00000000e8900000, 0x00000000e8900000| Untracked 
| 138|0x00000000e8a00000, 0x00000000e8b00000, 0x00000000e8b00000|100%| O|  |TAMS 0x00000000e8a00000, 0x00000000e8a00000| Untracked 
| 139|0x00000000e8b00000, 0x00000000e8c00000, 0x00000000e8c00000|100%| O|  |TAMS 0x00000000e8b00000, 0x00000000e8b00000| Untracked 
| 140|0x00000000e8c00000, 0x00000000e8c00000, 0x00000000e8d00000|  0%| F|  |TAMS 0x00000000e8c00000, 0x00000000e8c00000| Untracked 
| 141|0x00000000e8d00000, 0x00000000e8d00000, 0x00000000e8e00000|  0%| F|  |TAMS 0x00000000e8d00000, 0x00000000e8d00000| Untracked 
| 142|0x00000000e8e00000, 0x00000000e8e00000, 0x00000000e8f00000|  0%| F|  |TAMS 0x00000000e8e00000, 0x00000000e8e00000| Untracked 
| 143|0x00000000e8f00000, 0x00000000e8f00000, 0x00000000e9000000|  0%| F|  |TAMS 0x00000000e8f00000, 0x00000000e8f00000| Untracked 
| 144|0x00000000e9000000, 0x00000000e9000000, 0x00000000e9100000|  0%| F|  |TAMS 0x00000000e9000000, 0x00000000e9000000| Untracked 
| 145|0x00000000e9100000, 0x00000000e9200000, 0x00000000e9200000|100%| O|  |TAMS 0x00000000e9100000, 0x00000000e9100000| Untracked 
| 146|0x00000000e9200000, 0x00000000e9300000, 0x00000000e9300000|100%| O|  |TAMS 0x00000000e9200000, 0x00000000e9200000| Untracked 
| 147|0x00000000e9300000, 0x00000000e9300000, 0x00000000e9400000|  0%| F|  |TAMS 0x00000000e9300000, 0x00000000e9300000| Untracked 
| 148|0x00000000e9400000, 0x00000000e9500000, 0x00000000e9500000|100%| O|  |TAMS 0x00000000e943d800, 0x00000000e9400000| Untracked 
| 149|0x00000000e9500000, 0x00000000e9600000, 0x00000000e9600000|100%| O|  |TAMS 0x00000000e9500000, 0x00000000e9500000| Untracked 
| 150|0x00000000e9600000, 0x00000000e9700000, 0x00000000e9700000|100%| O|  |TAMS 0x00000000e9600000, 0x00000000e9600000| Untracked 
| 151|0x00000000e9700000, 0x00000000e9800000, 0x00000000e9800000|100%| O|  |TAMS 0x00000000e9700000, 0x00000000e9700000| Untracked 
| 152|0x00000000e9800000, 0x00000000e9900000, 0x00000000e9900000|100%| O|  |TAMS 0x00000000e9800000, 0x00000000e9800000| Untracked 
| 153|0x00000000e9900000, 0x00000000e9a00000, 0x00000000e9a00000|100%| O|  |TAMS 0x00000000e9900000, 0x00000000e9900000| Untracked 
| 154|0x00000000e9a00000, 0x00000000e9b00000, 0x00000000e9b00000|100%| O|  |TAMS 0x00000000e9a00000, 0x00000000e9a00000| Untracked 
| 155|0x00000000e9b00000, 0x00000000e9c00000, 0x00000000e9c00000|100%| O|  |TAMS 0x00000000e9b00000, 0x00000000e9b00000| Untracked 
| 156|0x00000000e9c00000, 0x00000000e9d00000, 0x00000000e9d00000|100%| O|  |TAMS 0x00000000e9c00000, 0x00000000e9c00000| Untracked 
| 157|0x00000000e9d00000, 0x00000000e9e00000, 0x00000000e9e00000|100%| O|  |TAMS 0x00000000e9d00000, 0x00000000e9d00000| Untracked 
| 158|0x00000000e9e00000, 0x00000000e9f00000, 0x00000000e9f00000|100%| O|  |TAMS 0x00000000e9e00000, 0x00000000e9e00000| Untracked 
| 159|0x00000000e9f00000, 0x00000000ea000000, 0x00000000ea000000|100%| O|  |TAMS 0x00000000e9f00000, 0x00000000e9f00000| Untracked 
| 160|0x00000000ea000000, 0x00000000ea100000, 0x00000000ea100000|100%| O|  |TAMS 0x00000000ea000000, 0x00000000ea000000| Untracked 
| 161|0x00000000ea100000, 0x00000000ea100000, 0x00000000ea200000|  0%| F|  |TAMS 0x00000000ea100000, 0x00000000ea100000| Untracked 
| 162|0x00000000ea200000, 0x00000000ea200000, 0x00000000ea300000|  0%| F|  |TAMS 0x00000000ea200000, 0x00000000ea200000| Untracked 
| 163|0x00000000ea300000, 0x00000000ea300000, 0x00000000ea400000|  0%| F|  |TAMS 0x00000000ea300000, 0x00000000ea300000| Untracked 
| 164|0x00000000ea400000, 0x00000000ea400000, 0x00000000ea500000|  0%| F|  |TAMS 0x00000000ea400000, 0x00000000ea400000| Untracked 
| 165|0x00000000ea500000, 0x00000000ea500000, 0x00000000ea600000|  0%| F|  |TAMS 0x00000000ea500000, 0x00000000ea500000| Untracked 
| 166|0x00000000ea600000, 0x00000000ea600000, 0x00000000ea700000|  0%| F|  |TAMS 0x00000000ea600000, 0x00000000ea600000| Untracked 
| 167|0x00000000ea700000, 0x00000000ea700000, 0x00000000ea800000|  0%| F|  |TAMS 0x00000000ea700000, 0x00000000ea700000| Untracked 
| 168|0x00000000ea800000, 0x00000000ea800000, 0x00000000ea900000|  0%| F|  |TAMS 0x00000000ea800000, 0x00000000ea800000| Untracked 
| 169|0x00000000ea900000, 0x00000000ea900000, 0x00000000eaa00000|  0%| F|  |TAMS 0x00000000ea900000, 0x00000000ea900000| Untracked 
| 170|0x00000000eaa00000, 0x00000000eaa00000, 0x00000000eab00000|  0%| F|  |TAMS 0x00000000eaa00000, 0x00000000eaa00000| Untracked 
| 171|0x00000000eab00000, 0x00000000eab00000, 0x00000000eac00000|  0%| F|  |TAMS 0x00000000eab00000, 0x00000000eab00000| Untracked 
| 172|0x00000000eac00000, 0x00000000eac00000, 0x00000000ead00000|  0%| F|  |TAMS 0x00000000eac00000, 0x00000000eac00000| Untracked 
| 173|0x00000000ead00000, 0x00000000ead00000, 0x00000000eae00000|  0%| F|  |TAMS 0x00000000ead00000, 0x00000000ead00000| Untracked 
| 174|0x00000000eae00000, 0x00000000eae00000, 0x00000000eaf00000|  0%| F|  |TAMS 0x00000000eae00000, 0x00000000eae00000| Untracked 
| 175|0x00000000eaf00000, 0x00000000eaf00000, 0x00000000eb000000|  0%| F|  |TAMS 0x00000000eaf00000, 0x00000000eaf00000| Untracked 
| 176|0x00000000eb000000, 0x00000000eb000000, 0x00000000eb100000|  0%| F|  |TAMS 0x00000000eb000000, 0x00000000eb000000| Untracked 
| 177|0x00000000eb100000, 0x00000000eb100000, 0x00000000eb200000|  0%| F|  |TAMS 0x00000000eb100000, 0x00000000eb100000| Untracked 
| 178|0x00000000eb200000, 0x00000000eb200000, 0x00000000eb300000|  0%| F|  |TAMS 0x00000000eb200000, 0x00000000eb200000| Untracked 
| 179|0x00000000eb300000, 0x00000000eb300000, 0x00000000eb400000|  0%| F|  |TAMS 0x00000000eb300000, 0x00000000eb300000| Untracked 
| 180|0x00000000eb400000, 0x00000000eb400000, 0x00000000eb500000|  0%| F|  |TAMS 0x00000000eb400000, 0x00000000eb400000| Untracked 
| 181|0x00000000eb500000, 0x00000000eb500000, 0x00000000eb600000|  0%| F|  |TAMS 0x00000000eb500000, 0x00000000eb500000| Untracked 
| 182|0x00000000eb600000, 0x00000000eb600000, 0x00000000eb700000|  0%| F|  |TAMS 0x00000000eb600000, 0x00000000eb600000| Untracked 
| 183|0x00000000eb700000, 0x00000000eb700000, 0x00000000eb800000|  0%| F|  |TAMS 0x00000000eb700000, 0x00000000eb700000| Untracked 
| 184|0x00000000eb800000, 0x00000000eb800000, 0x00000000eb900000|  0%| F|  |TAMS 0x00000000eb800000, 0x00000000eb800000| Untracked 
| 185|0x00000000eb900000, 0x00000000eb900000, 0x00000000eba00000|  0%| F|  |TAMS 0x00000000eb900000, 0x00000000eb900000| Untracked 
| 186|0x00000000eba00000, 0x00000000eba00000, 0x00000000ebb00000|  0%| F|  |TAMS 0x00000000eba00000, 0x00000000eba00000| Untracked 
| 187|0x00000000ebb00000, 0x00000000ebb00000, 0x00000000ebc00000|  0%| F|  |TAMS 0x00000000ebb00000, 0x00000000ebb00000| Untracked 
| 188|0x00000000ebc00000, 0x00000000ebc00000, 0x00000000ebd00000|  0%| F|  |TAMS 0x00000000ebc00000, 0x00000000ebc00000| Untracked 
| 189|0x00000000ebd00000, 0x00000000ebd00000, 0x00000000ebe00000|  0%| F|  |TAMS 0x00000000ebd00000, 0x00000000ebd00000| Untracked 
| 190|0x00000000ebe00000, 0x00000000ebe00000, 0x00000000ebf00000|  0%| F|  |TAMS 0x00000000ebe00000, 0x00000000ebe00000| Untracked 
| 191|0x00000000ebf00000, 0x00000000ebf00000, 0x00000000ec000000|  0%| F|  |TAMS 0x00000000ebf00000, 0x00000000ebf00000| Untracked 
| 192|0x00000000ec000000, 0x00000000ec0c5c80, 0x00000000ec100000| 77%| S|CS|TAMS 0x00000000ec000000, 0x00000000ec000000| Complete 
| 193|0x00000000ec100000, 0x00000000ec200000, 0x00000000ec200000|100%| S|CS|TAMS 0x00000000ec100000, 0x00000000ec100000| Complete 
| 194|0x00000000ec200000, 0x00000000ec300000, 0x00000000ec300000|100%| S|CS|TAMS 0x00000000ec200000, 0x00000000ec200000| Complete 
| 195|0x00000000ec300000, 0x00000000ec400000, 0x00000000ec400000|100%| S|CS|TAMS 0x00000000ec300000, 0x00000000ec300000| Complete 
| 196|0x00000000ec400000, 0x00000000ec400000, 0x00000000ec500000|  0%| F|  |TAMS 0x00000000ec400000, 0x00000000ec400000| Untracked 
| 197|0x00000000ec500000, 0x00000000ec500000, 0x00000000ec600000|  0%| F|  |TAMS 0x00000000ec500000, 0x00000000ec500000| Untracked 
| 198|0x00000000ec600000, 0x00000000ec600000, 0x00000000ec700000|  0%| F|  |TAMS 0x00000000ec600000, 0x00000000ec600000| Untracked 
| 199|0x00000000ec700000, 0x00000000ec700000, 0x00000000ec800000|  0%| F|  |TAMS 0x00000000ec700000, 0x00000000ec700000| Untracked 
| 200|0x00000000ec800000, 0x00000000ec800000, 0x00000000ec900000|  0%| F|  |TAMS 0x00000000ec800000, 0x00000000ec800000| Untracked 
| 201|0x00000000ec900000, 0x00000000ec900000, 0x00000000eca00000|  0%| F|  |TAMS 0x00000000ec900000, 0x00000000ec900000| Untracked 
| 202|0x00000000eca00000, 0x00000000eca00000, 0x00000000ecb00000|  0%| F|  |TAMS 0x00000000eca00000, 0x00000000eca00000| Untracked 
| 203|0x00000000ecb00000, 0x00000000ecb00000, 0x00000000ecc00000|  0%| F|  |TAMS 0x00000000ecb00000, 0x00000000ecb00000| Untracked 
| 204|0x00000000ecc00000, 0x00000000ecc00000, 0x00000000ecd00000|  0%| F|  |TAMS 0x00000000ecc00000, 0x00000000ecc00000| Untracked 
| 205|0x00000000ecd00000, 0x00000000ecd00000, 0x00000000ece00000|  0%| F|  |TAMS 0x00000000ecd00000, 0x00000000ecd00000| Untracked 
| 206|0x00000000ece00000, 0x00000000ece00000, 0x00000000ecf00000|  0%| F|  |TAMS 0x00000000ece00000, 0x00000000ece00000| Untracked 
| 207|0x00000000ecf00000, 0x00000000ecf00000, 0x00000000ed000000|  0%| F|  |TAMS 0x00000000ecf00000, 0x00000000ecf00000| Untracked 
| 208|0x00000000ed000000, 0x00000000ed000000, 0x00000000ed100000|  0%| F|  |TAMS 0x00000000ed000000, 0x00000000ed000000| Untracked 
| 209|0x00000000ed100000, 0x00000000ed100000, 0x00000000ed200000|  0%| F|  |TAMS 0x00000000ed100000, 0x00000000ed100000| Untracked 
| 210|0x00000000ed200000, 0x00000000ed200000, 0x00000000ed300000|  0%| F|  |TAMS 0x00000000ed200000, 0x00000000ed200000| Untracked 
| 211|0x00000000ed300000, 0x00000000ed300000, 0x00000000ed400000|  0%| F|  |TAMS 0x00000000ed300000, 0x00000000ed300000| Untracked 
| 212|0x00000000ed400000, 0x00000000ed400000, 0x00000000ed500000|  0%| F|  |TAMS 0x00000000ed400000, 0x00000000ed400000| Untracked 
| 213|0x00000000ed500000, 0x00000000ed500000, 0x00000000ed600000|  0%| F|  |TAMS 0x00000000ed500000, 0x00000000ed500000| Untracked 
| 214|0x00000000ed600000, 0x00000000ed600000, 0x00000000ed700000|  0%| F|  |TAMS 0x00000000ed600000, 0x00000000ed600000| Untracked 
| 215|0x00000000ed700000, 0x00000000ed700000, 0x00000000ed800000|  0%| F|  |TAMS 0x00000000ed700000, 0x00000000ed700000| Untracked 
| 216|0x00000000ed800000, 0x00000000ed800000, 0x00000000ed900000|  0%| F|  |TAMS 0x00000000ed800000, 0x00000000ed800000| Untracked 
| 217|0x00000000ed900000, 0x00000000ed900000, 0x00000000eda00000|  0%| F|  |TAMS 0x00000000ed900000, 0x00000000ed900000| Untracked 
| 218|0x00000000eda00000, 0x00000000eda00000, 0x00000000edb00000|  0%| F|  |TAMS 0x00000000eda00000, 0x00000000eda00000| Untracked 
| 219|0x00000000edb00000, 0x00000000edb00000, 0x00000000edc00000|  0%| F|  |TAMS 0x00000000edb00000, 0x00000000edb00000| Untracked 
| 220|0x00000000edc00000, 0x00000000edc00000, 0x00000000edd00000|  0%| F|  |TAMS 0x00000000edc00000, 0x00000000edc00000| Untracked 
| 221|0x00000000edd00000, 0x00000000edd00000, 0x00000000ede00000|  0%| F|  |TAMS 0x00000000edd00000, 0x00000000edd00000| Untracked 
| 222|0x00000000ede00000, 0x00000000ede00000, 0x00000000edf00000|  0%| F|  |TAMS 0x00000000ede00000, 0x00000000ede00000| Untracked 
| 223|0x00000000edf00000, 0x00000000edf00000, 0x00000000ee000000|  0%| F|  |TAMS 0x00000000edf00000, 0x00000000edf00000| Untracked 
| 224|0x00000000ee000000, 0x00000000ee000000, 0x00000000ee100000|  0%| F|  |TAMS 0x00000000ee000000, 0x00000000ee000000| Untracked 
| 225|0x00000000ee100000, 0x00000000ee100000, 0x00000000ee200000|  0%| F|  |TAMS 0x00000000ee100000, 0x00000000ee100000| Untracked 
| 226|0x00000000ee200000, 0x00000000ee200000, 0x00000000ee300000|  0%| F|  |TAMS 0x00000000ee200000, 0x00000000ee200000| Untracked 
| 227|0x00000000ee300000, 0x00000000ee300000, 0x00000000ee400000|  0%| F|  |TAMS 0x00000000ee300000, 0x00000000ee300000| Untracked 
| 228|0x00000000ee400000, 0x00000000ee400000, 0x00000000ee500000|  0%| F|  |TAMS 0x00000000ee400000, 0x00000000ee400000| Untracked 
| 229|0x00000000ee500000, 0x00000000ee500000, 0x00000000ee600000|  0%| F|  |TAMS 0x00000000ee500000, 0x00000000ee500000| Untracked 
| 230|0x00000000ee600000, 0x00000000ee6dd128, 0x00000000ee700000| 86%| E|  |TAMS 0x00000000ee600000, 0x00000000ee600000| Complete 
| 231|0x00000000ee700000, 0x00000000ee800000, 0x00000000ee800000|100%| E|CS|TAMS 0x00000000ee700000, 0x00000000ee700000| Complete 
| 232|0x00000000ee800000, 0x00000000ee900000, 0x00000000ee900000|100%| E|CS|TAMS 0x00000000ee800000, 0x00000000ee800000| Complete 
| 233|0x00000000ee900000, 0x00000000eea00000, 0x00000000eea00000|100%| E|CS|TAMS 0x00000000ee900000, 0x00000000ee900000| Complete 
| 234|0x00000000eea00000, 0x00000000eeb00000, 0x00000000eeb00000|100%| E|CS|TAMS 0x00000000eea00000, 0x00000000eea00000| Complete 
| 235|0x00000000eeb00000, 0x00000000eec00000, 0x00000000eec00000|100%| E|CS|TAMS 0x00000000eeb00000, 0x00000000eeb00000| Complete 
| 236|0x00000000eec00000, 0x00000000eed00000, 0x00000000eed00000|100%| E|CS|TAMS 0x00000000eec00000, 0x00000000eec00000| Complete 
| 237|0x00000000eed00000, 0x00000000eee00000, 0x00000000eee00000|100%| E|CS|TAMS 0x00000000eed00000, 0x00000000eed00000| Complete 
| 238|0x00000000eee00000, 0x00000000eef00000, 0x00000000eef00000|100%| E|CS|TAMS 0x00000000eee00000, 0x00000000eee00000| Complete 
| 239|0x00000000eef00000, 0x00000000ef000000, 0x00000000ef000000|100%| E|CS|TAMS 0x00000000eef00000, 0x00000000eef00000| Complete 
| 240|0x00000000ef000000, 0x00000000ef100000, 0x00000000ef100000|100%| E|CS|TAMS 0x00000000ef000000, 0x00000000ef000000| Complete 
| 241|0x00000000ef100000, 0x00000000ef200000, 0x00000000ef200000|100%| E|CS|TAMS 0x00000000ef100000, 0x00000000ef100000| Complete 
| 242|0x00000000ef200000, 0x00000000ef300000, 0x00000000ef300000|100%| E|CS|TAMS 0x00000000ef200000, 0x00000000ef200000| Complete 
| 243|0x00000000ef300000, 0x00000000ef400000, 0x00000000ef400000|100%| E|CS|TAMS 0x00000000ef300000, 0x00000000ef300000| Complete 
| 244|0x00000000ef400000, 0x00000000ef500000, 0x00000000ef500000|100%| E|CS|TAMS 0x00000000ef400000, 0x00000000ef400000| Complete 
| 245|0x00000000ef500000, 0x00000000ef600000, 0x00000000ef600000|100%| E|CS|TAMS 0x00000000ef500000, 0x00000000ef500000| Complete 
| 246|0x00000000ef600000, 0x00000000ef700000, 0x00000000ef700000|100%| E|CS|TAMS 0x00000000ef600000, 0x00000000ef600000| Complete 
| 247|0x00000000ef700000, 0x00000000ef800000, 0x00000000ef800000|100%| E|CS|TAMS 0x00000000ef700000, 0x00000000ef700000| Complete 
| 248|0x00000000ef800000, 0x00000000ef900000, 0x00000000ef900000|100%| E|CS|TAMS 0x00000000ef800000, 0x00000000ef800000| Complete 
| 249|0x00000000ef900000, 0x00000000efa00000, 0x00000000efa00000|100%| E|CS|TAMS 0x00000000ef900000, 0x00000000ef900000| Complete 
| 250|0x00000000efa00000, 0x00000000efb00000, 0x00000000efb00000|100%| E|CS|TAMS 0x00000000efa00000, 0x00000000efa00000| Complete 
| 251|0x00000000efb00000, 0x00000000efc00000, 0x00000000efc00000|100%| E|CS|TAMS 0x00000000efb00000, 0x00000000efb00000| Complete 
| 252|0x00000000efc00000, 0x00000000efd00000, 0x00000000efd00000|100%| E|CS|TAMS 0x00000000efc00000, 0x00000000efc00000| Complete 
| 253|0x00000000efd00000, 0x00000000efe00000, 0x00000000efe00000|100%| E|CS|TAMS 0x00000000efd00000, 0x00000000efd00000| Complete 
| 254|0x00000000efe00000, 0x00000000eff00000, 0x00000000eff00000|100%| E|CS|TAMS 0x00000000efe00000, 0x00000000efe00000| Complete 
| 255|0x00000000eff00000, 0x00000000f0000000, 0x00000000f0000000|100%| E|CS|TAMS 0x00000000eff00000, 0x00000000eff00000| Complete 
| 256|0x00000000f0000000, 0x00000000f0100000, 0x00000000f0100000|100%| E|CS|TAMS 0x00000000f0000000, 0x00000000f0000000| Complete 
| 257|0x00000000f0100000, 0x00000000f0200000, 0x00000000f0200000|100%| E|CS|TAMS 0x00000000f0100000, 0x00000000f0100000| Complete 
| 258|0x00000000f0200000, 0x00000000f0300000, 0x00000000f0300000|100%| E|CS|TAMS 0x00000000f0200000, 0x00000000f0200000| Complete 
| 259|0x00000000f0300000, 0x00000000f0400000, 0x00000000f0400000|100%| E|CS|TAMS 0x00000000f0300000, 0x00000000f0300000| Complete 
| 260|0x00000000f0400000, 0x00000000f0500000, 0x00000000f0500000|100%| E|CS|TAMS 0x00000000f0400000, 0x00000000f0400000| Complete 
| 261|0x00000000f0500000, 0x00000000f0600000, 0x00000000f0600000|100%| E|CS|TAMS 0x00000000f0500000, 0x00000000f0500000| Complete 
| 262|0x00000000f0600000, 0x00000000f0700000, 0x00000000f0700000|100%| E|CS|TAMS 0x00000000f0600000, 0x00000000f0600000| Complete 
| 263|0x00000000f0700000, 0x00000000f0800000, 0x00000000f0800000|100%| E|CS|TAMS 0x00000000f0700000, 0x00000000f0700000| Complete 
| 264|0x00000000f0800000, 0x00000000f0900000, 0x00000000f0900000|100%| E|CS|TAMS 0x00000000f0800000, 0x00000000f0800000| Complete 
| 265|0x00000000f0900000, 0x00000000f0a00000, 0x00000000f0a00000|100%| E|CS|TAMS 0x00000000f0900000, 0x00000000f0900000| Complete 
| 266|0x00000000f0a00000, 0x00000000f0b00000, 0x00000000f0b00000|100%| E|CS|TAMS 0x00000000f0a00000, 0x00000000f0a00000| Complete 
| 267|0x00000000f0b00000, 0x00000000f0c00000, 0x00000000f0c00000|100%| E|CS|TAMS 0x00000000f0b00000, 0x00000000f0b00000| Complete 
| 268|0x00000000f0c00000, 0x00000000f0d00000, 0x00000000f0d00000|100%| E|CS|TAMS 0x00000000f0c00000, 0x00000000f0c00000| Complete 
| 269|0x00000000f0d00000, 0x00000000f0e00000, 0x00000000f0e00000|100%| E|CS|TAMS 0x00000000f0d00000, 0x00000000f0d00000| Complete 

Card table byte_map: [0x000002b94dfa0000,0x000002b94e0a0000] _byte_map_base: 0x000002b94d8a0000

Marking Bits (Prev, Next): (CMBitMap*) 0x000002b934f44c70, (CMBitMap*) 0x000002b934f44cb0
 Prev Bits: [0x000002b94e1a0000, 0x000002b94e9a0000)
 Next Bits: [0x000002b94e9a0000, 0x000002b94f1a0000)

Polling page: 0x000002b934fe0000

Metaspace:

Usage:
  Non-class:     70.95 MB used.
      Class:     11.15 MB used.
       Both:     82.10 MB used.

Virtual space:
  Non-class space:       72.00 MB reserved,      71.50 MB (>99%) committed,  9 nodes.
      Class space:      308.00 MB reserved,      11.62 MB (  4%) committed,  1 nodes.
             Both:      380.00 MB reserved,      83.12 MB ( 22%) committed. 

Chunk freelists:
   Non-Class:  501.00 KB
       Class:  196.00 KB
        Both:  697.00 KB

MaxMetaspaceSize: 384.00 MB
CompressedClassSpaceSize: 308.00 MB
Initial GC threshold: 21.00 MB
Current GC threshold: 137.50 MB
CDS: on
MetaspaceReclaimPolicy: balanced
 - commit_granule_bytes: 65536.
 - commit_granule_words: 8192.
 - virtual_space_node_default_size: 1048576.
 - enlarge_chunks_in_place: 1.
 - new_chunks_are_fully_committed: 0.
 - uncommit_free_chunks: 1.
 - use_allocation_guard: 0.
 - handle_deallocations: 1.


Internal statistics:

num_allocs_failed_limit: 9.
num_arena_births: 1390.
num_arena_deaths: 6.
num_vsnodes_births: 10.
num_vsnodes_deaths: 0.
num_space_committed: 1330.
num_space_uncommitted: 0.
num_chunks_returned_to_freelist: 23.
num_chunks_taken_from_freelist: 5287.
num_chunk_merges: 9.
num_chunk_splits: 3261.
num_chunks_enlarged: 1910.
num_purges: 4.
num_inconsistent_stats: 0.

CodeHeap 'non-profiled nmethods': size=119168Kb used=7398Kb max_used=7842Kb free=111769Kb
 bounds [0x000002b945a90000, 0x000002b946250000, 0x000002b94cef0000]
CodeHeap 'profiled nmethods': size=119104Kb used=29941Kb max_used=30882Kb free=89162Kb
 bounds [0x000002b93e640000, 0x000002b940470000, 0x000002b945a90000]
CodeHeap 'non-nmethods': size=7488Kb used=3495Kb max_used=4119Kb free=3992Kb
 bounds [0x000002b93def0000, 0x000002b93e310000, 0x000002b93e640000]
 total_blobs=15609 nmethods=14710 adapters=807
 compilation: enabled
              stopped_count=0, restarted_count=0
 full_count=0

Compilation events (20 events):
Event: 86.422 Thread 0x000002b95217d0f0 17349  s    2       java.io.File::writeObject (12 bytes)
Event: 86.422 Thread 0x000002b95a242160 17351       2       java.io.ObjectOutputStream$BlockDataOutputStream::writeChar (47 bytes)
Event: 86.422 Thread 0x000002b95a2449e0 17350       2       java.io.ObjectOutputStream::writeChar (9 bytes)
Event: 86.422 Thread 0x000002b95a2449e0 nmethod 17350 0x000002b93fa93b10 code [0x000002b93fa93ca0, 0x000002b93fa93dc8]
Event: 86.422 Thread 0x000002b95217d0f0 nmethod 17349 0x000002b93f9ce390 code [0x000002b93f9ce540, 0x000002b93f9ce758]
Event: 86.422 Thread 0x000002b95a2449e0 17352       2       java.io.Bits::putChar (16 bytes)
Event: 86.422 Thread 0x000002b95a242160 nmethod 17351 0x000002b93f496e90 code [0x000002b93f497040, 0x000002b93f497208]
Event: 86.422 Thread 0x000002b95a242160 17353   !   2       jdk.internal.reflect.GeneratedMethodAccessor80::invoke (66 bytes)
Event: 86.422 Thread 0x000002b95a2449e0 nmethod 17352 0x000002b94044e210 code [0x000002b94044e3a0, 0x000002b94044e4d8]
Event: 86.422 Thread 0x000002b95a242160 nmethod 17353 0x000002b93ea08d10 code [0x000002b93ea08f40, 0x000002b93ea09588]
Event: 86.429 Thread 0x000002b95217d0f0 17355       2       java.io.ObjectStreamClass$FieldReflectorKey::equals (78 bytes)
Event: 86.430 Thread 0x000002b95217d0f0 nmethod 17355 0x000002b93f496810 code [0x000002b93f4969e0, 0x000002b93f496cf8]
Event: 86.430 Thread 0x000002b95217d0f0 17356   !   2       jdk.internal.reflect.BootstrapConstructorAccessorImpl::newInstance (24 bytes)
Event: 86.430 Thread 0x000002b95217d0f0 nmethod 17356 0x000002b93ed15b90 code [0x000002b93ed15d40, 0x000002b93ed15f58]
Event: 86.435 Thread 0x000002b95a2449e0 17361       3       java.io.ObjectStreamClass$FieldReflector::getPrimFieldValues (317 bytes)
Event: 86.435 Thread 0x000002b95217d0f0 17362  s    2       java.net.URL::writeObject (5 bytes)
Event: 86.435 Thread 0x000002b95a242160 17363   !   2       jdk.internal.reflect.GeneratedMethodAccessor90::invoke (66 bytes)
Event: 86.435 Thread 0x000002b95217d0f0 nmethod 17362 0x000002b93ed15710 code [0x000002b93ed158c0, 0x000002b93ed15a88]
Event: 86.435 Thread 0x000002b95a242160 nmethod 17363 0x000002b93e66b310 code [0x000002b93e66b520, 0x000002b93e66bb18]
Event: 86.436 Thread 0x000002b95a2449e0 nmethod 17361 0x000002b93e750610 code [0x000002b93e7508a0, 0x000002b93e7517d8]

GC Heap History (20 events):
Event: 46.642 GC heap before
{Heap before GC invocations=22 (full 0):
 garbage-first heap   total 262144K, used 216275K [0x00000000e0000000, 0x0000000100000000)
  region size 1024K, 77 young (78848K), 2 survivors (2048K)
 Metaspace       used 79899K, committed 80768K, reserved 389120K
  class space    used 10893K, committed 11328K, reserved 315392K
}
Event: 46.645 GC heap after
{Heap after GC invocations=23 (full 0):
 garbage-first heap   total 262144K, used 145217K [0x00000000e0000000, 0x0000000100000000)
  region size 1024K, 8 young (8192K), 8 survivors (8192K)
 Metaspace       used 79899K, committed 80768K, reserved 389120K
  class space    used 10893K, committed 11328K, reserved 315392K
}
Event: 46.861 GC heap before
{Heap before GC invocations=24 (full 0):
 garbage-first heap   total 262144K, used 213825K [0x00000000e0000000, 0x0000000100000000)
  region size 1024K, 77 young (78848K), 8 survivors (8192K)
 Metaspace       used 80009K, committed 80960K, reserved 389120K
  class space    used 10893K, committed 11328K, reserved 315392K
}
Event: 46.864 GC heap after
{Heap after GC invocations=25 (full 0):
 garbage-first heap   total 262144K, used 150205K [0x00000000e0000000, 0x0000000100000000)
  region size 1024K, 6 young (6144K), 6 survivors (6144K)
 Metaspace       used 80009K, committed 80960K, reserved 389120K
  class space    used 10893K, committed 11328K, reserved 315392K
}
Event: 46.885 GC heap before
{Heap before GC invocations=25 (full 0):
 garbage-first heap   total 262144K, used 155325K [0x00000000e0000000, 0x0000000100000000)
  region size 1024K, 12 young (12288K), 6 survivors (6144K)
 Metaspace       used 80009K, committed 80960K, reserved 389120K
  class space    used 10893K, committed 11328K, reserved 315392K
}
Event: 46.887 GC heap after
{Heap after GC invocations=26 (full 0):
 garbage-first heap   total 262144K, used 146870K [0x00000000e0000000, 0x0000000100000000)
  region size 1024K, 2 young (2048K), 2 survivors (2048K)
 Metaspace       used 80009K, committed 80960K, reserved 389120K
  class space    used 10893K, committed 11328K, reserved 315392K
}
Event: 82.637 GC heap before
{Heap before GC invocations=26 (full 0):
 garbage-first heap   total 262144K, used 216502K [0x00000000e0000000, 0x0000000100000000)
  region size 1024K, 71 young (72704K), 2 survivors (2048K)
 Metaspace       used 80405K, committed 81344K, reserved 389120K
  class space    used 10931K, committed 11392K, reserved 315392K
}
Event: 82.642 GC heap after
{Heap after GC invocations=27 (full 0):
 garbage-first heap   total 262144K, used 152071K [0x00000000e0000000, 0x0000000100000000)
  region size 1024K, 7 young (7168K), 7 survivors (7168K)
 Metaspace       used 80405K, committed 81344K, reserved 389120K
  class space    used 10931K, committed 11392K, reserved 315392K
}
Event: 83.560 GC heap before
{Heap before GC invocations=27 (full 0):
 garbage-first heap   total 262144K, used 216583K [0x00000000e0000000, 0x0000000100000000)
  region size 1024K, 71 young (72704K), 7 survivors (7168K)
 Metaspace       used 80982K, committed 81920K, reserved 389120K
  class space    used 11008K, committed 11456K, reserved 315392K
}
Event: 83.565 GC heap after
{Heap after GC invocations=28 (full 0):
 garbage-first heap   total 262144K, used 158103K [0x00000000e0000000, 0x0000000100000000)
  region size 1024K, 7 young (7168K), 7 survivors (7168K)
 Metaspace       used 80982K, committed 81920K, reserved 389120K
  class space    used 11008K, committed 11456K, reserved 315392K
}
Event: 84.086 GC heap before
{Heap before GC invocations=28 (full 0):
 garbage-first heap   total 262144K, used 216471K [0x00000000e0000000, 0x0000000100000000)
  region size 1024K, 65 young (66560K), 7 survivors (7168K)
 Metaspace       used 83407K, committed 84480K, reserved 389120K
  class space    used 11324K, committed 11840K, reserved 315392K
}
Event: 84.090 GC heap after
{Heap after GC invocations=29 (full 0):
 garbage-first heap   total 262144K, used 165099K [0x00000000e0000000, 0x0000000100000000)
  region size 1024K, 8 young (8192K), 8 survivors (8192K)
 Metaspace       used 83407K, committed 84480K, reserved 389120K
  class space    used 11324K, committed 11840K, reserved 315392K
}
Event: 84.402 GC heap before
{Heap before GC invocations=30 (full 0):
 garbage-first heap   total 276480K, used 210155K [0x00000000e0000000, 0x0000000100000000)
  region size 1024K, 59 young (60416K), 8 survivors (8192K)
 Metaspace       used 83415K, committed 84480K, reserved 389120K
  class space    used 11322K, committed 11840K, reserved 315392K
}
Event: 84.408 GC heap after
{Heap after GC invocations=31 (full 0):
 garbage-first heap   total 276480K, used 162720K [0x00000000e0000000, 0x0000000100000000)
  region size 1024K, 6 young (6144K), 6 survivors (6144K)
 Metaspace       used 83415K, committed 84480K, reserved 389120K
  class space    used 11322K, committed 11840K, reserved 315392K
}
Event: 84.453 GC heap before
{Heap before GC invocations=31 (full 0):
 garbage-first heap   total 276480K, used 169888K [0x00000000e0000000, 0x0000000100000000)
  region size 1024K, 13 young (13312K), 6 survivors (6144K)
 Metaspace       used 83415K, committed 84480K, reserved 389120K
  class space    used 11322K, committed 11840K, reserved 315392K
}
Event: 84.457 GC heap after
{Heap after GC invocations=32 (full 0):
 garbage-first heap   total 276480K, used 145194K [0x00000000e0000000, 0x0000000100000000)
  region size 1024K, 2 young (2048K), 2 survivors (2048K)
 Metaspace       used 83415K, committed 84480K, reserved 389120K
  class space    used 11322K, committed 11840K, reserved 315392K
}
Event: 85.279 GC heap before
{Heap before GC invocations=32 (full 0):
 garbage-first heap   total 276480K, used 225066K [0x00000000e0000000, 0x0000000100000000)
  region size 1024K, 80 young (81920K), 2 survivors (2048K)
 Metaspace       used 83451K, committed 84480K, reserved 389120K
  class space    used 11322K, committed 11840K, reserved 315392K
}
Event: 85.284 GC heap after
{Heap after GC invocations=33 (full 0):
 garbage-first heap   total 276480K, used 152043K [0x00000000e0000000, 0x0000000100000000)
  region size 1024K, 8 young (8192K), 8 survivors (8192K)
 Metaspace       used 83451K, committed 84480K, reserved 389120K
  class space    used 11322K, committed 11840K, reserved 315392K
}
Event: 85.939 GC heap before
{Heap before GC invocations=33 (full 0):
 garbage-first heap   total 276480K, used 226795K [0x00000000e0000000, 0x0000000100000000)
  region size 1024K, 82 young (83968K), 8 survivors (8192K)
 Metaspace       used 83519K, committed 84608K, reserved 389120K
  class space    used 11333K, committed 11840K, reserved 315392K
}
Event: 85.943 GC heap after
{Heap after GC invocations=34 (full 0):
 garbage-first heap   total 276480K, used 155828K [0x00000000e0000000, 0x0000000100000000)
  region size 1024K, 4 young (4096K), 4 survivors (4096K)
 Metaspace       used 83519K, committed 84608K, reserved 389120K
  class space    used 11333K, committed 11840K, reserved 315392K
}

Deoptimization events (20 events):
Event: 84.511 Thread 0x000002b9546926d0 DEOPT PACKING pc=0x000002b93f89c7e2 sp=0x000000fd26ff7d00
Event: 84.511 Thread 0x000002b9546926d0 DEOPT UNPACKING pc=0x000002b93df42b43 sp=0x000000fd26ff7248 mode 0
Event: 84.613 Thread 0x000002b9546926d0 DEOPT PACKING pc=0x000002b93f89c7e2 sp=0x000000fd26ff7e70
Event: 84.613 Thread 0x000002b9546926d0 DEOPT UNPACKING pc=0x000002b93df42b43 sp=0x000000fd26ff73b8 mode 0
Event: 85.465 Thread 0x000002b9546926d0 Uncommon trap: trap_request=0xfffffff4 fr.pc=0x000002b945c46fd8 relative=0x0000000000001d58
Event: 85.465 Thread 0x000002b9546926d0 Uncommon trap: reason=null_check action=make_not_entrant pc=0x000002b945c46fd8 method=org.gradle.tooling.internal.provider.runner.ClientBuildEventGenerator$Enabled.accept(Lorg/gradle/internal/operations/BuildOperationDescriptor;)Lorg/gradle/tooling/intern
Event: 85.465 Thread 0x000002b9546926d0 DEOPT PACKING pc=0x000002b945c46fd8 sp=0x000000fd26ff7080
Event: 85.465 Thread 0x000002b9546926d0 DEOPT UNPACKING pc=0x000002b93df423a3 sp=0x000000fd26ff6fe8 mode 2
Event: 85.563 Thread 0x000002b9546926d0 Uncommon trap: trap_request=0xffffffde fr.pc=0x000002b94609ab24 relative=0x00000000000006c4
Event: 85.563 Thread 0x000002b9546926d0 Uncommon trap: reason=class_check action=maybe_recompile pc=0x000002b94609ab24 method=org.gradle.internal.component.external.model.DefaultModuleComponentSelector.newSelector(Lorg/gradle/api/artifacts/ModuleIdentifier;Lorg/gradle/api/artifacts/VersionConst
Event: 85.563 Thread 0x000002b9546926d0 DEOPT PACKING pc=0x000002b94609ab24 sp=0x000000fd26ff7ae0
Event: 85.563 Thread 0x000002b9546926d0 DEOPT UNPACKING pc=0x000002b93df423a3 sp=0x000000fd26ff7ab0 mode 2
Event: 86.394 Thread 0x000002b9546926d0 Uncommon trap: trap_request=0xffffff45 fr.pc=0x000002b945c1dee4 relative=0x0000000000000e84
Event: 86.394 Thread 0x000002b9546926d0 Uncommon trap: reason=unstable_if action=reinterpret pc=0x000002b945c1dee4 method=java.lang.reflect.Proxy.isProxyClass(Ljava/lang/Class;)Z @ 13 c2
Event: 86.394 Thread 0x000002b9546926d0 DEOPT PACKING pc=0x000002b945c1dee4 sp=0x000000fd26ffbbb0
Event: 86.394 Thread 0x000002b9546926d0 DEOPT UNPACKING pc=0x000002b93df423a3 sp=0x000000fd26ffbab8 mode 2
Event: 86.396 Thread 0x000002b9546926d0 Uncommon trap: trap_request=0xffffff45 fr.pc=0x000002b94623e980 relative=0x0000000000005760
Event: 86.396 Thread 0x000002b9546926d0 Uncommon trap: reason=unstable_if action=reinterpret pc=0x000002b94623e980 method=java.io.ObjectOutputStream.writeClassDesc(Ljava/io/ObjectStreamClass;Z)V @ 41 c2
Event: 86.396 Thread 0x000002b9546926d0 DEOPT PACKING pc=0x000002b94623e980 sp=0x000000fd26ffbd30
Event: 86.396 Thread 0x000002b9546926d0 DEOPT UNPACKING pc=0x000002b93df423a3 sp=0x000000fd26ffbc48 mode 2

Classes unloaded (14 events):
Event: 25.801 Thread 0x000002b95214a6f0 Unloading class 0x00000008013298b8 '_BuildScript_$_run_closure1$_closure3'
Event: 25.801 Thread 0x000002b95214a6f0 Unloading class 0x00000008013294d0 '_BuildScript_$_run_closure1$_closure2'
Event: 25.801 Thread 0x000002b95214a6f0 Unloading class 0x00000008013290e8 '_BuildScript_$_run_closure1'
Event: 25.801 Thread 0x000002b95214a6f0 Unloading class 0x0000000801328bb8 '_BuildScript_'
Event: 25.801 Thread 0x000002b95214a6f0 Unloading class 0x00000008013287d0 'JetGradlePlugin$_apply_closure1$_closure2$_closure3'
Event: 25.801 Thread 0x000002b95214a6f0 Unloading class 0x00000008013283e8 'JetGradlePlugin$_apply_closure1$_closure2'
Event: 25.801 Thread 0x000002b95214a6f0 Unloading class 0x0000000801328000 'JetGradlePlugin$_apply_closure1'
Event: 25.801 Thread 0x000002b95214a6f0 Unloading class 0x0000000801321ac8 'JetGradlePlugin'
Event: 25.801 Thread 0x000002b95214a6f0 Unloading class 0x0000000801321800 'RegistryProcessor'
Event: 25.801 Thread 0x000002b95214a6f0 Unloading class 0x0000000801304000 '_BuildScript_$_run_closure1$_closure2'
Event: 25.801 Thread 0x000002b95214a6f0 Unloading class 0x00000008012f8400 '_BuildScript_$_run_closure1'
Event: 25.801 Thread 0x000002b95214a6f0 Unloading class 0x00000008012f8800 '_BuildScript_'
Event: 84.122 Thread 0x000002b95214a6f0 Unloading class 0x0000000801720400 '_BuildScript_$_run_closure1'
Event: 84.122 Thread 0x000002b95214a6f0 Unloading class 0x0000000801720800 '_BuildScript_'

Classes redefined (0 events):
No events

Internal exceptions (20 events):
Event: 83.876 Thread 0x000002b9546926d0 Exception <a 'java/lang/ClassNotFoundException'{0x00000000eea19d80}: org/gradle/plugins/ide/eclipse/model/EclipseProjectBeanInfo> (0x00000000eea19d80) 
thrown [t:\workspace\open\src\hotspot\share\classfile\systemDictionary.cpp, line 256]
Event: 83.877 Thread 0x000002b9546926d0 Exception <a 'java/lang/ClassNotFoundException'{0x00000000eea30a58}: org/gradle/plugins/ide/eclipse/model/EclipseProjectCustomizer> (0x00000000eea30a58) 
thrown [t:\workspace\open\src\hotspot\share\classfile\systemDictionary.cpp, line 256]
Event: 83.878 Thread 0x000002b9546926d0 Exception <a 'java/lang/ClassNotFoundException'{0x00000000eea63010}: org/gradle/plugins/ide/eclipse/model/EclipseProject_DecoratedCustomizer> (0x00000000eea63010) 
thrown [t:\workspace\open\src\hotspot\share\classfile\systemDictionary.cpp, line 256]
Event: 83.942 Thread 0x000002b9546926d0 Exception <a 'java/lang/NoClassDefFoundError'{0x00000000ee188a38}: org/jetbrains/kotlin/gradle/plugin/KotlinPluginWrapper> (0x00000000ee188a38) 
thrown [t:\workspace\open\src\hotspot\share\oops\constantPool.cpp, line 835]
Event: 83.942 Thread 0x000002b9546926d0 Exception <a 'java/lang/NoClassDefFoundError'{0x00000000ee18b080}: org/graalvm/buildtools/gradle/NativeImagePlugin> (0x00000000ee18b080) 
thrown [t:\workspace\open\src\hotspot\share\oops\constantPool.cpp, line 835]
Event: 83.942 Thread 0x000002b9546926d0 Exception <a 'java/lang/NoClassDefFoundError'{0x00000000ee18d6b8}: org/cyclonedx/gradle/CycloneDxPlugin> (0x00000000ee18d6b8) 
thrown [t:\workspace\open\src\hotspot\share\oops\constantPool.cpp, line 835]
Event: 83.955 Thread 0x000002b9546926d0 Exception <a 'java/lang/ClassNotFoundException'{0x00000000ede5cf30}: java/util/ArraysBeanInfo> (0x00000000ede5cf30) 
thrown [t:\workspace\open\src\hotspot\share\classfile\systemDictionary.cpp, line 256]
Event: 83.955 Thread 0x000002b9546926d0 Exception <a 'java/lang/ClassNotFoundException'{0x00000000ede65278}: java/util/ArraysCustomizer> (0x00000000ede65278) 
thrown [t:\workspace\open\src\hotspot\share\classfile\systemDictionary.cpp, line 256]
Event: 83.957 Thread 0x000002b9546926d0 Exception <a 'java/lang/ClassNotFoundException'{0x00000000edd0bf10}: ProtobufPatchPluginBeanInfo> (0x00000000edd0bf10) 
thrown [t:\workspace\open\src\hotspot\share\classfile\systemDictionary.cpp, line 256]
Event: 83.957 Thread 0x000002b9546926d0 Exception <a 'java/lang/ClassNotFoundException'{0x00000000edd17870}: ProtobufPatchPluginCustomizer> (0x00000000edd17870) 
thrown [t:\workspace\open\src\hotspot\share\classfile\systemDictionary.cpp, line 256]
Event: 85.465 Thread 0x000002b9546926d0 Implicit null exception at 0x000002b945c456e1 to 0x000002b945c46fb8
Event: 85.525 Thread 0x000002b9546926d0 Exception <a 'java/lang/ClassNotFoundException'{0x00000000eeaf6f20}: org/gradle/api/tasks/util/internal/PatternSets$InternalPatternSetBeanInfo> (0x00000000eeaf6f20) 
thrown [t:\workspace\open\src\hotspot\share\classfile\systemDictionary.cpp, line 256]
Event: 85.525 Thread 0x000002b9546926d0 Exception <a 'java/lang/ClassNotFoundException'{0x00000000ee900fd8}: org/gradle/api/tasks/util/PatternSetBeanInfo> (0x00000000ee900fd8) 
thrown [t:\workspace\open\src\hotspot\share\classfile\systemDictionary.cpp, line 256]
Event: 85.527 Thread 0x000002b9546926d0 Exception <a 'java/lang/ClassNotFoundException'{0x00000000ee90ae00}: org/gradle/api/tasks/util/PatternSetCustomizer> (0x00000000ee90ae00) 
thrown [t:\workspace\open\src\hotspot\share\classfile\systemDictionary.cpp, line 256]
Event: 85.528 Thread 0x000002b9546926d0 Exception <a 'java/lang/ClassNotFoundException'{0x00000000ee93fb40}: org/gradle/api/tasks/util/internal/PatternSets$InternalPatternSetCustomizer> (0x00000000ee93fb40) 
thrown [t:\workspace\open\src\hotspot\share\classfile\systemDictionary.cpp, line 256]
Event: 86.432 Thread 0x000002b952e34390 Exception <a 'java/lang/NoSuchMethodError'{0x00000000eea8a5e8}: static Lorg/gradle/internal/classloader/ClassLoaderSpec;.<clinit>()V> (0x00000000eea8a5e8) 
thrown [t:\workspace\open\src\hotspot\share\prims\jni.cpp, line 1107]
Event: 86.432 Thread 0x000002b9546926d0 Exception <a 'sun/nio/fs/WindowsException'{0x00000000eea45598}> (0x00000000eea45598) 
thrown [t:\workspace\open\src\hotspot\share\prims\jni.cpp, line 516]
Event: 86.432 Thread 0x000002b9546926d0 Exception <a 'sun/nio/fs/WindowsException'{0x00000000eea45888}> (0x00000000eea45888) 
thrown [t:\workspace\open\src\hotspot\share\prims\jni.cpp, line 516]
Event: 86.432 Thread 0x000002b952e34390 Exception <a 'java/lang/NoSuchMethodError'{0x00000000eea96b78}: static Lorg/gradle/internal/classloader/VisitableURLClassLoader$Spec;.<clinit>()V> (0x00000000eea96b78) 
thrown [t:\workspace\open\src\hotspot\share\prims\jni.cpp, line 1107]
Event: 86.434 Thread 0x000002b952e34390 Exception <a 'java/lang/NoSuchMethodError'{0x00000000eeaf3768}: static [Ljava/net/URL;.<clinit>()V> (0x00000000eeaf3768) 
thrown [t:\workspace\open\src\hotspot\share\prims\jni.cpp, line 1107]

VM Operations (20 events):
Event: 83.804 Executing VM operation: ICBufferFull
Event: 83.804 Executing VM operation: ICBufferFull done
Event: 84.086 Executing VM operation: G1CollectForAllocation
Event: 84.090 Executing VM operation: G1CollectForAllocation done
Event: 84.122 Executing VM operation: G1Concurrent
Event: 84.132 Executing VM operation: G1Concurrent done
Event: 84.149 Executing VM operation: G1Concurrent
Event: 84.150 Executing VM operation: G1Concurrent done
Event: 84.402 Executing VM operation: G1CollectForAllocation
Event: 84.408 Executing VM operation: G1CollectForAllocation done
Event: 84.453 Executing VM operation: G1CollectForAllocation
Event: 84.457 Executing VM operation: G1CollectForAllocation done
Event: 84.708 Executing VM operation: HandshakeAllThreads
Event: 84.709 Executing VM operation: HandshakeAllThreads done
Event: 85.278 Executing VM operation: G1CollectForAllocation
Event: 85.284 Executing VM operation: G1CollectForAllocation done
Event: 85.938 Executing VM operation: G1CollectForAllocation
Event: 85.943 Executing VM operation: G1CollectForAllocation done
Event: 86.318 Executing VM operation: ICBufferFull
Event: 86.318 Executing VM operation: ICBufferFull done

Events (20 events):
Event: 86.259 Thread 0x000002b9582ef080 Thread added: 0x000002b9582ef080
Event: 86.259 Thread 0x000002b9582ef550 Thread added: 0x000002b9582ef550
Event: 86.259 Thread 0x000002b9582efa20 Thread added: 0x000002b9582efa20
Event: 86.259 Thread 0x000002b9582efef0 Thread added: 0x000002b9582efef0
Event: 86.259 Thread 0x000002b9582f03c0 Thread added: 0x000002b9582f03c0
Event: 86.259 Thread 0x000002b956f4db60 Thread added: 0x000002b956f4db60
Event: 86.259 Thread 0x000002b956f506b0 Thread added: 0x000002b956f506b0
Event: 86.260 Thread 0x000002b956f4ccf0 Thread added: 0x000002b956f4ccf0
Event: 86.260 Thread 0x000002b956f4d1c0 Thread added: 0x000002b956f4d1c0
Event: 86.260 Thread 0x000002b956f4e500 Thread added: 0x000002b956f4e500
Event: 86.260 Thread 0x000002b956f4f840 Thread added: 0x000002b956f4f840
Event: 86.260 Thread 0x000002b956f4f370 Thread added: 0x000002b956f4f370
Event: 86.260 Thread 0x000002b956f4d690 Thread added: 0x000002b956f4d690
Event: 86.260 Thread 0x000002b956f4e030 Thread added: 0x000002b956f4e030
Event: 86.261 Thread 0x000002b9569de760 Thread added: 0x000002b9569de760
Event: 86.333 Thread 0x000002b95a242160 Thread added: 0x000002b95a242160
Event: 86.433 loading class java/net/UrlDeserializedState
Event: 86.433 loading class java/net/UrlDeserializedState done
Event: 86.433 loading class java/net/Proxy
Event: 86.433 loading class java/net/Proxy done


Dynamic libraries:
0x00007ff7f63c0000 - 0x00007ff7f63ce000 	D:\Java\jdk\jdk-17\bin\java.exe
0x00007ffecd870000 - 0x00007ffecda87000 	C:\WINDOWS\SYSTEM32\ntdll.dll
0x00007ffecccc0000 - 0x00007ffeccd84000 	C:\WINDOWS\System32\KERNEL32.DLL
0x00007ffecabc0000 - 0x00007ffecaf93000 	C:\WINDOWS\System32\KERNELBASE.dll
0x00007ffeca960000 - 0x00007ffecaa71000 	C:\WINDOWS\System32\ucrtbase.dll
0x00007ffe8e720000 - 0x00007ffe8e738000 	D:\Java\jdk\jdk-17\bin\jli.dll
0x00007ffecce90000 - 0x00007ffecd041000 	C:\WINDOWS\System32\USER32.dll
0x00007ffe8e620000 - 0x00007ffe8e63a000 	D:\Java\jdk\jdk-17\bin\VCRUNTIME140.dll
0x00007ffeb9770000 - 0x00007ffeb9a0b000 	C:\WINDOWS\WinSxS\amd64_microsoft.windows.common-controls_6595b64144ccf1df_6.0.22621.5262_none_2712bde373830908\COMCTL32.dll
0x00007ffecbae0000 - 0x00007ffecbb87000 	C:\WINDOWS\System32\msvcrt.dll
0x00007ffecbb90000 - 0x00007ffecbbb9000 	C:\WINDOWS\System32\GDI32.dll
0x00007ffecb360000 - 0x00007ffecb386000 	C:\WINDOWS\System32\win32u.dll
0x00007ffecb040000 - 0x00007ffecb162000 	C:\WINDOWS\System32\gdi32full.dll
0x00007ffecafa0000 - 0x00007ffecb03a000 	C:\WINDOWS\System32\msvcp_win.dll
0x00007ffeccc80000 - 0x00007ffecccb1000 	C:\WINDOWS\System32\IMM32.DLL
0x00007ffe97e90000 - 0x00007ffe97e9c000 	D:\Java\jdk\jdk-17\bin\vcruntime140_1.dll
0x00007ffe899f0000 - 0x00007ffe89a7d000 	D:\Java\jdk\jdk-17\bin\msvcp140.dll
0x00007ffe20660000 - 0x00007ffe2121e000 	D:\Java\jdk\jdk-17\bin\server\jvm.dll
0x00007ffecd6e0000 - 0x00007ffecd791000 	C:\WINDOWS\System32\ADVAPI32.dll
0x00007ffecb9d0000 - 0x00007ffecba77000 	C:\WINDOWS\System32\sechost.dll
0x00007ffecb410000 - 0x00007ffecb438000 	C:\WINDOWS\System32\bcrypt.dll
0x00007ffecd050000 - 0x00007ffecd164000 	C:\WINDOWS\System32\RPCRT4.dll
0x00007ffecd7a0000 - 0x00007ffecd7a8000 	C:\WINDOWS\System32\PSAPI.DLL
0x00007ffeb3330000 - 0x00007ffeb3339000 	C:\WINDOWS\SYSTEM32\WSOCK32.dll
0x00007ffeccc00000 - 0x00007ffeccc71000 	C:\WINDOWS\System32\WS2_32.dll
0x00007ffec40c0000 - 0x00007ffec40f4000 	C:\WINDOWS\SYSTEM32\WINMM.dll
0x00007ffec4100000 - 0x00007ffec410a000 	C:\WINDOWS\SYSTEM32\VERSION.dll
0x00007ffec9a90000 - 0x00007ffec9aa8000 	C:\WINDOWS\SYSTEM32\kernel.appcore.dll
0x00007ffe92820000 - 0x00007ffe9282a000 	D:\Java\jdk\jdk-17\bin\jimage.dll
0x00007ffec80b0000 - 0x00007ffec82e2000 	C:\WINDOWS\SYSTEM32\DBGHELP.DLL
0x00007ffecb630000 - 0x00007ffecb9c3000 	C:\WINDOWS\System32\combase.dll
0x00007ffeccd90000 - 0x00007ffecce67000 	C:\WINDOWS\System32\OLEAUT32.dll
0x00007ffeb8b70000 - 0x00007ffeb8ba2000 	C:\WINDOWS\SYSTEM32\dbgcore.DLL
0x00007ffecb170000 - 0x00007ffecb1eb000 	C:\WINDOWS\System32\bcryptPrimitives.dll
0x00007ffe90110000 - 0x00007ffe9011e000 	D:\Java\jdk\jdk-17\bin\instrument.dll
0x00007ffe8ba80000 - 0x00007ffe8baa5000 	D:\Java\jdk\jdk-17\bin\java.dll
0x00007ffe256e0000 - 0x00007ffe257b6000 	D:\Java\jdk\jdk-17\bin\svml.dll
0x00007ffecc2b0000 - 0x00007ffeccb4d000 	C:\WINDOWS\System32\SHELL32.dll
0x00007ffecaa80000 - 0x00007ffecabbf000 	C:\WINDOWS\System32\wintypes.dll
0x00007ffec88b0000 - 0x00007ffec91cd000 	C:\WINDOWS\SYSTEM32\windows.storage.dll
0x00007ffecb520000 - 0x00007ffecb62b000 	C:\WINDOWS\System32\SHCORE.dll
0x00007ffecd170000 - 0x00007ffecd1d6000 	C:\WINDOWS\System32\shlwapi.dll
0x00007ffeca890000 - 0x00007ffeca8bb000 	C:\WINDOWS\SYSTEM32\profapi.dll
0x00007ffe8e4b0000 - 0x00007ffe8e4c8000 	D:\Java\jdk\jdk-17\bin\zip.dll
0x00007ffe8d950000 - 0x00007ffe8d969000 	D:\Java\jdk\jdk-17\bin\net.dll
0x00007ffec3f90000 - 0x00007ffec40bc000 	C:\WINDOWS\SYSTEM32\WINHTTP.dll
0x00007ffec9f10000 - 0x00007ffec9f7a000 	C:\WINDOWS\system32\mswsock.dll
0x00007ffe8bb40000 - 0x00007ffe8bb55000 	D:\Java\jdk\jdk-17\bin\nio.dll
0x00007ffe8b610000 - 0x00007ffe8b620000 	D:\Java\jdk\jdk-17\bin\verify.dll
0x00007ffe9d610000 - 0x00007ffe9d637000 	D:\gradle\gradle-respository\native\1def1411415f61bf3af743bc5b6707747c0891f09f0c88961ee8f79bc544acac\windows-amd64\native-platform.dll
0x00007ffe519c0000 - 0x00007ffe51a38000 	D:\gradle\gradle-respository\native\0.2.7\x86_64-windows-gnu\gradle-fileevents.dll
0x00007ffe8b600000 - 0x00007ffe8b609000 	D:\Java\jdk\jdk-17\bin\management.dll
0x00007ffe8b5f0000 - 0x00007ffe8b5fb000 	D:\Java\jdk\jdk-17\bin\management_ext.dll
0x00007ffec94a0000 - 0x00007ffec94cd000 	C:\WINDOWS\SYSTEM32\IPHLPAPI.DLL
0x00007ffecd6d0000 - 0x00007ffecd6d9000 	C:\WINDOWS\System32\NSI.dll
0x00007ffec4110000 - 0x00007ffec4129000 	C:\WINDOWS\SYSTEM32\dhcpcsvc6.DLL
0x00007ffec3f70000 - 0x00007ffec3f8f000 	C:\WINDOWS\SYSTEM32\dhcpcsvc.DLL
0x00007ffec9510000 - 0x00007ffec9608000 	C:\WINDOWS\SYSTEM32\DNSAPI.dll
0x00007ffeca170000 - 0x00007ffeca18b000 	C:\WINDOWS\SYSTEM32\CRYPTSP.dll
0x00007ffec99f0000 - 0x00007ffec9a27000 	C:\WINDOWS\system32\rsaenh.dll
0x00007ffeca000000 - 0x00007ffeca028000 	C:\WINDOWS\SYSTEM32\USERENV.dll
0x00007ffeca160000 - 0x00007ffeca16c000 	C:\WINDOWS\SYSTEM32\CRYPTBASE.dll
0x00007ffe8e6a0000 - 0x00007ffe8e6ae000 	D:\Java\jdk\jdk-17\bin\sunmscapi.dll
0x00007ffecb1f0000 - 0x00007ffecb357000 	C:\WINDOWS\System32\CRYPT32.dll
0x00007ffeca300000 - 0x00007ffeca32d000 	C:\WINDOWS\SYSTEM32\ncrypt.dll
0x00007ffeca2c0000 - 0x00007ffeca2f7000 	C:\WINDOWS\SYSTEM32\NTASN1.dll
0x00007ffe7fa30000 - 0x00007ffe7fa38000 	C:\WINDOWS\system32\wshunix.dll

dbghelp: loaded successfully - version: 4.0.5 - missing functions: none
symbol engine: initialized successfully - sym options: 0x614 - pdb path: .;D:\Java\jdk\jdk-17\bin;C:\WINDOWS\SYSTEM32;C:\WINDOWS\WinSxS\amd64_microsoft.windows.common-controls_6595b64144ccf1df_6.0.22621.5262_none_2712bde373830908;D:\Java\jdk\jdk-17\bin\server;D:\gradle\gradle-respository\native\1def1411415f61bf3af743bc5b6707747c0891f09f0c88961ee8f79bc544acac\windows-amd64;D:\gradle\gradle-respository\native\0.2.7\x86_64-windows-gnu

VM Arguments:
jvm_args: --add-opens=java.base/java.lang=ALL-UNNAMED --add-opens=java.base/java.lang.invoke=ALL-UNNAMED --add-opens=java.base/java.util=ALL-UNNAMED --add-opens=java.prefs/java.util.prefs=ALL-UNNAMED --add-exports=jdk.compiler/com.sun.tools.javac.api=ALL-UNNAMED --add-exports=jdk.compiler/com.sun.tools.javac.util=ALL-UNNAMED --add-opens=java.base/java.util=ALL-UNNAMED --add-opens=java.prefs/java.util.prefs=ALL-UNNAMED --add-opens=java.base/java.nio.charset=ALL-UNNAMED --add-opens=java.base/java.net=ALL-UNNAMED --add-opens=java.base/java.util.concurrent.atomic=ALL-UNNAMED --add-opens=java.xml/javax.xml.namespace=ALL-UNNAMED -XX:MaxMetaspaceSize=384m -XX:+HeapDumpOnOutOfMemoryError -Xms256m -Xmx512m -Dfile.encoding=UTF-8 -Duser.country=CN -Duser.language=zh -Duser.variant -javaagent:D:\gradle\gradle-respository\wrapper\dists\gradle-8.13-bin\5xuhj0ry160q40clulazy9h7d\gradle-8.13\lib\agents\gradle-instrumentation-agent-8.13.jar 
java_command: org.gradle.launcher.daemon.bootstrap.GradleDaemon 8.13
java_class_path (initial): D:\gradle\gradle-respository\wrapper\dists\gradle-8.13-bin\5xuhj0ry160q40clulazy9h7d\gradle-8.13\lib\gradle-daemon-main-8.13.jar
Launcher Type: SUN_STANDARD

[Global flags]
     intx CICompilerCount                          = 12                                        {product} {ergonomic}
   size_t CompressedClassSpaceSize                 = 322961408                                 {product} {ergonomic}
     uint ConcGCThreads                            = 3                                         {product} {ergonomic}
     uint G1ConcRefinementThreads                  = 13                                        {product} {ergonomic}
   size_t G1HeapRegionSize                         = 1048576                                   {product} {ergonomic}
    uintx GCDrainStackTargetSize                   = 64                                        {product} {ergonomic}
     bool HeapDumpOnOutOfMemoryError               = true                                   {manageable} {command line}
   size_t InitialHeapSize                          = 268435456                                 {product} {command line}
   size_t MarkStackSize                            = 4194304                                   {product} {ergonomic}
   size_t MaxHeapSize                              = 536870912                                 {product} {command line}
   size_t MaxMetaspaceSize                         = 402653184                                 {product} {command line}
   size_t MaxNewSize                               = 321912832                                 {product} {ergonomic}
   size_t MinHeapDeltaBytes                        = 1048576                                   {product} {ergonomic}
   size_t MinHeapSize                              = 268435456                                 {product} {command line}
    uintx NonNMethodCodeHeapSize                   = 7602480                                {pd product} {ergonomic}
    uintx NonProfiledCodeHeapSize                  = 122027880                              {pd product} {ergonomic}
    uintx ProfiledCodeHeapSize                     = 122027880                              {pd product} {ergonomic}
    uintx ReservedCodeCacheSize                    = 251658240                              {pd product} {ergonomic}
     bool SegmentedCodeCache                       = true                                      {product} {ergonomic}
   size_t SoftMaxHeapSize                          = 536870912                              {manageable} {ergonomic}
     bool UseCompressedClassPointers               = true                           {product lp64_product} {ergonomic}
     bool UseCompressedOops                        = true                           {product lp64_product} {ergonomic}
     bool UseG1GC                                  = true                                      {product} {ergonomic}
     bool UseLargePagesIndividualAllocation        = false                                  {pd product} {ergonomic}

Logging:
Log output configuration:
 #0: stdout all=warning uptime,level,tags
 #1: stderr all=off uptime,level,tags

Environment Variables:
PATH=C:\Program Files\NVIDIA GPU Computing Toolkit\CUDA\v11.7\bin;C:\Program Files\NVIDIA GPU Computing Toolkit\CUDA\v11.7\libnvvp;D:\Python\Scripts\;D:\Python\;C:\Windows\system32;C:\Windows;C:\Windows\System32\Wbem;C:\Windows\System32\WindowsPowerShell\v1.0\;C:\Windows\System32\OpenSSH\;C:\WINDOWS\system32;C:\WINDOWS;C:\WINDOWS\System32\Wbem;C:\WINDOWS\System32\WindowsPowerShell\v1.0\;C:\WINDOWS\System32\OpenSSH\;D:\anaconda;D:\ChatWaifuL2D\ffmpeg-n4.4-latest-win64-gpl-4.4\bin;C:\Program Files\dotnet\;C:\ProgramData\Anaconda3\Library\bin;C:\ProgramData\Anaconda3;C:\ProgramData\Anaconda3\Scripts;C:\Program Files\NVIDIA Corporation\Nsight Compute 2022.2.0\;D:\tool\ffmpeg-2023-02-09-git-159b028df5-essentials_build\bin;D:\tool\xshell\;D:\tool\xftp\;C:\WINDOWS\system32;C:\WINDOWS;C:\WINDOWS\System32\Wbem;C:\WINDOWS\System32\WindowsPowerShell\v1.0\;C:\WINDOWS\System32\OpenSSH\;D:\MySQL\MySQL Server 8.0\bin;D:\Java\jdk\jdk-17\bin;D:\Java\apache-maven-3.9.6\bin;C:\Users\86201\AppData\Roaming\npm;C:\Program Files (x86)\NVIDIA Corporation\PhysX\Common;C:\Program Files\Docker\Docker\resources\bin;D:\golang\bin;D:\gradle\wrapper\dists\gradle-8.10.2\bin;D:\Java\node\;D:\Java\AndroidSdk\platform-tools;D:\tool\Git\cmd;C:\Program Files\PowerShell\7\;C:\Program Files\NVIDIA Corporation\NVIDIA App\NvDLISR;d:\cursor\resources\app\bin;C:\Users\86201\.cargo\bin;D:\Python\Python3.10.9\Scripts\;D:\Python\Python3.10.9\;D:\Python\Python3.11.1\Scripts\;D:\Python\Python3.11.1\;C:\Users\86201\AppData\Local\Microsoft\WindowsApps;C:\Users\86201\.dotnet\tools;C:\ProgramData\Anaconda3;C:\ProgramData\Anaconda3\Scripts;C:\ProgramData\Anaconda3\Library\bin;D:\tool\ffmpeg-2023-02-09-git-159b028df5-essentials_build\bin;D:\tool\phpstudy_pro\Extensions\MySQL5.7.26\bin;C:\Program Files\cpolar\;D:\PyCharm 2022.3.3\bin;;D:\texlive\2023\bin\windows;D:\Microsoft VS Code\bin;D:\Java\IntelliJ IDEA Community Edition 2023.3.2\bin;;D:\IntelliJ IDEA 2024.3.5\bin;;C:\Users\86201\go\bin;C:\Users\86201\AppData\Roaming\
USERNAME=86201
OS=Windows_NT
PROCESSOR_IDENTIFIER=AMD64 Family 25 Model 80 Stepping 0, AuthenticAMD



---------------  S Y S T E M  ---------------

OS:
 Windows 10 , 64 bit Build 22621 (10.0.22621.5262)
OS uptime: 0 days 9:42 hours

CPU: total 16 (initial active 16) (16 cores per cpu, 2 threads per core) family 25 model 80 stepping 0 microcode 0x0, cx8, cmov, fxsr, ht, mmx, 3dnowpref, sse, sse2, sse3, ssse3, sse4a, sse4.1, sse4.2, popcnt, lzcnt, tsc, tscinvbit, avx, avx2, aes, erms, clmul, bmi1, bmi2, adx, sha, fma, vzeroupper, clflush, clflushopt

Memory: 4k page, system-wide physical 14188M (310M free)
TotalPageFile size 32620M (AvailPageFile size 6M)
current process WorkingSet (physical memory assigned to process): 523M, peak: 545M
current process commit charge ("private bytes"): 581M, peak: 606M

vm_info: OpenJDK 64-Bit Server VM (17+35-2724) for windows-amd64 JRE (17+35-2724), built on Aug  5 2021 23:26:02 by "mach5one" with MS VC++ 16.8 (VS2019)

END.
