#
# There is insufficient memory for the Java Runtime Environment to continue.
# Native memory allocation (mmap) failed to map 232783872 bytes. Error detail: G1 virtual space
# Possible reasons:
#   The system is out of physical RAM or swap space
#   This process is running with CompressedOops enabled, and the Java Heap may be blocking the growth of the native heap
# Possible solutions:
#   Reduce memory load on the system
#   Increase physical memory or swap space
#   Check if swap backing store is full
#   Decrease Java heap size (-Xmx/-Xms)
#   Decrease number of Java threads
#   Decrease Java thread stack sizes (-Xss)
#   Set larger code cache with -XX:ReservedCodeCacheSize=
#   JVM is running with Zero Based Compressed Oops mode in which the Java heap is
#     placed in the first 32GB address space. The Java Heap base address is the
#     maximum limit for the native heap growth. Please use -XX:HeapBaseMinAddress
#     to set the Java Heap base and to place the Java Heap above 32GB virtual address.
# This output file may be truncated or incomplete.
#
#  Out of Memory Error (os_windows.cpp:3828), pid=37180, tid=37376
#
# JRE version:  (21.0.5) (build )
# Java VM: OpenJDK 64-Bit Server VM (21.0.5+-12932927-b750.29, mixed mode, sharing, tiered, compressed oops, compressed class ptrs, g1 gc, windows-amd64)
# No core dump will be written. Minidumps are not enabled by default on client versions of Windows
#

---------------  S U M M A R Y ------------

Command Line: org.jetbrains.kotlin.cli.jvm.K2JVMCompiler @D:\code\react\vite\sunote\node_modules\expo-modules-autolinking\android\expo-gradle-plugin\expo-autolinking-plugin-shared\build\20250520_14769996743351078764.compiler.options

Host: AMD Ryzen 7 5800H with Radeon Graphics         , 16 cores, 13G,  Windows 11 , 64 bit Build 22621 (10.0.22621.5262)
Time: Tue May 20 21:39:44 2025  Windows 11 , 64 bit Build 22621 (10.0.22621.5262) elapsed time: 0.015294 seconds (0d 0h 0m 0s)

---------------  T H R E A D  ---------------

Current thread (0x00000252b6425da0):  JavaThread "Unknown thread" [_thread_in_vm, id=37376, stack(0x000000596b500000,0x000000596b600000) (1024K)]

Stack: [0x000000596b500000,0x000000596b600000]
Native frames: (J=compiled Java code, j=interpreted, Vv=VM code, C=native code)
V  [jvm.dll+0x6cfb29]
V  [jvm.dll+0x85ded3]
V  [jvm.dll+0x86042e]
V  [jvm.dll+0x860b13]
V  [jvm.dll+0x27e6b6]
V  [jvm.dll+0x6cc385]
V  [jvm.dll+0x6c078a]
V  [jvm.dll+0x35525b]
V  [jvm.dll+0x35ceb6]
V  [jvm.dll+0x3aedd6]
V  [jvm.dll+0x3af0a8]
V  [jvm.dll+0x32792c]
V  [jvm.dll+0x32861b]
V  [jvm.dll+0x825919]
V  [jvm.dll+0x3bbfa8]
V  [jvm.dll+0x80ec88]
V  [jvm.dll+0x45015e]
V  [jvm.dll+0x4518c1]
C  [jli.dll+0x52ab]
C  [ucrtbase.dll+0x29333]
C  [KERNEL32.DLL+0x1259d]
C  [ntdll.dll+0x5af58]


---------------  P R O C E S S  ---------------

Threads class SMR info:
_java_thread_list=0x00007ff825780808, length=0, elements={
}

Java Threads: ( => current thread )
Total: 0

Other Threads:
  0x00000252b879c970 WorkerThread "GC Thread#0"                     [id=33832, stack(0x000000596b600000,0x000000596b700000) (1024K)]
  0x00000252b87ac890 ConcurrentGCThread "G1 Main Marker"            [id=14044, stack(0x000000596b700000,0x000000596b800000) (1024K)]
  0x00000252b87aeb40 WorkerThread "G1 Conc#0"                       [id=39308, stack(0x000000596b800000,0x000000596b900000) (1024K)]

[error occurred during error reporting (printing all threads), id 0xc0000005, EXCEPTION_ACCESS_VIOLATION (0xc0000005) at pc=0x00007ff824f7a967]
VM state: not at safepoint (not fully initialized)

VM Mutex/Monitor currently owned by a thread:  ([mutex/lock_event])
[0x00007ff8257ed460] Heap_lock - owner thread: 0x00000252b6425da0

Heap address: 0x0000000722400000, size: 3548 MB, Compressed Oops mode: Zero based, Oop shift amount: 3

CDS archive(s) mapped at: [0x0000000000000000-0x0000000000000000-0x0000000000000000), size 0, SharedBaseAddress: 0x0000000800000000, ArchiveRelocationMode: 1.
Narrow klass base: 0x0000000000000000, Narrow klass shift: 0, Narrow klass range: 0x0

GC Precious Log:
 CardTable entry size: 512
 Card Set container configuration: InlinePtr #cards 4 size 8 Array Of Cards #cards 16 size 48 Howl #buckets 8 coarsen threshold 3686 Howl Bitmap #cards 512 size 80 coarsen threshold 460 Card regions per heap region 1 cards per card region 4096

Heap:
 garbage-first heap   total 0K, used 0K [0x0000000722400000, 0x0000000800000000)
  region size 2048K, 0 young (0K), 0 survivors (0K)
 Metaspace       used 0K, committed 0K, reserved 0K
  class space    used 0K, committed 0K, reserved 0K

Heap Regions: E=young(eden), S=young(survivor), O=old, HS=humongous(starts), HC=humongous(continues), CS=collection set, F=free, TAMS=top-at-mark-start, PB=parsable bottom

Card table byte_map: [0x00000252cb810000,0x00000252cbf00000] _byte_map_base: 0x00000252c7efe000

Marking Bits: (CMBitMap*) 0x00000252b879d070
 Bits: [0x00000252cbf00000, 0x00000252cf670000)

GC Heap History (0 events):
No events

Dll operation events (1 events):
Event: 0.010 Loaded shared library D:\android studio\jbr\bin\java.dll

Deoptimization events (0 events):
No events

Classes loaded (0 events):
No events

Classes unloaded (0 events):
No events

Classes redefined (0 events):
No events

Internal exceptions (0 events):
No events

ZGC Phase Switch (0 events):
No events

VM Operations (0 events):
No events

Memory protections (0 events):
No events

Nmethod flushes (0 events):
No events

Events (0 events):
No events


Dynamic libraries:
0x00007ff776860000 - 0x00007ff77686a000 	D:\android studio\jbr\bin\java.exe
0x00007ff8e39b0000 - 0x00007ff8e3bc7000 	C:\WINDOWS\SYSTEM32\ntdll.dll
0x00007ff8e2350000 - 0x00007ff8e2414000 	C:\WINDOWS\System32\KERNEL32.DLL
0x00007ff8e0cc0000 - 0x00007ff8e1093000 	C:\WINDOWS\System32\KERNELBASE.dll
0x00007ff8e11e0000 - 0x00007ff8e12f1000 	C:\WINDOWS\System32\ucrtbase.dll
0x00007ff8cb2c0000 - 0x00007ff8cb2db000 	D:\android studio\jbr\bin\VCRUNTIME140.dll
0x00007ff8c79f0000 - 0x00007ff8c7a08000 	D:\android studio\jbr\bin\jli.dll
0x00007ff8e2cd0000 - 0x00007ff8e2e81000 	C:\WINDOWS\System32\USER32.dll
0x00007ff8e0b20000 - 0x00007ff8e0b46000 	C:\WINDOWS\System32\win32u.dll
0x00007ff8e2320000 - 0x00007ff8e2349000 	C:\WINDOWS\System32\GDI32.dll
0x00007ff8cf900000 - 0x00007ff8cfb9b000 	C:\WINDOWS\WinSxS\amd64_microsoft.windows.common-controls_6595b64144ccf1df_6.0.22621.5262_none_2712bde373830908\COMCTL32.dll
0x00007ff8e1300000 - 0x00007ff8e1422000 	C:\WINDOWS\System32\gdi32full.dll
0x00007ff8e2020000 - 0x00007ff8e20c7000 	C:\WINDOWS\System32\msvcrt.dll
0x00007ff8e15a0000 - 0x00007ff8e163a000 	C:\WINDOWS\System32\msvcp_win.dll
0x00007ff8e2c90000 - 0x00007ff8e2cc1000 	C:\WINDOWS\System32\IMM32.DLL
0x00007ff8ce2a0000 - 0x00007ff8ce2ac000 	D:\android studio\jbr\bin\vcruntime140_1.dll
0x00007ff87f600000 - 0x00007ff87f68d000 	D:\android studio\jbr\bin\msvcp140.dll
0x00007ff824c40000 - 0x00007ff8258ca000 	D:\android studio\jbr\bin\server\jvm.dll
0x00007ff8e1640000 - 0x00007ff8e16f1000 	C:\WINDOWS\System32\ADVAPI32.dll
0x00007ff8e1f70000 - 0x00007ff8e2017000 	C:\WINDOWS\System32\sechost.dll
0x00007ff8e1430000 - 0x00007ff8e1458000 	C:\WINDOWS\System32\bcrypt.dll
0x00007ff8e1e50000 - 0x00007ff8e1f64000 	C:\WINDOWS\System32\RPCRT4.dll
0x00007ff8e1dd0000 - 0x00007ff8e1e41000 	C:\WINDOWS\System32\WS2_32.dll
0x00007ff8df930000 - 0x00007ff8df97d000 	C:\WINDOWS\SYSTEM32\POWRPROF.dll
0x00007ff8da0b0000 - 0x00007ff8da0e4000 	C:\WINDOWS\SYSTEM32\WINMM.dll
0x00007ff8d9480000 - 0x00007ff8d948a000 	C:\WINDOWS\SYSTEM32\VERSION.dll
0x00007ff8df910000 - 0x00007ff8df923000 	C:\WINDOWS\SYSTEM32\UMPDC.dll
0x00007ff8dfbd0000 - 0x00007ff8dfbe8000 	C:\WINDOWS\SYSTEM32\kernel.appcore.dll
0x00007ff8cdc20000 - 0x00007ff8cdc2a000 	D:\android studio\jbr\bin\jimage.dll
0x00007ff8de290000 - 0x00007ff8de4c2000 	C:\WINDOWS\SYSTEM32\DBGHELP.DLL
0x00007ff8e25c0000 - 0x00007ff8e2953000 	C:\WINDOWS\System32\combase.dll
0x00007ff8e24d0000 - 0x00007ff8e25a7000 	C:\WINDOWS\System32\OLEAUT32.dll
0x00007ff8cfea0000 - 0x00007ff8cfed2000 	C:\WINDOWS\SYSTEM32\dbgcore.DLL
0x00007ff8e1460000 - 0x00007ff8e14db000 	C:\WINDOWS\System32\bcryptPrimitives.dll
0x00007ff8b7ac0000 - 0x00007ff8b7ae0000 	D:\android studio\jbr\bin\java.dll

dbghelp: loaded successfully - version: 4.0.5 - missing functions: none
symbol engine: initialized successfully - sym options: 0x614 - pdb path: .;D:\android studio\jbr\bin;C:\WINDOWS\SYSTEM32;C:\WINDOWS\WinSxS\amd64_microsoft.windows.common-controls_6595b64144ccf1df_6.0.22621.5262_none_2712bde373830908;D:\android studio\jbr\bin\server

VM Arguments:
java_command: org.jetbrains.kotlin.cli.jvm.K2JVMCompiler @D:\code\react\vite\sunote\node_modules\expo-modules-autolinking\android\expo-gradle-plugin\expo-autolinking-plugin-shared\build\20250520_14769996743351078764.compiler.options
java_class_path (initial): D:\gradle\caches\modules-2\files-2.1\org.jetbrains.kotlin\kotlin-compiler-embeddable\1.9.24\78dab849090e6c5e2eadb6e59a11cdc28fb67a08\kotlin-compiler-embeddable-1.9.24.jar;D:\gradle\caches\modules-2\files-2.1\org.jetbrains.kotlin\kotlin-stdlib\1.9.24\9928532f12c66ad816a625b3f9984f8368ca6d2b\kotlin-stdlib-1.9.24.jar;D:\gradle\caches\modules-2\files-2.1\org.jetbrains.kotlin\kotlin-script-runtime\1.9.24\96771497da90fbc5af1c90fce148db2595a62502\kotlin-script-runtime-1.9.24.jar;D:\gradle\caches\modules-2\files-2.1\org.jetbrains.kotlin\kotlin-reflect\1.6.10\1cbe9c92c12a94eea200d23c2bbaedaf3daf5132\kotlin-reflect-1.6.10.jar;D:\gradle\caches\modules-2\files-2.1\org.jetbrains.kotlin\kotlin-daemon-embeddable\1.9.24\86685b9c5e8d170925bd9ddbdc263374a6a73281\kotlin-daemon-embeddable-1.9.24.jar;D:\gradle\caches\modules-2\files-2.1\org.jetbrains.intellij.deps\trove4j\1.0.20200330\3afb14d5f9ceb459d724e907a21145e8ff394f02\trove4j-1.0.20200330.jar;D:\gradle\caches\modules-2\files-2.1\org.jetbrains\annotations\13.0\919f0dfe192fb4e063e7dacadee7f8bb9a2672a9\annotations-13.0.jar
Launcher Type: SUN_STANDARD

[Global flags]
     intx CICompilerCount                          = 12                                        {product} {ergonomic}
     uint ConcGCThreads                            = 3                                         {product} {ergonomic}
     uint G1ConcRefinementThreads                  = 13                                        {product} {ergonomic}
   size_t G1HeapRegionSize                         = 2097152                                   {product} {ergonomic}
    uintx GCDrainStackTargetSize                   = 64                                        {product} {ergonomic}
   size_t InitialHeapSize                          = 232783872                                 {product} {ergonomic}
   size_t MarkStackSize                            = 4194304                                   {product} {ergonomic}
   size_t MaxHeapSize                              = 3720347648                                {product} {ergonomic}
   size_t MinHeapDeltaBytes                        = 2097152                                   {product} {ergonomic}
   size_t MinHeapSize                              = 8388608                                   {product} {ergonomic}
    uintx NonNMethodCodeHeapSize                   = 7602480                                {pd product} {ergonomic}
    uintx NonProfiledCodeHeapSize                  = 122027880                              {pd product} {ergonomic}
    uintx ProfiledCodeHeapSize                     = 122027880                              {pd product} {ergonomic}
    uintx ReservedCodeCacheSize                    = 251658240                              {pd product} {ergonomic}
     bool SegmentedCodeCache                       = true                                      {product} {ergonomic}
   size_t SoftMaxHeapSize                          = 3720347648                             {manageable} {ergonomic}
     bool UseCompressedOops                        = true                           {product lp64_product} {ergonomic}
     bool UseG1GC                                  = true                                      {product} {ergonomic}
     bool UseLargePagesIndividualAllocation        = false                                  {pd product} {ergonomic}

Logging:
Log output configuration:
 #0: stdout all=warning uptime,level,tags foldmultilines=false
 #1: stderr all=off uptime,level,tags foldmultilines=false

Environment Variables:
PATH=C:\Program Files\NVIDIA GPU Computing Toolkit\CUDA\v11.7\bin;C:\Program Files\NVIDIA GPU Computing Toolkit\CUDA\v11.7\libnvvp;D:\Python\Scripts\;D:\Python\;C:\Windows\system32;C:\Windows;C:\Windows\System32\Wbem;C:\Windows\System32\WindowsPowerShell\v1.0\;C:\Windows\System32\OpenSSH\;C:\WINDOWS\system32;C:\WINDOWS;C:\WINDOWS\System32\Wbem;C:\WINDOWS\System32\WindowsPowerShell\v1.0\;C:\WINDOWS\System32\OpenSSH\;D:\anaconda;D:\ChatWaifuL2D\ffmpeg-n4.4-latest-win64-gpl-4.4\bin;C:\Program Files\dotnet\;C:\ProgramData\Anaconda3\Library\bin;C:\ProgramData\Anaconda3;C:\ProgramData\Anaconda3\Scripts;C:\Program Files\NVIDIA Corporation\Nsight Compute 2022.2.0\;D:\tool\ffmpeg-2023-02-09-git-159b028df5-essentials_build\bin;D:\tool\xshell\;D:\tool\xftp\;C:\WINDOWS\system32;C:\WINDOWS;C:\WINDOWS\System32\Wbem;C:\WINDOWS\System32\WindowsPowerShell\v1.0\;C:\WINDOWS\System32\OpenSSH\;D:\MySQL\MySQL Server 8.0\bin;D:\Java\jdk\jdk-17\bin;D:\Java\apache-maven-3.9.6\bin;C:\Users\86201\AppData\Roaming\npm;C:\Program Files (x86)\NVIDIA Corporation\PhysX\Common;C:\Program Files\Docker\Docker\resources\bin;D:\golang\bin;D:\gradle\wrapper\dists\gradle-8.10.2\bin;D:\Java\node\;D:\Java\AndroidSdk\platform-tools;D:\tool\Git\cmd;C:\Program Files\PowerShell\7\;C:\Program Files\NVIDIA Corporation\NVIDIA App\NvDLISR;d:\cursor\resources\app\bin;C:\Users\86201\.cargo\bin;D:\Python\Python3.10.9\Scripts\;D:\Python\Python3.10.9\;D:\Python\Python3.11.1\Scripts\;D:\Python\Python3.11.1\;C:\Users\86201\AppData\Local\Microsoft\WindowsApps;C:\Users\86201\.dotnet\tools;C:\ProgramData\Anaconda3;C:\ProgramData\Anaconda3\Scripts;C:\ProgramData\Anaconda3\Library\bin;D:\tool\ffmpeg-2023-02-09-git-159b028df5-essentials_build\bin;D:\tool\phpstudy_pro\Extensions\MySQL5.7.26\bin;C:\Program Files\cpolar\;D:\PyCharm 2022.3.3\bin;;D:\texlive\2023\bin\windows;D:\Microsoft VS Code\bin;D:\Java\IntelliJ IDEA Community Edition 2023.3.2\bin;;D:\IntelliJ IDEA 2024.3.5\bin;;C:\Users\86201\go\bin;C:\Users\86201\AppData\Roaming\npm;D:\cursor\resources\app\bin
USERNAME=86201
OS=Windows_NT
PROCESSOR_IDENTIFIER=AMD64 Family 25 Model 80 Stepping 0, AuthenticAMD
TMP=C:\Users\86201\AppData\Local\Temp
TEMP=C:\Users\86201\AppData\Local\Temp




Periodic native trim disabled

JNI global refs:
JNI global refs: 0, weak refs: 0

JNI global refs memory usage: 0, weak refs: 0

Process memory usage:
Resident Set Size: 12024K (0% of 14528572K total physical memory with 364476K free physical memory)

OOME stack traces (most recent first):
Classloader memory used:

---------------  S Y S T E M  ---------------

OS:
 Windows 11 , 64 bit Build 22621 (10.0.22621.5262)
OS uptime: 0 days 11:16 hours

CPU: total 16 (initial active 16) (16 cores per cpu, 2 threads per core) family 25 model 80 stepping 0 microcode 0x0, cx8, cmov, fxsr, ht, mmx, 3dnowpref, sse, sse2, sse3, ssse3, sse4a, sse4.1, sse4.2, popcnt, lzcnt, tsc, tscinvbit, avx, avx2, aes, erms, clmul, bmi1, bmi2, adx, sha, fma, vzeroupper, clflush, clflushopt, rdtscp, rdpid, fsrm, f16c, pku, cet_ss
Processor Information for all 16 processors :
  Max Mhz: 3201, Current Mhz: 3201, Mhz Limit: 3201

Memory: 4k page, system-wide physical 14188M (355M free)
TotalPageFile size 32605M (AvailPageFile size 143M)
current process WorkingSet (physical memory assigned to process): 11M, peak: 11M
current process commit charge ("private bytes"): 70M, peak: 292M

vm_info: OpenJDK 64-Bit Server VM (21.0.5+-12932927-b750.29) for windows-amd64 JRE (21.0.5+-12932927-b750.29), built on 2025-01-17T02:01:10Z by "builder" with MS VC++ 16.10 / 16.11 (VS2019)

END.
